Mar  5 22:49:00 esisa sshd[16419]: Failed password for invalid user admin from 45.141.84.10 port 56709 ssh2
Mar  5 22:49:01 esisa sshd[16419]: pam_unix(sshd:auth): check pass; user unknown
Mar  5 22:49:01 esisa sshd[16423]: pam_unix(sshd:auth): authentication failure; logname= uid=0 euid=0 tty=ssh ruser= rhost=219.250.138.170  user=root
Mar  5 22:49:02 esisa sshd[16419]: Failed password for invalid user admin from 45.141.84.10 port 56709 ssh2
Mar  5 22:49:03 esisa sshd[16419]: pam_unix(sshd:auth): check pass; user unknown
Mar  5 22:49:03 esisa sshd[16423]: Failed password for root from 219.250.138.170 port 42054 ssh2
Mar  5 22:49:03 esisa sshd[16425]: Invalid user vnc from 167.71.234.157 port 47792
Mar  5 22:49:03 esisa sshd[16425]: input_userauth_request: invalid user vnc [preauth]
Mar  5 22:49:03 esisa sshd[16425]: pam_unix(sshd:auth): check pass; user unknown
Mar  5 22:49:03 esisa sshd[16425]: pam_unix(sshd:auth): authentication failure; logname= uid=0 euid=0 tty=ssh ruser= rhost=167.71.234.157
Mar  5 22:49:04 esisa sshd[16423]: Connection closed by 219.250.138.170 port 42054 [preauth]
Mar  5 22:49:05 esisa sshd[16419]: Failed password for invalid user admin from 45.141.84.10 port 56709 ssh2
Mar  5 22:49:05 esisa sshd[16419]: pam_unix(sshd:auth): check pass; user unknown
Mar  5 22:49:05 esisa sshd[16425]: Failed password for invalid user vnc from 167.71.234.157 port 47792 ssh2
Mar  5 22:49:05 esisa sshd[16425]: Received disconnect from 167.71.234.157 port 47792:11: Bye Bye [preauth]
Mar  5 22:49:05 esisa sshd[16425]: Disconnected from 167.71.234.157 port 47792 [preauth]
Mar  5 22:49:07 esisa sshd[16419]: Failed password for invalid user admin from 45.141.84.10 port 56709 ssh2
Mar  5 22:49:07 esisa sshd[16419]: error: maximum authentication attempts exceeded for invalid user admin from 45.141.84.10 port 56709 ssh2 [preauth]
Mar  5 22:49:07 esisa sshd[16419]: Disconnecting: Too many authentication failures [preauth]
Mar  5 22:49:07 esisa sshd[16419]: PAM 5 more authentication failures; logname= uid=0 euid=0 tty=ssh ruser= rhost=45.141.84.10
Mar  5 22:49:07 esisa sshd[16419]: PAM service(sshd) ignoring max retries; 6 > 3
Mar  5 22:49:09 esisa sshd[16427]: Invalid user admin from 45.141.84.10 port 2614
Mar  5 22:49:09 esisa sshd[16427]: input_userauth_request: invalid user admin [preauth]
Mar  5 22:49:09 esisa sshd[16427]: pam_unix(sshd:auth): check pass; user unknown
Mar  5 22:49:09 esisa sshd[16427]: pam_unix(sshd:auth): authentication failure; logname= uid=0 euid=0 tty=ssh ruser= rhost=45.141.84.10
Mar  5 22:49:11 esisa sshd[16427]: Failed password for invalid user admin from 45.141.84.10 port 2614 ssh2
Mar  5 22:49:11 esisa sshd[16427]: pam_unix(sshd:auth): check pass; user unknown
Mar  5 22:49:14 esisa sshd[16427]: Failed password for invalid user admin from 45.141.84.10 port 2614 ssh2
Mar  5 22:49:15 esisa sshd[16427]: pam_unix(sshd:auth): check pass; user unknown
Mar  5 22:49:16 esisa sshd[16427]: Failed password for invalid user admin from 45.141.84.10 port 2614 ssh2
Mar  5 22:49:16 esisa sshd[16427]: pam_unix(sshd:auth): check pass; user unknown
Mar  5 22:49:18 esisa sshd[16427]: Failed password for invalid user admin from 45.141.84.10 port 2614 ssh2
Mar  5 22:49:19 esisa sshd[16427]: pam_unix(sshd:auth): check pass; user unknown
Mar  5 22:49:20 esisa sshd[16429]: pam_unix(sshd:auth): authentication failure; logname= uid=0 euid=0 tty=ssh ruser= rhost=219.250.138.170  user=root
Mar  5 22:49:21 esisa sshd[16427]: Failed password for invalid user admin from 45.141.84.10 port 2614 ssh2
Mar  5 22:49:21 esisa sshd[16427]: pam_unix(sshd:auth): check pass; user unknown
Mar  5 22:49:21 esisa sshd[16429]: Failed password for root from 219.250.138.170 port 42060 ssh2
Mar  5 22:49:22 esisa sshd[16429]: Connection closed by 219.250.138.170 port 42060 [preauth]
Mar  5 22:49:23 esisa sshd[16427]: Failed password for invalid user admin from 45.141.84.10 port 2614 ssh2
Mar  5 22:49:23 esisa sshd[16427]: error: maximum authentication attempts exceeded for invalid user admin from 45.141.84.10 port 2614 ssh2 [preauth]
Mar  5 22:49:23 esisa sshd[16427]: Disconnecting: Too many authentication failures [preauth]
Mar  5 22:49:23 esisa sshd[16427]: PAM 5 more authentication failures; logname= uid=0 euid=0 tty=ssh ruser= rhost=45.141.84.10
Mar  5 22:49:23 esisa sshd[16427]: PAM service(sshd) ignoring max retries; 6 > 3
Mar  5 22:49:24 esisa sshd[16432]: pam_unix(sshd:auth): authentication failure; logname= uid=0 euid=0 tty=ssh ruser= rhost=2.56.57.187  user=root
Mar  5 22:49:27 esisa sshd[16432]: Failed password for root from 2.56.57.187 port 38852 ssh2
Mar  5 22:49:27 esisa sshd[16432]: Received disconnect from 2.56.57.187 port 38852:11: Normal Shutdown, Thank you for playing [preauth]
Mar  5 22:49:27 esisa sshd[16432]: Disconnected from 2.56.57.187 port 38852 [preauth]
Mar  5 22:49:28 esisa sshd[16431]: Invalid user admin from 45.141.84.10 port 29555
Mar  5 22:49:28 esisa sshd[16431]: input_userauth_request: invalid user admin [preauth]
Mar  5 22:49:29 esisa sshd[16431]: pam_unix(sshd:auth): check pass; user unknown
Mar  5 22:49:29 esisa sshd[16431]: pam_unix(sshd:auth): authentication failure; logname= uid=0 euid=0 tty=ssh ruser= rhost=45.141.84.10
Mar  5 22:49:30 esisa sshd[16435]: Invalid user monitor from 143.110.148.132 port 51150
Mar  5 22:49:30 esisa sshd[16435]: input_userauth_request: invalid user monitor [preauth]
Mar  5 22:49:30 esisa sshd[16435]: pam_unix(sshd:auth): check pass; user unknown
Mar  5 22:49:30 esisa sshd[16435]: pam_unix(sshd:auth): authentication failure; logname= uid=0 euid=0 tty=ssh ruser= rhost=143.110.148.132
Mar  5 22:49:31 esisa sshd[16431]: Failed password for invalid user admin from 45.141.84.10 port 29555 ssh2
Mar  5 22:49:31 esisa sshd[16431]: pam_unix(sshd:auth): check pass; user unknown
Mar  5 22:49:31 esisa sshd[16437]: Invalid user postgres from 137.184.198.82 port 58840
Mar  5 22:49:31 esisa sshd[16437]: input_userauth_request: invalid user postgres [preauth]
Mar  5 22:49:31 esisa sshd[16437]: pam_unix(sshd:auth): check pass; user unknown
Mar  5 22:49:31 esisa sshd[16437]: pam_unix(sshd:auth): authentication failure; logname= uid=0 euid=0 tty=ssh ruser= rhost=137.184.198.82
Mar  5 22:49:32 esisa sshd[16435]: Failed password for invalid user monitor from 143.110.148.132 port 51150 ssh2
Mar  5 22:49:32 esisa sshd[16435]: Received disconnect from 143.110.148.132 port 51150:11: Bye Bye [preauth]
Mar  5 22:49:32 esisa sshd[16435]: Disconnected from 143.110.148.132 port 51150 [preauth]
Mar  5 22:49:33 esisa sshd[16431]: Failed password for invalid user admin from 45.141.84.10 port 29555 ssh2
Mar  5 22:49:33 esisa sshd[16437]: Failed password for invalid user postgres from 137.184.198.82 port 58840 ssh2
Mar  5 22:49:33 esisa sshd[16437]: Received disconnect from 137.184.198.82 port 58840:11: Bye Bye [preauth]
Mar  5 22:49:33 esisa sshd[16437]: Disconnected from 137.184.198.82 port 58840 [preauth]
Mar  5 22:49:33 esisa sshd[16431]: pam_unix(sshd:auth): check pass; user unknown
Mar  5 22:49:35 esisa sshd[16431]: Failed password for invalid user admin from 45.141.84.10 port 29555 ssh2
Mar  5 22:49:35 esisa sshd[16431]: pam_unix(sshd:auth): check pass; user unknown
Mar  5 22:49:38 esisa sshd[16439]: pam_unix(sshd:auth): authentication failure; logname= uid=0 euid=0 tty=ssh ruser= rhost=219.250.138.170  user=root
Mar  5 22:49:38 esisa sshd[16431]: Failed password for invalid user admin from 45.141.84.10 port 29555 ssh2
Mar  5 22:49:38 esisa sshd[16431]: pam_unix(sshd:auth): check pass; user unknown
Mar  5 22:49:39 esisa sshd[16439]: Failed password for root from 219.250.138.170 port 42078 ssh2
Mar  5 22:49:39 esisa sshd[16439]: Connection closed by 219.250.138.170 port 42078 [preauth]
Mar  5 22:49:40 esisa sshd[16431]: Failed password for invalid user admin from 45.141.84.10 port 29555 ssh2
Mar  5 22:49:40 esisa sshd[16431]: pam_unix(sshd:auth): check pass; user unknown
Mar  5 22:49:41 esisa sshd[16452]: pam_unix(sshd:auth): authentication failure; logname= uid=0 euid=0 tty=ssh ruser= rhost=219.250.138.170  user=root
Mar  5 22:49:42 esisa sshd[16431]: Failed password for invalid user admin from 45.141.84.10 port 29555 ssh2
Mar  5 22:49:42 esisa sshd[16431]: error: maximum authentication attempts exceeded for invalid user admin from 45.141.84.10 port 29555 ssh2 [preauth]
Mar  5 22:49:42 esisa sshd[16431]: Disconnecting: Too many authentication failures [preauth]
Mar  5 22:49:42 esisa sshd[16431]: PAM 5 more authentication failures; logname= uid=0 euid=0 tty=ssh ruser= rhost=45.141.84.10
Mar  5 22:49:42 esisa sshd[16431]: PAM service(sshd) ignoring max retries; 6 > 3
Mar  5 22:49:43 esisa sshd[16452]: Failed password for root from 219.250.138.170 port 42082 ssh2
Mar  5 22:49:43 esisa sshd[16452]: Connection closed by 219.250.138.170 port 42082 [preauth]
Mar  5 22:49:45 esisa sshd[16454]: pam_unix(sshd:auth): authentication failure; logname= uid=0 euid=0 tty=ssh ruser= rhost=219.250.138.170  user=root
Mar  5 22:49:46 esisa sshd[16454]: Failed password for root from 219.250.138.170 port 42088 ssh2
Mar  5 22:49:49 esisa sshd[16454]: Connection closed by 219.250.138.170 port 42088 [preauth]
Mar  5 22:49:49 esisa sshd[16456]: Invalid user admin from 45.141.84.10 port 21519
Mar  5 22:49:49 esisa sshd[16456]: input_userauth_request: invalid user admin [preauth]
Mar  5 22:49:49 esisa sshd[16458]: pam_unix(sshd:auth): authentication failure; logname= uid=0 euid=0 tty=ssh ruser= rhost=219.250.138.170  user=root
Mar  5 22:49:49 esisa sshd[16456]: pam_unix(sshd:auth): check pass; user unknown
Mar  5 22:49:49 esisa sshd[16456]: pam_unix(sshd:auth): authentication failure; logname= uid=0 euid=0 tty=ssh ruser= rhost=45.141.84.10
Mar  5 22:49:51 esisa sshd[16458]: Failed password for root from 219.250.138.170 port 42092 ssh2
Mar  5 22:49:51 esisa sshd[16456]: Failed password for invalid user admin from 45.141.84.10 port 21519 ssh2
Mar  5 22:49:51 esisa sshd[16458]: Connection closed by 219.250.138.170 port 42092 [preauth]
Mar  5 22:49:51 esisa sshd[16456]: pam_unix(sshd:auth): check pass; user unknown
Mar  5 22:49:51 esisa sshd[16460]: Invalid user michelle from 113.120.37.35 port 57392
Mar  5 22:49:51 esisa sshd[16460]: input_userauth_request: invalid user michelle [preauth]
Mar  5 22:49:51 esisa sshd[16460]: pam_unix(sshd:auth): check pass; user unknown
Mar  5 22:49:51 esisa sshd[16460]: pam_unix(sshd:auth): authentication failure; logname= uid=0 euid=0 tty=ssh ruser= rhost=113.120.37.35
Mar  5 22:49:53 esisa sshd[16462]: pam_unix(sshd:auth): authentication failure; logname= uid=0 euid=0 tty=ssh ruser= rhost=219.250.138.170  user=root
Mar  5 22:49:53 esisa sshd[16456]: Failed password for invalid user admin from 45.141.84.10 port 21519 ssh2
Mar  5 22:49:53 esisa sshd[16460]: Failed password for invalid user michelle from 113.120.37.35 port 57392 ssh2
Mar  5 22:49:53 esisa sshd[16456]: pam_unix(sshd:auth): check pass; user unknown
Mar  5 22:49:54 esisa sshd[16460]: Received disconnect from 113.120.37.35 port 57392:11: Bye Bye [preauth]
Mar  5 22:49:54 esisa sshd[16460]: Disconnected from 113.120.37.35 port 57392 [preauth]
Mar  5 22:49:54 esisa sshd[16462]: Failed password for root from 219.250.138.170 port 42094 ssh2
Mar  5 22:49:55 esisa sshd[16456]: Failed password for invalid user admin from 45.141.84.10 port 21519 ssh2
Mar  5 22:49:55 esisa sshd[16456]: pam_unix(sshd:auth): check pass; user unknown
Mar  5 22:49:56 esisa sshd[16462]: Connection closed by 219.250.138.170 port 42094 [preauth]
Mar  5 22:49:57 esisa sshd[16456]: Failed password for invalid user admin from 45.141.84.10 port 21519 ssh2
Mar  5 22:49:57 esisa sshd[16456]: pam_unix(sshd:auth): check pass; user unknown
Mar  5 22:49:59 esisa sshd[16456]: Failed password for invalid user admin from 45.141.84.10 port 21519 ssh2
Mar  5 22:49:59 esisa sshd[16464]: Invalid user sg from 43.155.80.148 port 35998
Mar  5 22:49:59 esisa sshd[16464]: input_userauth_request: invalid user sg [preauth]
Mar  5 22:49:59 esisa sshd[16464]: pam_unix(sshd:auth): check pass; user unknown
Mar  5 22:49:59 esisa sshd[16464]: pam_unix(sshd:auth): authentication failure; logname= uid=0 euid=0 tty=ssh ruser= rhost=43.155.80.148
Mar  5 22:49:59 esisa sshd[16456]: pam_unix(sshd:auth): check pass; user unknown
Mar  5 22:50:01 esisa sshd[16464]: Failed password for invalid user sg from 43.155.80.148 port 35998 ssh2
Mar  5 22:50:01 esisa sshd[16456]: Failed password for invalid user admin from 45.141.84.10 port 21519 ssh2
Mar  5 22:50:01 esisa sshd[16456]: error: maximum authentication attempts exceeded for invalid user admin from 45.141.84.10 port 21519 ssh2 [preauth]
Mar  5 22:50:01 esisa sshd[16456]: Disconnecting: Too many authentication failures [preauth]
Mar  5 22:50:01 esisa sshd[16456]: PAM 5 more authentication failures; logname= uid=0 euid=0 tty=ssh ruser= rhost=45.141.84.10
Mar  5 22:50:01 esisa sshd[16456]: PAM service(sshd) ignoring max retries; 6 > 3
Mar  5 22:50:01 esisa sshd[16464]: Received disconnect from 43.155.80.148 port 35998:11: Bye Bye [preauth]
Mar  5 22:50:01 esisa sshd[16464]: Disconnected from 43.155.80.148 port 35998 [preauth]
Mar  5 22:50:03 esisa sshd[16473]: pam_unix(sshd:auth): authentication failure; logname= uid=0 euid=0 tty=ssh ruser= rhost=219.250.138.170  user=root
Mar  5 22:50:05 esisa sshd[16473]: Failed password for root from 219.250.138.170 port 42096 ssh2
Mar  5 22:50:05 esisa sshd[16473]: Connection closed by 219.250.138.170 port 42096 [preauth]
Mar  5 22:50:06 esisa sshd[16475]: Invalid user admin from 45.141.84.10 port 54411
Mar  5 22:50:06 esisa sshd[16475]: input_userauth_request: invalid user admin [preauth]
Mar  5 22:50:07 esisa sshd[16475]: pam_unix(sshd:auth): check pass; user unknown
Mar  5 22:50:07 esisa sshd[16475]: pam_unix(sshd:auth): authentication failure; logname= uid=0 euid=0 tty=ssh ruser= rhost=45.141.84.10
Mar  5 22:50:08 esisa sshd[16475]: Failed password for invalid user admin from 45.141.84.10 port 54411 ssh2
Mar  5 22:50:08 esisa sshd[16477]: pam_unix(sshd:auth): authentication failure; logname= uid=0 euid=0 tty=ssh ruser= rhost=219.250.138.170  user=root
Mar  5 22:50:09 esisa sshd[16475]: pam_unix(sshd:auth): check pass; user unknown
Mar  5 22:50:10 esisa sshd[16477]: Failed password for root from 219.250.138.170 port 42110 ssh2
Mar  5 22:50:10 esisa sshd[16477]: Connection closed by 219.250.138.170 port 42110 [preauth]
Mar  5 22:50:10 esisa sshd[16475]: Failed password for invalid user admin from 45.141.84.10 port 54411 ssh2
Mar  5 22:50:10 esisa sshd[16475]: pam_unix(sshd:auth): check pass; user unknown
Mar  5 22:50:11 esisa sshd[16479]: pam_unix(sshd:auth): authentication failure; logname= uid=0 euid=0 tty=ssh ruser= rhost=219.250.138.170  user=root
Mar  5 22:50:13 esisa sshd[16475]: Failed password for invalid user admin from 45.141.84.10 port 54411 ssh2
Mar  5 22:50:14 esisa sshd[16479]: Failed password for root from 219.250.138.170 port 42116 ssh2
Mar  5 22:50:14 esisa sshd[16475]: pam_unix(sshd:auth): check pass; user unknown
Mar  5 22:50:14 esisa sshd[16479]: Connection closed by 219.250.138.170 port 42116 [preauth]
Mar  5 22:50:15 esisa sshd[16475]: Failed password for invalid user admin from 45.141.84.10 port 54411 ssh2
Mar  5 22:50:16 esisa sshd[16483]: pam_unix(sshd:auth): authentication failure; logname= uid=0 euid=0 tty=ssh ruser= rhost=219.250.138.170  user=root
Mar  5 22:50:16 esisa sshd[16481]: Invalid user ufs from 167.71.234.157 port 36906
Mar  5 22:50:16 esisa sshd[16481]: input_userauth_request: invalid user ufs [preauth]
Mar  5 22:50:16 esisa sshd[16481]: pam_unix(sshd:auth): check pass; user unknown
Mar  5 22:50:16 esisa sshd[16481]: pam_unix(sshd:auth): authentication failure; logname= uid=0 euid=0 tty=ssh ruser= rhost=167.71.234.157
Mar  5 22:50:16 esisa sshd[16475]: pam_unix(sshd:auth): check pass; user unknown
Mar  5 22:50:17 esisa sshd[16483]: Failed password for root from 219.250.138.170 port 42122 ssh2
Mar  5 22:50:17 esisa sshd[16481]: Failed password for invalid user ufs from 167.71.234.157 port 36906 ssh2
Mar  5 22:50:18 esisa sshd[16483]: Connection closed by 219.250.138.170 port 42122 [preauth]
Mar  5 22:50:18 esisa sshd[16481]: Received disconnect from 167.71.234.157 port 36906:11: Bye Bye [preauth]
Mar  5 22:50:18 esisa sshd[16481]: Disconnected from 167.71.234.157 port 36906 [preauth]
Mar  5 22:50:18 esisa sshd[16475]: Failed password for invalid user admin from 45.141.84.10 port 54411 ssh2
Mar  5 22:50:19 esisa sshd[16475]: pam_unix(sshd:auth): check pass; user unknown
Mar  5 22:50:20 esisa sshd[16475]: Failed password for invalid user admin from 45.141.84.10 port 54411 ssh2
Mar  5 22:50:20 esisa sshd[16475]: error: maximum authentication attempts exceeded for invalid user admin from 45.141.84.10 port 54411 ssh2 [preauth]
Mar  5 22:50:20 esisa sshd[16475]: Disconnecting: Too many authentication failures [preauth]
Mar  5 22:50:20 esisa sshd[16475]: PAM 5 more authentication failures; logname= uid=0 euid=0 tty=ssh ruser= rhost=45.141.84.10
Mar  5 22:50:20 esisa sshd[16475]: PAM service(sshd) ignoring max retries; 6 > 3
Mar  5 22:50:20 esisa sshd[16485]: pam_unix(sshd:auth): authentication failure; logname= uid=0 euid=0 tty=ssh ruser= rhost=219.250.138.170  user=root
Mar  5 22:50:21 esisa sshd[16487]: Invalid user admin from 45.141.84.10 port 20302
Mar  5 22:50:21 esisa sshd[16487]: input_userauth_request: invalid user admin [preauth]
Mar  5 22:50:22 esisa sshd[16487]: pam_unix(sshd:auth): check pass; user unknown
Mar  5 22:50:22 esisa sshd[16487]: pam_unix(sshd:auth): authentication failure; logname= uid=0 euid=0 tty=ssh ruser= rhost=45.141.84.10
Mar  5 22:50:22 esisa sshd[16485]: Failed password for root from 219.250.138.170 port 42130 ssh2
Mar  5 22:50:22 esisa sshd[16485]: Connection closed by 219.250.138.170 port 42130 [preauth]
Mar  5 22:50:24 esisa sshd[16489]: pam_unix(sshd:auth): authentication failure; logname= uid=0 euid=0 tty=ssh ruser= rhost=219.250.138.170  user=root
Mar  5 22:50:24 esisa sshd[16487]: Failed password for invalid user admin from 45.141.84.10 port 20302 ssh2
Mar  5 22:50:24 esisa sshd[16487]: pam_unix(sshd:auth): check pass; user unknown
Mar  5 22:50:26 esisa sshd[16489]: Failed password for root from 219.250.138.170 port 42132 ssh2
Mar  5 22:50:27 esisa sshd[16487]: Failed password for invalid user admin from 45.141.84.10 port 20302 ssh2
Mar  5 22:50:27 esisa sshd[16487]: pam_unix(sshd:auth): check pass; user unknown
Mar  5 22:50:28 esisa sshd[16487]: Failed password for invalid user admin from 45.141.84.10 port 20302 ssh2
Mar  5 22:50:29 esisa sshd[16491]: pam_unix(sshd:auth): authentication failure; logname= uid=0 euid=0 tty=ssh ruser= rhost=219.250.138.170  user=root
Mar  5 22:50:29 esisa sshd[16487]: pam_unix(sshd:auth): check pass; user unknown
Mar  5 22:50:31 esisa sshd[16491]: Failed password for root from 219.250.138.170 port 42138 ssh2
Mar  5 22:50:31 esisa sshd[16489]: Connection closed by 219.250.138.170 port 42132 [preauth]
Mar  5 22:50:31 esisa sshd[16491]: Connection closed by 219.250.138.170 port 42138 [preauth]
Mar  5 22:50:31 esisa sshd[16487]: Failed password for invalid user admin from 45.141.84.10 port 20302 ssh2
Mar  5 22:50:31 esisa sshd[16487]: pam_unix(sshd:auth): check pass; user unknown
Mar  5 22:50:33 esisa sshd[16493]: pam_unix(sshd:auth): authentication failure; logname= uid=0 euid=0 tty=ssh ruser= rhost=219.250.138.170  user=root
Mar  5 22:50:33 esisa sshd[16487]: Failed password for invalid user admin from 45.141.84.10 port 20302 ssh2
Mar  5 22:50:33 esisa sshd[16487]: pam_unix(sshd:auth): check pass; user unknown
Mar  5 22:50:34 esisa sshd[16495]: Invalid user neel from 143.110.148.132 port 40482
Mar  5 22:50:34 esisa sshd[16495]: input_userauth_request: invalid user neel [preauth]
Mar  5 22:50:34 esisa sshd[16495]: pam_unix(sshd:auth): check pass; user unknown
Mar  5 22:50:34 esisa sshd[16495]: pam_unix(sshd:auth): authentication failure; logname= uid=0 euid=0 tty=ssh ruser= rhost=143.110.148.132
Mar  5 22:50:34 esisa sshd[16493]: Failed password for root from 219.250.138.170 port 42142 ssh2
Mar  5 22:50:34 esisa sshd[16493]: Connection closed by 219.250.138.170 port 42142 [preauth]
Mar  5 22:50:35 esisa sshd[16487]: Failed password for invalid user admin from 45.141.84.10 port 20302 ssh2
Mar  5 22:50:35 esisa sshd[16487]: error: maximum authentication attempts exceeded for invalid user admin from 45.141.84.10 port 20302 ssh2 [preauth]
Mar  5 22:50:35 esisa sshd[16487]: Disconnecting: Too many authentication failures [preauth]
Mar  5 22:50:35 esisa sshd[16487]: PAM 5 more authentication failures; logname= uid=0 euid=0 tty=ssh ruser= rhost=45.141.84.10
Mar  5 22:50:35 esisa sshd[16487]: PAM service(sshd) ignoring max retries; 6 > 3
Mar  5 22:50:36 esisa sshd[16495]: Failed password for invalid user neel from 143.110.148.132 port 40482 ssh2
Mar  5 22:50:36 esisa sshd[16497]: pam_unix(sshd:auth): authentication failure; logname= uid=0 euid=0 tty=ssh ruser= rhost=219.250.138.170  user=root
Mar  5 22:50:36 esisa sshd[16495]: Received disconnect from 143.110.148.132 port 40482:11: Bye Bye [preauth]
Mar  5 22:50:36 esisa sshd[16495]: Disconnected from 143.110.148.132 port 40482 [preauth]
Mar  5 22:50:38 esisa sshd[16497]: Failed password for root from 219.250.138.170 port 42144 ssh2
Mar  5 22:50:38 esisa sshd[16497]: Connection closed by 219.250.138.170 port 42144 [preauth]
Mar  5 22:50:40 esisa sshd[16501]: pam_unix(sshd:auth): authentication failure; logname= uid=0 euid=0 tty=ssh ruser= rhost=219.250.138.170  user=root
Mar  5 22:50:41 esisa sshd[16499]: Invalid user admin from 45.141.84.10 port 18774
Mar  5 22:50:41 esisa sshd[16499]: input_userauth_request: invalid user admin [preauth]
Mar  5 22:50:41 esisa sshd[16499]: pam_unix(sshd:auth): check pass; user unknown
Mar  5 22:50:41 esisa sshd[16499]: pam_unix(sshd:auth): authentication failure; logname= uid=0 euid=0 tty=ssh ruser= rhost=45.141.84.10
Mar  5 22:50:42 esisa sshd[16501]: Failed password for root from 219.250.138.170 port 42146 ssh2
Mar  5 22:50:42 esisa sshd[16501]: Connection closed by 219.250.138.170 port 42146 [preauth]
Mar  5 22:50:43 esisa sshd[16499]: Failed password for invalid user admin from 45.141.84.10 port 18774 ssh2
Mar  5 22:50:43 esisa sshd[16503]: pam_unix(sshd:auth): authentication failure; logname= uid=0 euid=0 tty=ssh ruser= rhost=219.250.138.170  user=root
Mar  5 22:50:44 esisa sshd[16499]: pam_unix(sshd:auth): check pass; user unknown
Mar  5 22:50:45 esisa sshd[16505]: pam_unix(sshd:auth): authentication failure; logname= uid=0 euid=0 tty=ssh ruser= rhost=2.56.57.187  user=root
Mar  5 22:50:45 esisa sshd[16503]: Failed password for root from 219.250.138.170 port 42148 ssh2
Mar  5 22:50:45 esisa sshd[16503]: Connection closed by 219.250.138.170 port 42148 [preauth]
Mar  5 22:50:46 esisa sshd[16499]: Failed password for invalid user admin from 45.141.84.10 port 18774 ssh2
Mar  5 22:50:47 esisa sshd[16505]: Failed password for root from 2.56.57.187 port 56476 ssh2
Mar  5 22:50:47 esisa sshd[16505]: Received disconnect from 2.56.57.187 port 56476:11: Normal Shutdown, Thank you for playing [preauth]
Mar  5 22:50:47 esisa sshd[16505]: Disconnected from 2.56.57.187 port 56476 [preauth]
Mar  5 22:50:47 esisa sshd[16499]: pam_unix(sshd:auth): check pass; user unknown
Mar  5 22:50:47 esisa sshd[16507]: pam_unix(sshd:auth): authentication failure; logname= uid=0 euid=0 tty=ssh ruser= rhost=219.250.138.170  user=root
Mar  5 22:50:49 esisa sshd[16499]: Failed password for invalid user admin from 45.141.84.10 port 18774 ssh2
Mar  5 22:50:49 esisa sshd[16507]: Failed password for root from 219.250.138.170 port 42154 ssh2
Mar  5 22:50:49 esisa sshd[16507]: Connection closed by 219.250.138.170 port 42154 [preauth]
Mar  5 22:50:50 esisa sshd[16499]: pam_unix(sshd:auth): check pass; user unknown
Mar  5 22:50:51 esisa sshd[16509]: pam_unix(sshd:auth): authentication failure; logname= uid=0 euid=0 tty=ssh ruser= rhost=219.250.138.170  user=root
Mar  5 22:50:51 esisa sshd[16499]: Failed password for invalid user admin from 45.141.84.10 port 18774 ssh2
Mar  5 22:50:52 esisa sshd[16499]: pam_unix(sshd:auth): check pass; user unknown
Mar  5 22:50:52 esisa sshd[16509]: Failed password for root from 219.250.138.170 port 42158 ssh2
Mar  5 22:50:52 esisa sshd[16509]: Connection closed by 219.250.138.170 port 42158 [preauth]
Mar  5 22:50:53 esisa sshd[16499]: Failed password for invalid user admin from 45.141.84.10 port 18774 ssh2
Mar  5 22:50:54 esisa sshd[16512]: pam_unix(sshd:auth): authentication failure; logname= uid=0 euid=0 tty=ssh ruser= rhost=219.250.138.170  user=root
Mar  5 22:50:54 esisa sshd[16499]: pam_unix(sshd:auth): check pass; user unknown
Mar  5 22:50:54 esisa sshd[16511]: Invalid user camille from 137.184.198.82 port 48670
Mar  5 22:50:54 esisa sshd[16511]: input_userauth_request: invalid user camille [preauth]
Mar  5 22:50:54 esisa sshd[16511]: pam_unix(sshd:auth): check pass; user unknown
Mar  5 22:50:54 esisa sshd[16511]: pam_unix(sshd:auth): authentication failure; logname= uid=0 euid=0 tty=ssh ruser= rhost=137.184.198.82
Mar  5 22:50:56 esisa sshd[16512]: Failed password for root from 219.250.138.170 port 42164 ssh2
Mar  5 22:50:56 esisa sshd[16499]: Failed password for invalid user admin from 45.141.84.10 port 18774 ssh2
Mar  5 22:50:56 esisa sshd[16499]: error: maximum authentication attempts exceeded for invalid user admin from 45.141.84.10 port 18774 ssh2 [preauth]
Mar  5 22:50:56 esisa sshd[16499]: Disconnecting: Too many authentication failures [preauth]
Mar  5 22:50:56 esisa sshd[16499]: PAM 5 more authentication failures; logname= uid=0 euid=0 tty=ssh ruser= rhost=45.141.84.10
Mar  5 22:50:56 esisa sshd[16499]: PAM service(sshd) ignoring max retries; 6 > 3
Mar  5 22:50:56 esisa sshd[16511]: Failed password for invalid user camille from 137.184.198.82 port 48670 ssh2
Mar  5 22:50:57 esisa sshd[16511]: Received disconnect from 137.184.198.82 port 48670:11: Bye Bye [preauth]
Mar  5 22:50:57 esisa sshd[16511]: Disconnected from 137.184.198.82 port 48670 [preauth]
Mar  5 22:50:58 esisa sshd[16512]: Connection closed by 219.250.138.170 port 42164 [preauth]
Mar  5 22:50:58 esisa sshd[16515]: pam_unix(sshd:auth): authentication failure; logname= uid=0 euid=0 tty=ssh ruser= rhost=92.255.85.237  user=root
Mar  5 22:51:00 esisa sshd[16515]: Failed password for root from 92.255.85.237 port 29512 ssh2
Mar  5 22:51:00 esisa sshd[16515]: Received disconnect from 92.255.85.237 port 29512:11: Bye Bye [preauth]
Mar  5 22:51:00 esisa sshd[16515]: Disconnected from 92.255.85.237 port 29512 [preauth]
Mar  5 22:51:01 esisa sshd[16519]: pam_unix(sshd:auth): authentication failure; logname= uid=0 euid=0 tty=ssh ruser= rhost=219.250.138.170  user=root
Mar  5 22:51:02 esisa sshd[16517]: Invalid user admin from 45.141.84.10 port 50316
Mar  5 22:51:02 esisa sshd[16517]: input_userauth_request: invalid user admin [preauth]
Mar  5 22:51:02 esisa sshd[16517]: pam_unix(sshd:auth): check pass; user unknown
Mar  5 22:51:02 esisa sshd[16517]: pam_unix(sshd:auth): authentication failure; logname= uid=0 euid=0 tty=ssh ruser= rhost=45.141.84.10
Mar  5 22:51:03 esisa sshd[16519]: Failed password for root from 219.250.138.170 port 42168 ssh2
Mar  5 22:51:03 esisa sshd[16519]: Connection closed by 219.250.138.170 port 42168 [preauth]
Mar  5 22:51:04 esisa sshd[16517]: Failed password for invalid user admin from 45.141.84.10 port 50316 ssh2
Mar  5 22:51:04 esisa sshd[16517]: pam_unix(sshd:auth): check pass; user unknown
Mar  5 22:51:05 esisa sshd[16521]: pam_unix(sshd:auth): authentication failure; logname= uid=0 euid=0 tty=ssh ruser= rhost=219.250.138.170  user=root
Mar  5 22:51:06 esisa sshd[16517]: Failed password for invalid user admin from 45.141.84.10 port 50316 ssh2
Mar  5 22:51:07 esisa sshd[16517]: pam_unix(sshd:auth): check pass; user unknown
Mar  5 22:51:07 esisa sshd[16523]: Invalid user point from 43.155.80.148 port 53346
Mar  5 22:51:07 esisa sshd[16523]: input_userauth_request: invalid user point [preauth]
Mar  5 22:51:07 esisa sshd[16523]: pam_unix(sshd:auth): check pass; user unknown
Mar  5 22:51:07 esisa sshd[16523]: pam_unix(sshd:auth): authentication failure; logname= uid=0 euid=0 tty=ssh ruser= rhost=43.155.80.148
Mar  5 22:51:07 esisa sshd[16521]: Failed password for root from 219.250.138.170 port 42174 ssh2
Mar  5 22:51:07 esisa sshd[16521]: Connection closed by 219.250.138.170 port 42174 [preauth]
Mar  5 22:51:09 esisa sshd[16517]: Failed password for invalid user admin from 45.141.84.10 port 50316 ssh2
Mar  5 22:51:09 esisa sshd[16523]: Failed password for invalid user point from 43.155.80.148 port 53346 ssh2
Mar  5 22:51:09 esisa sshd[16525]: pam_unix(sshd:auth): authentication failure; logname= uid=0 euid=0 tty=ssh ruser= rhost=219.250.138.170  user=root
Mar  5 22:51:09 esisa sshd[16523]: Received disconnect from 43.155.80.148 port 53346:11: Bye Bye [preauth]
Mar  5 22:51:09 esisa sshd[16523]: Disconnected from 43.155.80.148 port 53346 [preauth]
Mar  5 22:51:09 esisa sshd[16517]: pam_unix(sshd:auth): check pass; user unknown
Mar  5 22:51:11 esisa sshd[16525]: Failed password for root from 219.250.138.170 port 42176 ssh2
Mar  5 22:51:11 esisa sshd[16525]: Connection closed by 219.250.138.170 port 42176 [preauth]
Mar  5 22:51:11 esisa sshd[16517]: Failed password for invalid user admin from 45.141.84.10 port 50316 ssh2
Mar  5 22:51:11 esisa sshd[16517]: pam_unix(sshd:auth): check pass; user unknown
Mar  5 22:51:13 esisa sshd[16527]: pam_unix(sshd:auth): authentication failure; logname= uid=0 euid=0 tty=ssh ruser= rhost=219.250.138.170  user=root
Mar  5 22:51:13 esisa sshd[16517]: Failed password for invalid user admin from 45.141.84.10 port 50316 ssh2
Mar  5 22:51:14 esisa sshd[16527]: Failed password for root from 219.250.138.170 port 42182 ssh2
Mar  5 22:51:14 esisa sshd[16517]: pam_unix(sshd:auth): check pass; user unknown
Mar  5 22:51:14 esisa sshd[16527]: Connection closed by 219.250.138.170 port 42182 [preauth]
Mar  5 22:51:16 esisa sshd[16517]: Failed password for invalid user admin from 45.141.84.10 port 50316 ssh2
Mar  5 22:51:16 esisa sshd[16517]: error: maximum authentication attempts exceeded for invalid user admin from 45.141.84.10 port 50316 ssh2 [preauth]
Mar  5 22:51:16 esisa sshd[16517]: Disconnecting: Too many authentication failures [preauth]
Mar  5 22:51:16 esisa sshd[16517]: PAM 5 more authentication failures; logname= uid=0 euid=0 tty=ssh ruser= rhost=45.141.84.10
Mar  5 22:51:16 esisa sshd[16517]: PAM service(sshd) ignoring max retries; 6 > 3
Mar  5 22:51:16 esisa sshd[16529]: pam_unix(sshd:auth): authentication failure; logname= uid=0 euid=0 tty=ssh ruser= rhost=219.250.138.170  user=root
Mar  5 22:51:17 esisa sshd[16533]: Invalid user admin from 45.141.84.10 port 62205
Mar  5 22:51:17 esisa sshd[16533]: input_userauth_request: invalid user admin [preauth]
Mar  5 22:51:18 esisa sshd[16533]: pam_unix(sshd:auth): check pass; user unknown
Mar  5 22:51:18 esisa sshd[16533]: pam_unix(sshd:auth): authentication failure; logname= uid=0 euid=0 tty=ssh ruser= rhost=45.141.84.10
Mar  5 22:51:18 esisa sshd[16529]: Failed password for root from 219.250.138.170 port 42184 ssh2
Mar  5 22:51:18 esisa sshd[16531]: Invalid user ftpuser from 113.120.37.35 port 47474
Mar  5 22:51:18 esisa sshd[16531]: input_userauth_request: invalid user ftpuser [preauth]
Mar  5 22:51:18 esisa sshd[16531]: pam_unix(sshd:auth): check pass; user unknown
Mar  5 22:51:18 esisa sshd[16531]: pam_unix(sshd:auth): authentication failure; logname= uid=0 euid=0 tty=ssh ruser= rhost=113.120.37.35
Mar  5 22:51:19 esisa sshd[16529]: Connection closed by 219.250.138.170 port 42184 [preauth]
Mar  5 22:51:20 esisa sshd[16533]: Failed password for invalid user admin from 45.141.84.10 port 62205 ssh2
Mar  5 22:51:20 esisa sshd[16535]: pam_unix(sshd:auth): authentication failure; logname= uid=0 euid=0 tty=ssh ruser= rhost=219.250.138.170  user=root
Mar  5 22:51:21 esisa sshd[16531]: Failed password for invalid user ftpuser from 113.120.37.35 port 47474 ssh2
Mar  5 22:51:21 esisa sshd[16533]: pam_unix(sshd:auth): check pass; user unknown
Mar  5 22:51:22 esisa sshd[16535]: Failed password for root from 219.250.138.170 port 42188 ssh2
Mar  5 22:51:22 esisa sshd[16531]: Received disconnect from 113.120.37.35 port 47474:11: Bye Bye [preauth]
Mar  5 22:51:22 esisa sshd[16531]: Disconnected from 113.120.37.35 port 47474 [preauth]
Mar  5 22:51:22 esisa sshd[16535]: Connection closed by 219.250.138.170 port 42188 [preauth]
Mar  5 22:51:23 esisa sshd[16533]: Failed password for invalid user admin from 45.141.84.10 port 62205 ssh2
Mar  5 22:51:23 esisa sshd[16533]: pam_unix(sshd:auth): check pass; user unknown
Mar  5 22:51:24 esisa sshd[16537]: pam_unix(sshd:auth): authentication failure; logname= uid=0 euid=0 tty=ssh ruser= rhost=219.250.138.170  user=root
Mar  5 22:51:25 esisa sshd[16533]: Failed password for invalid user admin from 45.141.84.10 port 62205 ssh2
Mar  5 22:51:25 esisa sshd[16533]: pam_unix(sshd:auth): check pass; user unknown
Mar  5 22:51:26 esisa sshd[16537]: Failed password for root from 219.250.138.170 port 42192 ssh2
Mar  5 22:51:27 esisa sshd[16533]: Failed password for invalid user admin from 45.141.84.10 port 62205 ssh2
Mar  5 22:51:27 esisa sshd[16537]: Connection closed by 219.250.138.170 port 42192 [preauth]
Mar  5 22:51:27 esisa sshd[16533]: pam_unix(sshd:auth): check pass; user unknown
Mar  5 22:51:29 esisa sshd[16533]: Failed password for invalid user admin from 45.141.84.10 port 62205 ssh2
Mar  5 22:51:29 esisa sshd[16533]: pam_unix(sshd:auth): check pass; user unknown
Mar  5 22:51:30 esisa sshd[16539]: Invalid user lei from 167.71.234.157 port 54246
Mar  5 22:51:30 esisa sshd[16539]: input_userauth_request: invalid user lei [preauth]
Mar  5 22:51:30 esisa sshd[16539]: pam_unix(sshd:auth): check pass; user unknown
Mar  5 22:51:30 esisa sshd[16539]: pam_unix(sshd:auth): authentication failure; logname= uid=0 euid=0 tty=ssh ruser= rhost=167.71.234.157
Mar  5 22:51:31 esisa sshd[16541]: pam_unix(sshd:auth): authentication failure; logname= uid=0 euid=0 tty=ssh ruser= rhost=219.250.138.170  user=root
Mar  5 22:51:31 esisa sshd[16533]: Failed password for invalid user admin from 45.141.84.10 port 62205 ssh2
Mar  5 22:51:31 esisa sshd[16533]: error: maximum authentication attempts exceeded for invalid user admin from 45.141.84.10 port 62205 ssh2 [preauth]
Mar  5 22:51:31 esisa sshd[16533]: Disconnecting: Too many authentication failures [preauth]
Mar  5 22:51:31 esisa sshd[16533]: PAM 5 more authentication failures; logname= uid=0 euid=0 tty=ssh ruser= rhost=45.141.84.10
Mar  5 22:51:31 esisa sshd[16533]: PAM service(sshd) ignoring max retries; 6 > 3
Mar  5 22:51:32 esisa sshd[16539]: Failed password for invalid user lei from 167.71.234.157 port 54246 ssh2
Mar  5 22:51:32 esisa sshd[16539]: Received disconnect from 167.71.234.157 port 54246:11: Bye Bye [preauth]
Mar  5 22:51:32 esisa sshd[16539]: Disconnected from 167.71.234.157 port 54246 [preauth]
Mar  5 22:51:33 esisa sshd[16541]: Failed password for root from 219.250.138.170 port 42198 ssh2
Mar  5 22:51:33 esisa sshd[16541]: Connection closed by 219.250.138.170 port 42198 [preauth]
Mar  5 22:51:34 esisa sshd[16543]: Invalid user admin from 45.141.84.10 port 44003
Mar  5 22:51:34 esisa sshd[16543]: input_userauth_request: invalid user admin [preauth]
Mar  5 22:51:35 esisa sshd[16543]: pam_unix(sshd:auth): check pass; user unknown
Mar  5 22:51:35 esisa sshd[16543]: pam_unix(sshd:auth): authentication failure; logname= uid=0 euid=0 tty=ssh ruser= rhost=45.141.84.10
Mar  5 22:51:35 esisa sshd[16545]: pam_unix(sshd:auth): authentication failure; logname= uid=0 euid=0 tty=ssh ruser= rhost=219.250.138.170  user=root
Mar  5 22:51:37 esisa sshd[16543]: Failed password for invalid user admin from 45.141.84.10 port 44003 ssh2
Mar  5 22:51:37 esisa sshd[16543]: pam_unix(sshd:auth): check pass; user unknown
Mar  5 22:51:37 esisa sshd[16545]: Failed password for root from 219.250.138.170 port 42204 ssh2
Mar  5 22:51:37 esisa sshd[16545]: Connection closed by 219.250.138.170 port 42204 [preauth]
Mar  5 22:51:38 esisa sshd[16543]: Failed password for invalid user admin from 45.141.84.10 port 44003 ssh2
Mar  5 22:51:39 esisa sshd[16543]: pam_unix(sshd:auth): check pass; user unknown
Mar  5 22:51:39 esisa sshd[16547]: pam_unix(sshd:auth): authentication failure; logname= uid=0 euid=0 tty=ssh ruser= rhost=219.250.138.170  user=root
Mar  5 22:51:40 esisa sshd[16549]: Invalid user oracle from 143.110.148.132 port 58046
Mar  5 22:51:40 esisa sshd[16549]: input_userauth_request: invalid user oracle [preauth]
Mar  5 22:51:40 esisa sshd[16549]: pam_unix(sshd:auth): check pass; user unknown
Mar  5 22:51:40 esisa sshd[16549]: pam_unix(sshd:auth): authentication failure; logname= uid=0 euid=0 tty=ssh ruser= rhost=143.110.148.132
Mar  5 22:51:41 esisa sshd[16543]: Failed password for invalid user admin from 45.141.84.10 port 44003 ssh2
Mar  5 22:51:41 esisa sshd[16543]: pam_unix(sshd:auth): check pass; user unknown
Mar  5 22:51:41 esisa sshd[16547]: Failed password for root from 219.250.138.170 port 42208 ssh2
Mar  5 22:51:42 esisa sshd[16549]: Failed password for invalid user oracle from 143.110.148.132 port 58046 ssh2
Mar  5 22:51:42 esisa sshd[16549]: Received disconnect from 143.110.148.132 port 58046:11: Bye Bye [preauth]
Mar  5 22:51:42 esisa sshd[16549]: Disconnected from 143.110.148.132 port 58046 [preauth]
Mar  5 22:51:43 esisa sshd[16547]: Connection closed by 219.250.138.170 port 42208 [preauth]
Mar  5 22:51:43 esisa sshd[16543]: Failed password for invalid user admin from 45.141.84.10 port 44003 ssh2
Mar  5 22:51:43 esisa sshd[16543]: pam_unix(sshd:auth): check pass; user unknown
Mar  5 22:51:45 esisa sshd[16543]: Failed password for invalid user admin from 45.141.84.10 port 44003 ssh2
Mar  5 22:51:45 esisa sshd[16543]: pam_unix(sshd:auth): check pass; user unknown
Mar  5 22:51:46 esisa sshd[16551]: pam_unix(sshd:auth): authentication failure; logname= uid=0 euid=0 tty=ssh ruser= rhost=219.250.138.170  user=root
Mar  5 22:51:47 esisa sshd[16543]: Failed password for invalid user admin from 45.141.84.10 port 44003 ssh2
Mar  5 22:51:47 esisa sshd[16543]: error: maximum authentication attempts exceeded for invalid user admin from 45.141.84.10 port 44003 ssh2 [preauth]
Mar  5 22:51:47 esisa sshd[16543]: Disconnecting: Too many authentication failures [preauth]
Mar  5 22:51:47 esisa sshd[16543]: PAM 5 more authentication failures; logname= uid=0 euid=0 tty=ssh ruser= rhost=45.141.84.10
Mar  5 22:51:47 esisa sshd[16543]: PAM service(sshd) ignoring max retries; 6 > 3
Mar  5 22:51:48 esisa sshd[16551]: Failed password for root from 219.250.138.170 port 42218 ssh2
Mar  5 22:51:48 esisa sshd[16551]: Connection closed by 219.250.138.170 port 42218 [preauth]
Mar  5 22:51:49 esisa sshd[16554]: pam_unix(sshd:auth): authentication failure; logname= uid=0 euid=0 tty=ssh ruser= rhost=219.250.138.170  user=root
Mar  5 22:51:51 esisa sshd[16553]: Invalid user admin from 45.141.84.10 port 32231
Mar  5 22:51:51 esisa sshd[16553]: input_userauth_request: invalid user admin [preauth]
Mar  5 22:51:51 esisa sshd[16554]: Failed password for root from 219.250.138.170 port 42224 ssh2
Mar  5 22:51:52 esisa sshd[16553]: pam_unix(sshd:auth): check pass; user unknown
Mar  5 22:51:52 esisa sshd[16553]: pam_unix(sshd:auth): authentication failure; logname= uid=0 euid=0 tty=ssh ruser= rhost=45.141.84.10
Mar  5 22:51:52 esisa sshd[16554]: Connection closed by 219.250.138.170 port 42224 [preauth]
Mar  5 22:51:54 esisa sshd[16553]: Failed password for invalid user admin from 45.141.84.10 port 32231 ssh2
Mar  5 22:51:54 esisa sshd[16553]: pam_unix(sshd:auth): check pass; user unknown
Mar  5 22:51:54 esisa sshd[16557]: pam_unix(sshd:auth): authentication failure; logname= uid=0 euid=0 tty=ssh ruser= rhost=219.250.138.170  user=root
Mar  5 22:51:56 esisa sshd[16559]: pam_unix(sshd:auth): authentication failure; logname= uid=0 euid=0 tty=ssh ruser= rhost=61.177.172.60  user=root
Mar  5 22:51:56 esisa sshd[16553]: Failed password for invalid user admin from 45.141.84.10 port 32231 ssh2
Mar  5 22:51:56 esisa sshd[16557]: Failed password for root from 219.250.138.170 port 42230 ssh2
Mar  5 22:51:57 esisa sshd[16553]: pam_unix(sshd:auth): check pass; user unknown
Mar  5 22:51:57 esisa sshd[16557]: Connection closed by 219.250.138.170 port 42230 [preauth]
Mar  5 22:51:58 esisa sshd[16559]: Failed password for root from 61.177.172.60 port 38424 ssh2
Mar  5 22:51:59 esisa sshd[16553]: Failed password for invalid user admin from 45.141.84.10 port 32231 ssh2
Mar  5 22:51:59 esisa sshd[16553]: pam_unix(sshd:auth): check pass; user unknown
Mar  5 22:52:01 esisa sshd[16559]: Failed password for root from 61.177.172.60 port 38424 ssh2
Mar  5 22:52:01 esisa sshd[16553]: Failed password for invalid user admin from 45.141.84.10 port 32231 ssh2
Mar  5 22:52:02 esisa sshd[16553]: pam_unix(sshd:auth): check pass; user unknown
Mar  5 22:52:04 esisa sshd[16553]: Failed password for invalid user admin from 45.141.84.10 port 32231 ssh2
Mar  5 22:52:05 esisa sshd[16559]: Failed password for root from 61.177.172.60 port 38424 ssh2
Mar  5 22:52:05 esisa sshd[16553]: pam_unix(sshd:auth): check pass; user unknown
Mar  5 22:52:06 esisa sshd[16561]: pam_unix(sshd:auth): authentication failure; logname= uid=0 euid=0 tty=ssh ruser= rhost=219.250.138.170  user=root
Mar  5 22:52:07 esisa sshd[16563]: pam_unix(sshd:auth): authentication failure; logname= uid=0 euid=0 tty=ssh ruser= rhost=2.56.57.187  user=root
Mar  5 22:52:07 esisa sshd[16553]: Failed password for invalid user admin from 45.141.84.10 port 32231 ssh2
Mar  5 22:52:07 esisa sshd[16553]: error: maximum authentication attempts exceeded for invalid user admin from 45.141.84.10 port 32231 ssh2 [preauth]
Mar  5 22:52:07 esisa sshd[16553]: Disconnecting: Too many authentication failures [preauth]
Mar  5 22:52:07 esisa sshd[16553]: PAM 5 more authentication failures; logname= uid=0 euid=0 tty=ssh ruser= rhost=45.141.84.10
Mar  5 22:52:07 esisa sshd[16553]: PAM service(sshd) ignoring max retries; 6 > 3
Mar  5 22:52:08 esisa sshd[16561]: Failed password for root from 219.250.138.170 port 42238 ssh2
Mar  5 22:52:08 esisa sshd[16563]: Failed password for root from 2.56.57.187 port 45846 ssh2
Mar  5 22:52:08 esisa sshd[16563]: Received disconnect from 2.56.57.187 port 45846:11: Normal Shutdown, Thank you for playing [preauth]
Mar  5 22:52:08 esisa sshd[16563]: Disconnected from 2.56.57.187 port 45846 [preauth]
Mar  5 22:52:08 esisa sshd[16561]: Connection closed by 219.250.138.170 port 42238 [preauth]
Mar  5 22:52:09 esisa sshd[16559]: Failed password for root from 61.177.172.60 port 38424 ssh2
Mar  5 22:52:10 esisa sshd[16567]: pam_unix(sshd:auth): authentication failure; logname= uid=0 euid=0 tty=ssh ruser= rhost=219.250.138.170  user=root
Mar  5 22:52:11 esisa sshd[16565]: Invalid user admin from 45.141.84.10 port 52339
Mar  5 22:52:11 esisa sshd[16565]: input_userauth_request: invalid user admin [preauth]
Mar  5 22:52:11 esisa sshd[16565]: pam_unix(sshd:auth): check pass; user unknown
Mar  5 22:52:11 esisa sshd[16565]: pam_unix(sshd:auth): authentication failure; logname= uid=0 euid=0 tty=ssh ruser= rhost=45.141.84.10
Mar  5 22:52:12 esisa sshd[16559]: Failed password for root from 61.177.172.60 port 38424 ssh2
Mar  5 22:52:12 esisa sshd[16559]: error: maximum authentication attempts exceeded for root from 61.177.172.60 port 38424 ssh2 [preauth]
Mar  5 22:52:12 esisa sshd[16559]: Disconnecting: Too many authentication failures [preauth]
Mar  5 22:52:12 esisa sshd[16559]: PAM 4 more authentication failures; logname= uid=0 euid=0 tty=ssh ruser= rhost=61.177.172.60  user=root
Mar  5 22:52:12 esisa sshd[16559]: PAM service(sshd) ignoring max retries; 5 > 3
Mar  5 22:52:12 esisa sshd[16567]: Failed password for root from 219.250.138.170 port 42250 ssh2
Mar  5 22:52:12 esisa sshd[16567]: Connection closed by 219.250.138.170 port 42250 [preauth]
Mar  5 22:52:13 esisa sshd[16565]: Failed password for invalid user admin from 45.141.84.10 port 52339 ssh2
Mar  5 22:52:14 esisa sshd[16565]: pam_unix(sshd:auth): check pass; user unknown
Mar  5 22:52:16 esisa sshd[16565]: Failed password for invalid user admin from 45.141.84.10 port 52339 ssh2
Mar  5 22:52:16 esisa sshd[16565]: pam_unix(sshd:auth): check pass; user unknown
Mar  5 22:52:17 esisa sshd[16569]: pam_unix(sshd:auth): authentication failure; logname= uid=0 euid=0 tty=ssh ruser= rhost=61.177.172.60  user=root
Mar  5 22:52:17 esisa sshd[16571]: Invalid user solms from 43.155.80.148 port 42462
Mar  5 22:52:17 esisa sshd[16571]: input_userauth_request: invalid user solms [preauth]
Mar  5 22:52:17 esisa sshd[16571]: pam_unix(sshd:auth): check pass; user unknown
Mar  5 22:52:17 esisa sshd[16571]: pam_unix(sshd:auth): authentication failure; logname= uid=0 euid=0 tty=ssh ruser= rhost=43.155.80.148
Mar  5 22:52:18 esisa sshd[16565]: Failed password for invalid user admin from 45.141.84.10 port 52339 ssh2
Mar  5 22:52:18 esisa sshd[16565]: pam_unix(sshd:auth): check pass; user unknown
Mar  5 22:52:19 esisa sshd[16569]: Failed password for root from 61.177.172.60 port 30544 ssh2
Mar  5 22:52:19 esisa sshd[16571]: Failed password for invalid user solms from 43.155.80.148 port 42462 ssh2
Mar  5 22:52:19 esisa sshd[16573]: Invalid user oracle from 137.184.198.82 port 38502
Mar  5 22:52:19 esisa sshd[16573]: input_userauth_request: invalid user oracle [preauth]
Mar  5 22:52:19 esisa sshd[16573]: pam_unix(sshd:auth): check pass; user unknown
Mar  5 22:52:19 esisa sshd[16573]: pam_unix(sshd:auth): authentication failure; logname= uid=0 euid=0 tty=ssh ruser= rhost=137.184.198.82
Mar  5 22:52:19 esisa sshd[16571]: Received disconnect from 43.155.80.148 port 42462:11: Bye Bye [preauth]
Mar  5 22:52:19 esisa sshd[16571]: Disconnected from 43.155.80.148 port 42462 [preauth]
Mar  5 22:52:21 esisa sshd[16573]: Failed password for invalid user oracle from 137.184.198.82 port 38502 ssh2
Mar  5 22:52:21 esisa sshd[16565]: Failed password for invalid user admin from 45.141.84.10 port 52339 ssh2
Mar  5 22:52:21 esisa sshd[16573]: Received disconnect from 137.184.198.82 port 38502:11: Bye Bye [preauth]
Mar  5 22:52:21 esisa sshd[16573]: Disconnected from 137.184.198.82 port 38502 [preauth]
Mar  5 22:52:21 esisa sshd[16575]: pam_unix(sshd:auth): authentication failure; logname= uid=0 euid=0 tty=ssh ruser= rhost=219.250.138.170  user=root
Mar  5 22:52:22 esisa sshd[16565]: pam_unix(sshd:auth): check pass; user unknown
Mar  5 22:52:22 esisa sshd[16569]: Failed password for root from 61.177.172.60 port 30544 ssh2
Mar  5 22:52:23 esisa sshd[16575]: Failed password for root from 219.250.138.170 port 42252 ssh2
Mar  5 22:52:24 esisa sshd[16565]: Failed password for invalid user admin from 45.141.84.10 port 52339 ssh2
Mar  5 22:52:24 esisa sshd[16565]: pam_unix(sshd:auth): check pass; user unknown
Mar  5 22:52:24 esisa sshd[16575]: Connection closed by 219.250.138.170 port 42252 [preauth]
Mar  5 22:52:25 esisa sshd[16577]: pam_unix(sshd:auth): authentication failure; logname= uid=0 euid=0 tty=ssh ruser= rhost=219.250.138.170  user=root
Mar  5 22:52:26 esisa sshd[16569]: Failed password for root from 61.177.172.60 port 30544 ssh2
Mar  5 22:52:26 esisa sshd[16565]: Failed password for invalid user admin from 45.141.84.10 port 52339 ssh2
Mar  5 22:52:26 esisa sshd[16565]: error: maximum authentication attempts exceeded for invalid user admin from 45.141.84.10 port 52339 ssh2 [preauth]
Mar  5 22:52:26 esisa sshd[16565]: Disconnecting: Too many authentication failures [preauth]
Mar  5 22:52:26 esisa sshd[16565]: PAM 5 more authentication failures; logname= uid=0 euid=0 tty=ssh ruser= rhost=45.141.84.10
Mar  5 22:52:26 esisa sshd[16565]: PAM service(sshd) ignoring max retries; 6 > 3
Mar  5 22:52:27 esisa sshd[16577]: Failed password for root from 219.250.138.170 port 42258 ssh2
Mar  5 22:52:28 esisa sshd[16577]: Connection closed by 219.250.138.170 port 42258 [preauth]
Mar  5 22:52:29 esisa sshd[16569]: Failed password for root from 61.177.172.60 port 30544 ssh2
Mar  5 22:52:29 esisa sshd[16580]: pam_unix(sshd:auth): authentication failure; logname= uid=0 euid=0 tty=ssh ruser= rhost=219.250.138.170  user=root
Mar  5 22:52:29 esisa sshd[16579]: Invalid user admin from 45.141.84.10 port 30640
Mar  5 22:52:29 esisa sshd[16579]: input_userauth_request: invalid user admin [preauth]
Mar  5 22:52:29 esisa sshd[16579]: pam_unix(sshd:auth): check pass; user unknown
Mar  5 22:52:29 esisa sshd[16579]: pam_unix(sshd:auth): authentication failure; logname= uid=0 euid=0 tty=ssh ruser= rhost=45.141.84.10
Mar  5 22:52:31 esisa sshd[16580]: Failed password for root from 219.250.138.170 port 42262 ssh2
Mar  5 22:52:32 esisa sshd[16579]: Failed password for invalid user admin from 45.141.84.10 port 30640 ssh2
Mar  5 22:52:32 esisa sshd[16580]: Connection closed by 219.250.138.170 port 42262 [preauth]
Mar  5 22:52:32 esisa sshd[16579]: pam_unix(sshd:auth): check pass; user unknown
Mar  5 22:52:32 esisa sshd[16569]: Failed password for root from 61.177.172.60 port 30544 ssh2
Mar  5 22:52:33 esisa sshd[16583]: pam_unix(sshd:auth): authentication failure; logname= uid=0 euid=0 tty=ssh ruser= rhost=219.250.138.170  user=root
Mar  5 22:52:34 esisa sshd[16579]: Failed password for invalid user admin from 45.141.84.10 port 30640 ssh2
Mar  5 22:52:34 esisa sshd[16579]: pam_unix(sshd:auth): check pass; user unknown
Mar  5 22:52:35 esisa sshd[16583]: Failed password for root from 219.250.138.170 port 42268 ssh2
Mar  5 22:52:36 esisa sshd[16583]: Connection closed by 219.250.138.170 port 42268 [preauth]
Mar  5 22:52:36 esisa sshd[16569]: Failed password for root from 61.177.172.60 port 30544 ssh2
Mar  5 22:52:36 esisa sshd[16569]: error: maximum authentication attempts exceeded for root from 61.177.172.60 port 30544 ssh2 [preauth]
Mar  5 22:52:36 esisa sshd[16569]: Disconnecting: Too many authentication failures [preauth]
