Mar  5 22:40:56 esisa sshd[16097]: Failed password for invalid user balu from 143.110.148.132 port 51852 ssh2
Mar  5 22:40:56 esisa sshd[16097]: Received disconnect from 143.110.148.132 port 51852:11: Bye Bye [preauth]
Mar  5 22:40:56 esisa sshd[16097]: Disconnected from 143.110.148.132 port 51852 [preauth]
Mar  5 22:40:56 esisa sshd[16099]: Failed password for root from 219.250.138.170 port 41558 ssh2
Mar  5 22:40:56 esisa sshd[16095]: Failed password for invalid user admin from 45.141.84.10 port 64422 ssh2
Mar  5 22:40:57 esisa sshd[16099]: Connection closed by 219.250.138.170 port 41558 [preauth]
Mar  5 22:40:57 esisa sshd[16095]: pam_unix(sshd:auth): check pass; user unknown
Mar  5 22:41:00 esisa sshd[16095]: Failed password for invalid user admin from 45.141.84.10 port 64422 ssh2
Mar  5 22:41:00 esisa sshd[16095]: pam_unix(sshd:auth): check pass; user unknown
Mar  5 22:41:01 esisa sshd[16101]: pam_unix(sshd:auth): authentication failure; logname= uid=0 euid=0 tty=ssh ruser= rhost=219.250.138.170  user=root
Mar  5 22:41:03 esisa sshd[16095]: Failed password for invalid user admin from 45.141.84.10 port 64422 ssh2
Mar  5 22:41:03 esisa sshd[16103]: Invalid user test from 137.184.198.82 port 35150
Mar  5 22:41:03 esisa sshd[16103]: input_userauth_request: invalid user test [preauth]
Mar  5 22:41:03 esisa sshd[16103]: pam_unix(sshd:auth): check pass; user unknown
Mar  5 22:41:03 esisa sshd[16103]: pam_unix(sshd:auth): authentication failure; logname= uid=0 euid=0 tty=ssh ruser= rhost=137.184.198.82
Mar  5 22:41:03 esisa sshd[16095]: pam_unix(sshd:auth): check pass; user unknown
Mar  5 22:41:03 esisa sshd[16101]: Failed password for root from 219.250.138.170 port 41566 ssh2
Mar  5 22:41:05 esisa sshd[16103]: Failed password for invalid user test from 137.184.198.82 port 35150 ssh2
Mar  5 22:41:05 esisa sshd[16101]: Connection closed by 219.250.138.170 port 41566 [preauth]
Mar  5 22:41:05 esisa sshd[16103]: Received disconnect from 137.184.198.82 port 35150:11: Bye Bye [preauth]
Mar  5 22:41:05 esisa sshd[16103]: Disconnected from 137.184.198.82 port 35150 [preauth]
Mar  5 22:41:05 esisa sshd[16095]: Failed password for invalid user admin from 45.141.84.10 port 64422 ssh2
Mar  5 22:41:06 esisa sshd[16095]: pam_unix(sshd:auth): check pass; user unknown
Mar  5 22:41:08 esisa sshd[16095]: Failed password for invalid user admin from 45.141.84.10 port 64422 ssh2
Mar  5 22:41:08 esisa sshd[16095]: error: maximum authentication attempts exceeded for invalid user admin from 45.141.84.10 port 64422 ssh2 [preauth]
Mar  5 22:41:08 esisa sshd[16095]: Disconnecting: Too many authentication failures [preauth]
Mar  5 22:41:08 esisa sshd[16095]: PAM 5 more authentication failures; logname= uid=0 euid=0 tty=ssh ruser= rhost=45.141.84.10
Mar  5 22:41:08 esisa sshd[16095]: PAM service(sshd) ignoring max retries; 6 > 3
Mar  5 22:41:09 esisa sshd[16105]: Invalid user admin from 45.141.84.10 port 63444
Mar  5 22:41:09 esisa sshd[16105]: input_userauth_request: invalid user admin [preauth]
Mar  5 22:41:10 esisa sshd[16105]: pam_unix(sshd:auth): check pass; user unknown
Mar  5 22:41:10 esisa sshd[16105]: pam_unix(sshd:auth): authentication failure; logname= uid=0 euid=0 tty=ssh ruser= rhost=45.141.84.10
Mar  5 22:41:12 esisa sshd[16105]: Failed password for invalid user admin from 45.141.84.10 port 63444 ssh2
Mar  5 22:41:12 esisa sshd[16105]: pam_unix(sshd:auth): check pass; user unknown
Mar  5 22:41:13 esisa sshd[16107]: pam_unix(sshd:auth): authentication failure; logname= uid=0 euid=0 tty=ssh ruser= rhost=113.120.37.35  user=root
Mar  5 22:41:15 esisa sshd[16105]: Failed password for invalid user admin from 45.141.84.10 port 63444 ssh2
Mar  5 22:41:15 esisa sshd[16107]: Failed password for root from 113.120.37.35 port 60434 ssh2
Mar  5 22:41:15 esisa sshd[16107]: Received disconnect from 113.120.37.35 port 60434:11: Bye Bye [preauth]
Mar  5 22:41:15 esisa sshd[16107]: Disconnected from 113.120.37.35 port 60434 [preauth]
Mar  5 22:41:16 esisa sshd[16105]: pam_unix(sshd:auth): check pass; user unknown
Mar  5 22:41:19 esisa sshd[16105]: Failed password for invalid user admin from 45.141.84.10 port 63444 ssh2
Mar  5 22:41:19 esisa sshd[16105]: pam_unix(sshd:auth): check pass; user unknown
Mar  5 22:41:20 esisa sshd[16109]: pam_unix(sshd:auth): authentication failure; logname= uid=0 euid=0 tty=ssh ruser= rhost=219.250.138.170  user=root
Mar  5 22:41:21 esisa sshd[16105]: Failed password for invalid user admin from 45.141.84.10 port 63444 ssh2
Mar  5 22:41:21 esisa sshd[16105]: pam_unix(sshd:auth): check pass; user unknown
Mar  5 22:41:22 esisa sshd[16109]: Failed password for root from 219.250.138.170 port 41578 ssh2
Mar  5 22:41:22 esisa sshd[16109]: Connection closed by 219.250.138.170 port 41578 [preauth]
Mar  5 22:41:23 esisa sshd[16111]: Invalid user tom from 167.71.234.157 port 56652
Mar  5 22:41:23 esisa sshd[16111]: input_userauth_request: invalid user tom [preauth]
Mar  5 22:41:23 esisa sshd[16111]: pam_unix(sshd:auth): check pass; user unknown
Mar  5 22:41:23 esisa sshd[16111]: pam_unix(sshd:auth): authentication failure; logname= uid=0 euid=0 tty=ssh ruser= rhost=167.71.234.157
Mar  5 22:41:23 esisa sshd[16105]: Failed password for invalid user admin from 45.141.84.10 port 63444 ssh2
Mar  5 22:41:23 esisa sshd[16105]: Disconnecting: Change of username or service not allowed: (admin,ssh-connection) -> (Admin,ssh-connection) [preauth]
Mar  5 22:41:23 esisa sshd[16105]: PAM 4 more authentication failures; logname= uid=0 euid=0 tty=ssh ruser= rhost=45.141.84.10
Mar  5 22:41:23 esisa sshd[16105]: PAM service(sshd) ignoring max retries; 5 > 3
Mar  5 22:41:24 esisa sshd[16113]: pam_unix(sshd:auth): authentication failure; logname= uid=0 euid=0 tty=ssh ruser= rhost=219.250.138.170  user=root
Mar  5 22:41:25 esisa sshd[16111]: Failed password for invalid user tom from 167.71.234.157 port 56652 ssh2
Mar  5 22:41:26 esisa sshd[16115]: Invalid user jacob from 43.155.80.148 port 55706
Mar  5 22:41:26 esisa sshd[16115]: input_userauth_request: invalid user jacob [preauth]
Mar  5 22:41:26 esisa sshd[16115]: pam_unix(sshd:auth): check pass; user unknown
Mar  5 22:41:26 esisa sshd[16115]: pam_unix(sshd:auth): authentication failure; logname= uid=0 euid=0 tty=ssh ruser= rhost=43.155.80.148
Mar  5 22:41:26 esisa sshd[16111]: Received disconnect from 167.71.234.157 port 56652:11: Bye Bye [preauth]
Mar  5 22:41:26 esisa sshd[16111]: Disconnected from 167.71.234.157 port 56652 [preauth]
Mar  5 22:41:26 esisa sshd[16113]: Failed password for root from 219.250.138.170 port 41586 ssh2
Mar  5 22:41:26 esisa sshd[16113]: Connection closed by 219.250.138.170 port 41586 [preauth]
Mar  5 22:41:28 esisa sshd[16115]: Failed password for invalid user jacob from 43.155.80.148 port 55706 ssh2
Mar  5 22:41:28 esisa sshd[16117]: Invalid user Admin from 45.141.84.10 port 56735
Mar  5 22:41:28 esisa sshd[16117]: input_userauth_request: invalid user Admin [preauth]
Mar  5 22:41:28 esisa sshd[16115]: Received disconnect from 43.155.80.148 port 55706:11: Bye Bye [preauth]
Mar  5 22:41:28 esisa sshd[16115]: Disconnected from 43.155.80.148 port 55706 [preauth]
Mar  5 22:41:28 esisa sshd[16119]: pam_unix(sshd:auth): authentication failure; logname= uid=0 euid=0 tty=ssh ruser= rhost=219.250.138.170  user=root
Mar  5 22:41:28 esisa sshd[16117]: pam_unix(sshd:auth): check pass; user unknown
Mar  5 22:41:28 esisa sshd[16117]: pam_unix(sshd:auth): authentication failure; logname= uid=0 euid=0 tty=ssh ruser= rhost=45.141.84.10
Mar  5 22:41:31 esisa sshd[16119]: Failed password for root from 219.250.138.170 port 41590 ssh2
Mar  5 22:41:31 esisa sshd[16117]: Failed password for invalid user Admin from 45.141.84.10 port 56735 ssh2
Mar  5 22:41:31 esisa sshd[16119]: Connection closed by 219.250.138.170 port 41590 [preauth]
Mar  5 22:41:31 esisa sshd[16117]: Disconnecting: Change of username or service not allowed: (Admin,ssh-connection) -> (admin,ssh-connection) [preauth]
Mar  5 22:41:32 esisa sshd[16121]: pam_unix(sshd:auth): authentication failure; logname= uid=0 euid=0 tty=ssh ruser= rhost=219.250.138.170  user=root
Mar  5 22:41:34 esisa sshd[16121]: Failed password for root from 219.250.138.170 port 41594 ssh2
Mar  5 22:41:34 esisa sshd[16121]: Connection closed by 219.250.138.170 port 41594 [preauth]
Mar  5 22:41:36 esisa sshd[16123]: Invalid user admin from 45.141.84.10 port 26181
Mar  5 22:41:36 esisa sshd[16123]: input_userauth_request: invalid user admin [preauth]
Mar  5 22:41:36 esisa sshd[16125]: pam_unix(sshd:auth): authentication failure; logname= uid=0 euid=0 tty=ssh ruser= rhost=219.250.138.170  user=root
Mar  5 22:41:36 esisa sshd[16123]: pam_unix(sshd:auth): check pass; user unknown
Mar  5 22:41:36 esisa sshd[16123]: pam_unix(sshd:auth): authentication failure; logname= uid=0 euid=0 tty=ssh ruser= rhost=45.141.84.10
Mar  5 22:41:37 esisa sshd[16127]: pam_unix(sshd:auth): authentication failure; logname= uid=0 euid=0 tty=ssh ruser= rhost=2.56.57.187  user=root
Mar  5 22:41:38 esisa sshd[16125]: Failed password for root from 219.250.138.170 port 41598 ssh2
Mar  5 22:41:38 esisa sshd[16125]: Connection closed by 219.250.138.170 port 41598 [preauth]
Mar  5 22:41:38 esisa sshd[16123]: Failed password for invalid user admin from 45.141.84.10 port 26181 ssh2
Mar  5 22:41:38 esisa sshd[16123]: pam_unix(sshd:auth): check pass; user unknown
Mar  5 22:41:39 esisa sshd[16127]: Failed password for root from 2.56.57.187 port 45994 ssh2
Mar  5 22:41:39 esisa sshd[16127]: Received disconnect from 2.56.57.187 port 45994:11: Normal Shutdown, Thank you for playing [preauth]
Mar  5 22:41:39 esisa sshd[16127]: Disconnected from 2.56.57.187 port 45994 [preauth]
Mar  5 22:41:40 esisa sshd[16129]: pam_unix(sshd:auth): authentication failure; logname= uid=0 euid=0 tty=ssh ruser= rhost=219.250.138.170  user=root
Mar  5 22:41:40 esisa sshd[16123]: Failed password for invalid user admin from 45.141.84.10 port 26181 ssh2
Mar  5 22:41:42 esisa sshd[16123]: pam_unix(sshd:auth): check pass; user unknown
Mar  5 22:41:42 esisa sshd[16129]: Failed password for root from 219.250.138.170 port 41602 ssh2
Mar  5 22:41:42 esisa sshd[16129]: Connection closed by 219.250.138.170 port 41602 [preauth]
Mar  5 22:41:44 esisa sshd[16123]: Failed password for invalid user admin from 45.141.84.10 port 26181 ssh2
Mar  5 22:41:44 esisa sshd[16131]: pam_unix(sshd:auth): authentication failure; logname= uid=0 euid=0 tty=ssh ruser= rhost=219.250.138.170  user=root
Mar  5 22:41:45 esisa sshd[16123]: pam_unix(sshd:auth): check pass; user unknown
Mar  5 22:41:46 esisa sshd[16131]: Failed password for root from 219.250.138.170 port 41604 ssh2
Mar  5 22:41:46 esisa sshd[16123]: Failed password for invalid user admin from 45.141.84.10 port 26181 ssh2
Mar  5 22:41:47 esisa sshd[16131]: Connection closed by 219.250.138.170 port 41604 [preauth]
Mar  5 22:41:47 esisa sshd[16123]: pam_unix(sshd:auth): check pass; user unknown
Mar  5 22:41:50 esisa sshd[16123]: Failed password for invalid user admin from 45.141.84.10 port 26181 ssh2
Mar  5 22:41:50 esisa sshd[16123]: pam_unix(sshd:auth): check pass; user unknown
Mar  5 22:41:51 esisa sshd[16123]: Failed password for invalid user admin from 45.141.84.10 port 26181 ssh2
Mar  5 22:41:51 esisa sshd[16123]: error: maximum authentication attempts exceeded for invalid user admin from 45.141.84.10 port 26181 ssh2 [preauth]
Mar  5 22:41:51 esisa sshd[16123]: Disconnecting: Too many authentication failures [preauth]
Mar  5 22:41:51 esisa sshd[16123]: PAM 5 more authentication failures; logname= uid=0 euid=0 tty=ssh ruser= rhost=45.141.84.10
Mar  5 22:41:51 esisa sshd[16123]: PAM service(sshd) ignoring max retries; 6 > 3
Mar  5 22:41:54 esisa sshd[16140]: Invalid user admin from 45.141.84.10 port 52773
Mar  5 22:41:54 esisa sshd[16140]: input_userauth_request: invalid user admin [preauth]
Mar  5 22:41:55 esisa sshd[16142]: pam_unix(sshd:auth): authentication failure; logname= uid=0 euid=0 tty=ssh ruser= rhost=219.250.138.170  user=root
Mar  5 22:41:55 esisa sshd[16140]: pam_unix(sshd:auth): check pass; user unknown
Mar  5 22:41:55 esisa sshd[16140]: pam_unix(sshd:auth): authentication failure; logname= uid=0 euid=0 tty=ssh ruser= rhost=45.141.84.10
Mar  5 22:41:56 esisa sshd[16142]: Failed password for root from 219.250.138.170 port 41606 ssh2
Mar  5 22:41:56 esisa sshd[16140]: Failed password for invalid user admin from 45.141.84.10 port 52773 ssh2
Mar  5 22:41:56 esisa sshd[16140]: pam_unix(sshd:auth): check pass; user unknown
Mar  5 22:41:57 esisa sshd[16142]: Connection closed by 219.250.138.170 port 41606 [preauth]
Mar  5 22:41:58 esisa sshd[16140]: Failed password for invalid user admin from 45.141.84.10 port 52773 ssh2
Mar  5 22:41:58 esisa sshd[16144]: pam_unix(sshd:auth): authentication failure; logname= uid=0 euid=0 tty=ssh ruser= rhost=219.250.138.170  user=root
Mar  5 22:41:59 esisa sshd[16146]: pam_unix(sshd:auth): authentication failure; logname= uid=0 euid=0 tty=ssh ruser= rhost=143.110.148.132  user=root
Mar  5 22:41:59 esisa sshd[16140]: pam_unix(sshd:auth): check pass; user unknown
Mar  5 22:42:01 esisa sshd[16144]: Failed password for root from 219.250.138.170 port 41614 ssh2
Mar  5 22:42:01 esisa sshd[16144]: Connection closed by 219.250.138.170 port 41614 [preauth]
Mar  5 22:42:01 esisa sshd[16146]: Failed password for root from 143.110.148.132 port 41176 ssh2
Mar  5 22:42:02 esisa sshd[16140]: Failed password for invalid user admin from 45.141.84.10 port 52773 ssh2
Mar  5 22:42:02 esisa sshd[16146]: Received disconnect from 143.110.148.132 port 41176:11: Bye Bye [preauth]
Mar  5 22:42:02 esisa sshd[16146]: Disconnected from 143.110.148.132 port 41176 [preauth]
Mar  5 22:42:02 esisa sshd[16140]: pam_unix(sshd:auth): check pass; user unknown
Mar  5 22:42:03 esisa sshd[16148]: pam_unix(sshd:auth): authentication failure; logname= uid=0 euid=0 tty=ssh ruser= rhost=219.250.138.170  user=root
Mar  5 22:42:04 esisa sshd[16140]: Failed password for invalid user admin from 45.141.84.10 port 52773 ssh2
Mar  5 22:42:04 esisa sshd[16140]: pam_unix(sshd:auth): check pass; user unknown
Mar  5 22:42:05 esisa sshd[16148]: Failed password for root from 219.250.138.170 port 41616 ssh2
Mar  5 22:42:06 esisa sshd[16148]: Connection closed by 219.250.138.170 port 41616 [preauth]
Mar  5 22:42:06 esisa sshd[16140]: Failed password for invalid user admin from 45.141.84.10 port 52773 ssh2
Mar  5 22:42:07 esisa sshd[16140]: pam_unix(sshd:auth): check pass; user unknown
Mar  5 22:42:07 esisa sshd[16150]: pam_unix(sshd:auth): authentication failure; logname= uid=0 euid=0 tty=ssh ruser= rhost=219.250.138.170  user=root
Mar  5 22:42:09 esisa sshd[16140]: Failed password for invalid user admin from 45.141.84.10 port 52773 ssh2
Mar  5 22:42:09 esisa sshd[16140]: error: maximum authentication attempts exceeded for invalid user admin from 45.141.84.10 port 52773 ssh2 [preauth]
Mar  5 22:42:09 esisa sshd[16140]: Disconnecting: Too many authentication failures [preauth]
Mar  5 22:42:09 esisa sshd[16140]: PAM 5 more authentication failures; logname= uid=0 euid=0 tty=ssh ruser= rhost=45.141.84.10
Mar  5 22:42:09 esisa sshd[16140]: PAM service(sshd) ignoring max retries; 6 > 3
Mar  5 22:42:09 esisa sshd[16150]: Failed password for root from 219.250.138.170 port 41618 ssh2
Mar  5 22:42:09 esisa sshd[16150]: Connection closed by 219.250.138.170 port 41618 [preauth]
Mar  5 22:42:12 esisa sshd[16152]: Invalid user admin from 45.141.84.10 port 19198
Mar  5 22:42:12 esisa sshd[16152]: input_userauth_request: invalid user admin [preauth]
Mar  5 22:42:12 esisa sshd[16152]: pam_unix(sshd:auth): check pass; user unknown
Mar  5 22:42:12 esisa sshd[16152]: pam_unix(sshd:auth): authentication failure; logname= uid=0 euid=0 tty=ssh ruser= rhost=45.141.84.10
Mar  5 22:42:14 esisa sshd[16154]: pam_unix(sshd:auth): authentication failure; logname= uid=0 euid=0 tty=ssh ruser= rhost=219.250.138.170  user=root
Mar  5 22:42:14 esisa sshd[16152]: Failed password for invalid user admin from 45.141.84.10 port 19198 ssh2
Mar  5 22:42:15 esisa sshd[16152]: pam_unix(sshd:auth): check pass; user unknown
Mar  5 22:42:16 esisa sshd[16154]: Failed password for root from 219.250.138.170 port 41626 ssh2
Mar  5 22:42:16 esisa sshd[16154]: Connection closed by 219.250.138.170 port 41626 [preauth]
Mar  5 22:42:18 esisa sshd[16156]: pam_unix(sshd:auth): authentication failure; logname= uid=0 euid=0 tty=ssh ruser= rhost=219.250.138.170  user=root
Mar  5 22:42:18 esisa sshd[16152]: Failed password for invalid user admin from 45.141.84.10 port 19198 ssh2
Mar  5 22:42:18 esisa sshd[16152]: pam_unix(sshd:auth): check pass; user unknown
Mar  5 22:42:19 esisa sshd[16156]: Failed password for root from 219.250.138.170 port 41634 ssh2
Mar  5 22:42:20 esisa sshd[16152]: Failed password for invalid user admin from 45.141.84.10 port 19198 ssh2
Mar  5 22:42:20 esisa sshd[16156]: Connection closed by 219.250.138.170 port 41634 [preauth]
Mar  5 22:42:21 esisa sshd[16152]: pam_unix(sshd:auth): check pass; user unknown
Mar  5 22:42:22 esisa sshd[16152]: Failed password for invalid user admin from 45.141.84.10 port 19198 ssh2
Mar  5 22:42:23 esisa sshd[16152]: pam_unix(sshd:auth): check pass; user unknown
Mar  5 22:42:25 esisa sshd[16158]: pam_unix(sshd:auth): authentication failure; logname= uid=0 euid=0 tty=ssh ruser= rhost=219.250.138.170  user=root
Mar  5 22:42:25 esisa sshd[16152]: Failed password for invalid user admin from 45.141.84.10 port 19198 ssh2
Mar  5 22:42:26 esisa sshd[16152]: pam_unix(sshd:auth): check pass; user unknown
Mar  5 22:42:27 esisa sshd[16158]: Failed password for root from 219.250.138.170 port 41640 ssh2
Mar  5 22:42:27 esisa sshd[16158]: Connection closed by 219.250.138.170 port 41640 [preauth]
Mar  5 22:42:28 esisa sshd[16152]: Failed password for invalid user admin from 45.141.84.10 port 19198 ssh2
Mar  5 22:42:28 esisa sshd[16152]: error: maximum authentication attempts exceeded for invalid user admin from 45.141.84.10 port 19198 ssh2 [preauth]
Mar  5 22:42:28 esisa sshd[16152]: Disconnecting: Too many authentication failures [preauth]
Mar  5 22:42:28 esisa sshd[16152]: PAM 5 more authentication failures; logname= uid=0 euid=0 tty=ssh ruser= rhost=45.141.84.10
Mar  5 22:42:28 esisa sshd[16152]: PAM service(sshd) ignoring max retries; 6 > 3
Mar  5 22:42:29 esisa sshd[16166]: pam_unix(sshd:auth): authentication failure; logname= uid=0 euid=0 tty=ssh ruser= rhost=219.250.138.170  user=root
Mar  5 22:42:29 esisa sshd[16164]: Invalid user ryan from 137.184.198.82 port 53214
Mar  5 22:42:29 esisa sshd[16164]: input_userauth_request: invalid user ryan [preauth]
Mar  5 22:42:29 esisa sshd[16164]: pam_unix(sshd:auth): check pass; user unknown
Mar  5 22:42:29 esisa sshd[16164]: pam_unix(sshd:auth): authentication failure; logname= uid=0 euid=0 tty=ssh ruser= rhost=137.184.198.82
Mar  5 22:42:31 esisa sshd[16166]: Failed password for root from 219.250.138.170 port 41650 ssh2
Mar  5 22:42:31 esisa sshd[16166]: Connection closed by 219.250.138.170 port 41650 [preauth]
Mar  5 22:42:31 esisa sshd[16168]: Invalid user admin from 45.141.84.10 port 39429
Mar  5 22:42:31 esisa sshd[16168]: input_userauth_request: invalid user admin [preauth]
Mar  5 22:42:32 esisa sshd[16164]: Failed password for invalid user ryan from 137.184.198.82 port 53214 ssh2
Mar  5 22:42:32 esisa sshd[16164]: Received disconnect from 137.184.198.82 port 53214:11: Bye Bye [preauth]
Mar  5 22:42:32 esisa sshd[16164]: Disconnected from 137.184.198.82 port 53214 [preauth]
Mar  5 22:42:33 esisa sshd[16168]: pam_unix(sshd:auth): check pass; user unknown
Mar  5 22:42:33 esisa sshd[16168]: pam_unix(sshd:auth): authentication failure; logname= uid=0 euid=0 tty=ssh ruser= rhost=45.141.84.10
Mar  5 22:42:33 esisa sshd[16170]: pam_unix(sshd:auth): authentication failure; logname= uid=0 euid=0 tty=ssh ruser= rhost=219.250.138.170  user=root
Mar  5 22:42:35 esisa sshd[16168]: Failed password for invalid user admin from 45.141.84.10 port 39429 ssh2
Mar  5 22:42:35 esisa sshd[16170]: Failed password for root from 219.250.138.170 port 41656 ssh2
Mar  5 22:42:35 esisa sshd[16170]: Connection closed by 219.250.138.170 port 41656 [preauth]
Mar  5 22:42:37 esisa sshd[16174]: pam_unix(sshd:auth): authentication failure; logname= uid=0 euid=0 tty=ssh ruser= rhost=219.250.138.170  user=root
Mar  5 22:42:37 esisa sshd[16172]: Invalid user laurent from 113.120.37.35 port 50516
Mar  5 22:42:37 esisa sshd[16172]: input_userauth_request: invalid user laurent [preauth]
Mar  5 22:42:37 esisa sshd[16172]: pam_unix(sshd:auth): check pass; user unknown
Mar  5 22:42:37 esisa sshd[16172]: pam_unix(sshd:auth): authentication failure; logname= uid=0 euid=0 tty=ssh ruser= rhost=113.120.37.35
Mar  5 22:42:38 esisa sshd[16168]: pam_unix(sshd:auth): check pass; user unknown
Mar  5 22:42:38 esisa sshd[16176]: pam_unix(sshd:auth): authentication failure; logname= uid=0 euid=0 tty=ssh ruser= rhost=43.155.80.148  user=root
Mar  5 22:42:39 esisa sshd[16174]: Failed password for root from 219.250.138.170 port 41660 ssh2
Mar  5 22:42:40 esisa sshd[16172]: Failed password for invalid user laurent from 113.120.37.35 port 50516 ssh2
Mar  5 22:42:40 esisa sshd[16174]: Connection closed by 219.250.138.170 port 41660 [preauth]
Mar  5 22:42:40 esisa sshd[16168]: Failed password for invalid user admin from 45.141.84.10 port 39429 ssh2
Mar  5 22:42:40 esisa sshd[16176]: Failed password for root from 43.155.80.148 port 44824 ssh2
Mar  5 22:42:40 esisa sshd[16172]: Received disconnect from 113.120.37.35 port 50516:11: Bye Bye [preauth]
Mar  5 22:42:40 esisa sshd[16172]: Disconnected from 113.120.37.35 port 50516 [preauth]
Mar  5 22:42:40 esisa sshd[16176]: Received disconnect from 43.155.80.148 port 44824:11: Bye Bye [preauth]
Mar  5 22:42:40 esisa sshd[16176]: Disconnected from 43.155.80.148 port 44824 [preauth]
Mar  5 22:42:40 esisa sshd[16178]: Invalid user info from 167.71.234.157 port 45768
Mar  5 22:42:40 esisa sshd[16178]: input_userauth_request: invalid user info [preauth]
Mar  5 22:42:40 esisa sshd[16178]: pam_unix(sshd:auth): check pass; user unknown
Mar  5 22:42:40 esisa sshd[16178]: pam_unix(sshd:auth): authentication failure; logname= uid=0 euid=0 tty=ssh ruser= rhost=167.71.234.157
Mar  5 22:42:40 esisa sshd[16168]: pam_unix(sshd:auth): check pass; user unknown
Mar  5 22:42:41 esisa sshd[16180]: pam_unix(sshd:auth): authentication failure; logname= uid=0 euid=0 tty=ssh ruser= rhost=219.250.138.170  user=root
Mar  5 22:42:42 esisa sshd[16178]: Failed password for invalid user info from 167.71.234.157 port 45768 ssh2
Mar  5 22:42:42 esisa sshd[16168]: Failed password for invalid user admin from 45.141.84.10 port 39429 ssh2
Mar  5 22:42:42 esisa sshd[16178]: Received disconnect from 167.71.234.157 port 45768:11: Bye Bye [preauth]
Mar  5 22:42:42 esisa sshd[16178]: Disconnected from 167.71.234.157 port 45768 [preauth]
Mar  5 22:42:43 esisa sshd[16168]: pam_unix(sshd:auth): check pass; user unknown
Mar  5 22:42:43 esisa sshd[16180]: Failed password for root from 219.250.138.170 port 41666 ssh2
Mar  5 22:42:45 esisa sshd[16168]: Failed password for invalid user admin from 45.141.84.10 port 39429 ssh2
Mar  5 22:42:45 esisa sshd[16168]: pam_unix(sshd:auth): check pass; user unknown
Mar  5 22:42:46 esisa sshd[16180]: Connection closed by 219.250.138.170 port 41666 [preauth]
Mar  5 22:42:48 esisa sshd[16168]: Failed password for invalid user admin from 45.141.84.10 port 39429 ssh2
Mar  5 22:42:48 esisa sshd[16182]: pam_unix(sshd:auth): authentication failure; logname= uid=0 euid=0 tty=ssh ruser= rhost=219.250.138.170  user=root
Mar  5 22:42:49 esisa sshd[16168]: pam_unix(sshd:auth): check pass; user unknown
Mar  5 22:42:50 esisa sshd[16182]: Failed password for root from 219.250.138.170 port 41670 ssh2
Mar  5 22:42:51 esisa sshd[16168]: Failed password for invalid user admin from 45.141.84.10 port 39429 ssh2
Mar  5 22:42:51 esisa sshd[16168]: error: maximum authentication attempts exceeded for invalid user admin from 45.141.84.10 port 39429 ssh2 [preauth]
Mar  5 22:42:51 esisa sshd[16168]: Disconnecting: Too many authentication failures [preauth]
Mar  5 22:42:51 esisa sshd[16168]: PAM 5 more authentication failures; logname= uid=0 euid=0 tty=ssh ruser= rhost=45.141.84.10
Mar  5 22:42:51 esisa sshd[16168]: PAM service(sshd) ignoring max retries; 6 > 3
Mar  5 22:42:51 esisa sshd[16182]: Connection closed by 219.250.138.170 port 41670 [preauth]
Mar  5 22:42:56 esisa sshd[16186]: pam_unix(sshd:auth): authentication failure; logname= uid=0 euid=0 tty=ssh ruser= rhost=2.56.57.187  user=root
Mar  5 22:42:57 esisa sshd[16186]: Failed password for root from 2.56.57.187 port 35420 ssh2
Mar  5 22:42:57 esisa sshd[16186]: Received disconnect from 2.56.57.187 port 35420:11: Normal Shutdown, Thank you for playing [preauth]
Mar  5 22:42:57 esisa sshd[16186]: Disconnected from 2.56.57.187 port 35420 [preauth]
Mar  5 22:42:57 esisa sshd[16184]: Invalid user admin from 45.141.84.10 port 8345
Mar  5 22:42:57 esisa sshd[16184]: input_userauth_request: invalid user admin [preauth]
Mar  5 22:42:58 esisa sshd[16184]: pam_unix(sshd:auth): check pass; user unknown
Mar  5 22:42:58 esisa sshd[16184]: pam_unix(sshd:auth): authentication failure; logname= uid=0 euid=0 tty=ssh ruser= rhost=45.141.84.10
Mar  5 22:43:01 esisa sshd[16184]: Failed password for invalid user admin from 45.141.84.10 port 8345 ssh2
Mar  5 22:43:01 esisa sshd[16184]: pam_unix(sshd:auth): check pass; user unknown
Mar  5 22:43:02 esisa sshd[16188]: pam_unix(sshd:auth): authentication failure; logname= uid=0 euid=0 tty=ssh ruser= rhost=143.110.148.132  user=root
Mar  5 22:43:02 esisa sshd[16184]: Failed password for invalid user admin from 45.141.84.10 port 8345 ssh2
Mar  5 22:43:03 esisa sshd[16184]: pam_unix(sshd:auth): check pass; user unknown
Mar  5 22:43:03 esisa sshd[16188]: Failed password for root from 143.110.148.132 port 58736 ssh2
Mar  5 22:43:04 esisa sshd[16188]: Received disconnect from 143.110.148.132 port 58736:11: Bye Bye [preauth]
Mar  5 22:43:04 esisa sshd[16188]: Disconnected from 143.110.148.132 port 58736 [preauth]
Mar  5 22:43:04 esisa sshd[16184]: Failed password for invalid user admin from 45.141.84.10 port 8345 ssh2
Mar  5 22:43:05 esisa sshd[16184]: pam_unix(sshd:auth): check pass; user unknown
Mar  5 22:43:07 esisa sshd[16184]: Failed password for invalid user admin from 45.141.84.10 port 8345 ssh2
Mar  5 22:43:07 esisa sshd[16190]: pam_unix(sshd:auth): authentication failure; logname= uid=0 euid=0 tty=ssh ruser= rhost=219.250.138.170  user=root
Mar  5 22:43:08 esisa sshd[16184]: pam_unix(sshd:auth): check pass; user unknown
Mar  5 22:43:09 esisa sshd[16190]: Failed password for root from 219.250.138.170 port 41680 ssh2
Mar  5 22:43:09 esisa sshd[16190]: Connection closed by 219.250.138.170 port 41680 [preauth]
Mar  5 22:43:10 esisa sshd[16184]: Failed password for invalid user admin from 45.141.84.10 port 8345 ssh2
Mar  5 22:43:11 esisa sshd[16192]: pam_unix(sshd:auth): authentication failure; logname= uid=0 euid=0 tty=ssh ruser= rhost=219.250.138.170  user=root
Mar  5 22:43:13 esisa sshd[16184]: pam_unix(sshd:auth): check pass; user unknown
Mar  5 22:43:13 esisa sshd[16192]: Failed password for root from 219.250.138.170 port 41682 ssh2
Mar  5 22:43:13 esisa sshd[16192]: Connection closed by 219.250.138.170 port 41682 [preauth]
Mar  5 22:43:14 esisa sshd[16184]: Failed password for invalid user admin from 45.141.84.10 port 8345 ssh2
Mar  5 22:43:14 esisa sshd[16184]: error: maximum authentication attempts exceeded for invalid user admin from 45.141.84.10 port 8345 ssh2 [preauth]
Mar  5 22:43:14 esisa sshd[16184]: Disconnecting: Too many authentication failures [preauth]
Mar  5 22:43:14 esisa sshd[16184]: PAM 5 more authentication failures; logname= uid=0 euid=0 tty=ssh ruser= rhost=45.141.84.10
Mar  5 22:43:14 esisa sshd[16184]: PAM service(sshd) ignoring max retries; 6 > 3
Mar  5 22:43:15 esisa sshd[16194]: pam_unix(sshd:auth): authentication failure; logname= uid=0 euid=0 tty=ssh ruser= rhost=219.250.138.170  user=root
Mar  5 22:43:17 esisa sshd[16194]: Failed password for root from 219.250.138.170 port 41688 ssh2
Mar  5 22:43:18 esisa sshd[16194]: Connection closed by 219.250.138.170 port 41688 [preauth]
Mar  5 22:43:18 esisa sshd[16196]: Invalid user admin from 45.141.84.10 port 15076
Mar  5 22:43:18 esisa sshd[16196]: input_userauth_request: invalid user admin [preauth]
Mar  5 22:43:18 esisa sshd[16196]: pam_unix(sshd:auth): check pass; user unknown
Mar  5 22:43:18 esisa sshd[16196]: pam_unix(sshd:auth): authentication failure; logname= uid=0 euid=0 tty=ssh ruser= rhost=45.141.84.10
Mar  5 22:43:19 esisa sshd[16198]: pam_unix(sshd:auth): authentication failure; logname= uid=0 euid=0 tty=ssh ruser= rhost=219.250.138.170  user=root
Mar  5 22:43:20 esisa sshd[16196]: Failed password for invalid user admin from 45.141.84.10 port 15076 ssh2
Mar  5 22:43:20 esisa sshd[16198]: Failed password for root from 219.250.138.170 port 41694 ssh2
Mar  5 22:43:21 esisa sshd[16196]: pam_unix(sshd:auth): check pass; user unknown
Mar  5 22:43:21 esisa sshd[16198]: Connection closed by 219.250.138.170 port 41694 [preauth]
Mar  5 22:43:22 esisa sshd[16200]: pam_unix(sshd:auth): authentication failure; logname= uid=0 euid=0 tty=ssh ruser= rhost=219.250.138.170  user=root
Mar  5 22:43:23 esisa sshd[16196]: Failed password for invalid user admin from 45.141.84.10 port 15076 ssh2
Mar  5 22:43:23 esisa sshd[16196]: pam_unix(sshd:auth): check pass; user unknown
Mar  5 22:43:24 esisa sshd[16200]: Failed password for root from 219.250.138.170 port 41698 ssh2
Mar  5 22:43:24 esisa sshd[16200]: Connection closed by 219.250.138.170 port 41698 [preauth]
Mar  5 22:43:25 esisa sshd[16196]: Failed password for invalid user admin from 45.141.84.10 port 15076 ssh2
Mar  5 22:43:26 esisa sshd[16202]: pam_unix(sshd:auth): authentication failure; logname= uid=0 euid=0 tty=ssh ruser= rhost=219.250.138.170  user=root
Mar  5 22:43:26 esisa sshd[16196]: pam_unix(sshd:auth): check pass; user unknown
Mar  5 22:43:28 esisa sshd[16202]: Failed password for root from 219.250.138.170 port 41702 ssh2
Mar  5 22:43:28 esisa sshd[16196]: Failed password for invalid user admin from 45.141.84.10 port 15076 ssh2
Mar  5 22:43:29 esisa sshd[16202]: Connection closed by 219.250.138.170 port 41702 [preauth]
Mar  5 22:43:29 esisa sshd[16196]: pam_unix(sshd:auth): check pass; user unknown
Mar  5 22:43:31 esisa sshd[16196]: Failed password for invalid user admin from 45.141.84.10 port 15076 ssh2
Mar  5 22:43:31 esisa sshd[16204]: pam_unix(sshd:auth): authentication failure; logname= uid=0 euid=0 tty=ssh ruser= rhost=219.250.138.170  user=root
Mar  5 22:43:31 esisa sshd[16196]: pam_unix(sshd:auth): check pass; user unknown
Mar  5 22:43:32 esisa sshd[16204]: Failed password for root from 219.250.138.170 port 41706 ssh2
Mar  5 22:43:32 esisa sshd[16196]: Failed password for invalid user admin from 45.141.84.10 port 15076 ssh2
Mar  5 22:43:32 esisa sshd[16196]: error: maximum authentication attempts exceeded for invalid user admin from 45.141.84.10 port 15076 ssh2 [preauth]
Mar  5 22:43:32 esisa sshd[16196]: Disconnecting: Too many authentication failures [preauth]
Mar  5 22:43:32 esisa sshd[16196]: PAM 5 more authentication failures; logname= uid=0 euid=0 tty=ssh ruser= rhost=45.141.84.10
Mar  5 22:43:32 esisa sshd[16196]: PAM service(sshd) ignoring max retries; 6 > 3
Mar  5 22:43:33 esisa sshd[16204]: Connection closed by 219.250.138.170 port 41706 [preauth]
Mar  5 22:43:35 esisa sshd[16206]: pam_unix(sshd:auth): authentication failure; logname= uid=0 euid=0 tty=ssh ruser= rhost=219.250.138.170  user=root
Mar  5 22:43:36 esisa sshd[16208]: Invalid user admin from 45.141.84.10 port 30346
Mar  5 22:43:36 esisa sshd[16208]: input_userauth_request: invalid user admin [preauth]
Mar  5 22:43:36 esisa sshd[16208]: pam_unix(sshd:auth): check pass; user unknown
Mar  5 22:43:36 esisa sshd[16208]: pam_unix(sshd:auth): authentication failure; logname= uid=0 euid=0 tty=ssh ruser= rhost=45.141.84.10
Mar  5 22:43:37 esisa sshd[16206]: Failed password for root from 219.250.138.170 port 41712 ssh2
Mar  5 22:43:38 esisa sshd[16206]: Connection closed by 219.250.138.170 port 41712 [preauth]
Mar  5 22:43:38 esisa sshd[16208]: Failed password for invalid user admin from 45.141.84.10 port 30346 ssh2
Mar  5 22:43:38 esisa sshd[16208]: pam_unix(sshd:auth): check pass; user unknown
Mar  5 22:43:40 esisa sshd[16208]: Failed password for invalid user admin from 45.141.84.10 port 30346 ssh2
Mar  5 22:43:40 esisa sshd[16208]: pam_unix(sshd:auth): check pass; user unknown
Mar  5 22:43:42 esisa sshd[16208]: Failed password for invalid user admin from 45.141.84.10 port 30346 ssh2
Mar  5 22:43:42 esisa sshd[16210]: pam_unix(sshd:auth): authentication failure; logname= uid=0 euid=0 tty=ssh ruser= rhost=219.250.138.170  user=root
Mar  5 22:43:42 esisa sshd[16208]: pam_unix(sshd:auth): check pass; user unknown
Mar  5 22:43:44 esisa sshd[16210]: Failed password for root from 219.250.138.170 port 41714 ssh2
Mar  5 22:43:44 esisa sshd[16208]: Failed password for invalid user admin from 45.141.84.10 port 30346 ssh2
Mar  5 22:43:45 esisa sshd[16208]: pam_unix(sshd:auth): check pass; user unknown
Mar  5 22:43:45 esisa sshd[16210]: Connection closed by 219.250.138.170 port 41714 [preauth]
Mar  5 22:43:46 esisa sshd[16208]: Failed password for invalid user admin from 45.141.84.10 port 30346 ssh2
Mar  5 22:43:47 esisa sshd[16208]: pam_unix(sshd:auth): check pass; user unknown
Mar  5 22:43:47 esisa sshd[16212]: pam_unix(sshd:auth): authentication failure; logname= uid=0 euid=0 tty=ssh ruser= rhost=219.250.138.170  user=root
Mar  5 22:43:49 esisa sshd[16208]: Failed password for invalid user admin from 45.141.84.10 port 30346 ssh2
Mar  5 22:43:49 esisa sshd[16208]: error: maximum authentication attempts exceeded for invalid user admin from 45.141.84.10 port 30346 ssh2 [preauth]
Mar  5 22:43:49 esisa sshd[16208]: Disconnecting: Too many authentication failures [preauth]
Mar  5 22:43:49 esisa sshd[16208]: PAM 5 more authentication failures; logname= uid=0 euid=0 tty=ssh ruser= rhost=45.141.84.10
Mar  5 22:43:49 esisa sshd[16208]: PAM service(sshd) ignoring max retries; 6 > 3
Mar  5 22:43:49 esisa sshd[16212]: Failed password for root from 219.250.138.170 port 41716 ssh2
Mar  5 22:43:49 esisa sshd[16212]: Connection closed by 219.250.138.170 port 41716 [preauth]
Mar  5 22:43:51 esisa sshd[16215]: pam_unix(sshd:auth): authentication failure; logname= uid=0 euid=0 tty=ssh ruser= rhost=219.250.138.170  user=root
Mar  5 22:43:53 esisa sshd[16215]: Failed password for root from 219.250.138.170 port 41722 ssh2
Mar  5 22:43:54 esisa sshd[16214]: Invalid user admin from 45.141.84.10 port 57992
Mar  5 22:43:54 esisa sshd[16214]: input_userauth_request: invalid user admin [preauth]
Mar  5 22:43:54 esisa sshd[16215]: Connection closed by 219.250.138.170 port 41722 [preauth]
Mar  5 22:43:54 esisa sshd[16214]: pam_unix(sshd:auth): check pass; user unknown
Mar  5 22:43:54 esisa sshd[16214]: pam_unix(sshd:auth): authentication failure; logname= uid=0 euid=0 tty=ssh ruser= rhost=45.141.84.10
Mar  5 22:43:55 esisa sshd[16219]: pam_unix(sshd:auth): authentication failure; logname= uid=0 euid=0 tty=ssh ruser= rhost=43.155.80.148  user=root
Mar  5 22:43:56 esisa sshd[16214]: Failed password for invalid user admin from 45.141.84.10 port 57992 ssh2
Mar  5 22:43:56 esisa sshd[16218]: Invalid user andy from 137.184.198.82 port 43046
Mar  5 22:43:56 esisa sshd[16218]: input_userauth_request: invalid user andy [preauth]
Mar  5 22:43:56 esisa sshd[16218]: pam_unix(sshd:auth): check pass; user unknown
Mar  5 22:43:56 esisa sshd[16218]: pam_unix(sshd:auth): authentication failure; logname= uid=0 euid=0 tty=ssh ruser= rhost=137.184.198.82
Mar  5 22:43:56 esisa sshd[16219]: Failed password for root from 43.155.80.148 port 33946 ssh2
Mar  5 22:43:57 esisa sshd[16214]: pam_unix(sshd:auth): check pass; user unknown
Mar  5 22:43:57 esisa sshd[16219]: Received disconnect from 43.155.80.148 port 33946:11: Bye Bye [preauth]
Mar  5 22:43:57 esisa sshd[16219]: Disconnected from 43.155.80.148 port 33946 [preauth]
Mar  5 22:43:58 esisa sshd[16222]: Invalid user abel from 167.71.234.157 port 34884
Mar  5 22:43:58 esisa sshd[16222]: input_userauth_request: invalid user abel [preauth]
Mar  5 22:43:58 esisa sshd[16222]: pam_unix(sshd:auth): check pass; user unknown
Mar  5 22:43:58 esisa sshd[16222]: pam_unix(sshd:auth): authentication failure; logname= uid=0 euid=0 tty=ssh ruser= rhost=167.71.234.157
Mar  5 22:43:58 esisa sshd[16218]: Failed password for invalid user andy from 137.184.198.82 port 43046 ssh2
Mar  5 22:43:58 esisa sshd[16218]: Received disconnect from 137.184.198.82 port 43046:11: Bye Bye [preauth]
Mar  5 22:43:58 esisa sshd[16218]: Disconnected from 137.184.198.82 port 43046 [preauth]
Mar  5 22:43:58 esisa sshd[16214]: Failed password for invalid user admin from 45.141.84.10 port 57992 ssh2
Mar  5 22:43:58 esisa sshd[16214]: pam_unix(sshd:auth): check pass; user unknown
Mar  5 22:43:59 esisa sshd[16224]: Invalid user vyatta from 113.120.37.35 port 40596
Mar  5 22:43:59 esisa sshd[16224]: input_userauth_request: invalid user vyatta [preauth]
Mar  5 22:43:59 esisa sshd[16224]: pam_unix(sshd:auth): check pass; user unknown
Mar  5 22:43:59 esisa sshd[16224]: pam_unix(sshd:auth): authentication failure; logname= uid=0 euid=0 tty=ssh ruser= rhost=113.120.37.35
Mar  5 22:44:00 esisa sshd[16222]: Failed password for invalid user abel from 167.71.234.157 port 34884 ssh2
Mar  5 22:44:00 esisa sshd[16222]: Received disconnect from 167.71.234.157 port 34884:11: Bye Bye [preauth]
Mar  5 22:44:00 esisa sshd[16222]: Disconnected from 167.71.234.157 port 34884 [preauth]
Mar  5 22:44:00 esisa sshd[16214]: Failed password for invalid user admin from 45.141.84.10 port 57992 ssh2
Mar  5 22:44:01 esisa sshd[16214]: pam_unix(sshd:auth): check pass; user unknown
Mar  5 22:44:01 esisa sshd[16224]: Failed password for invalid user vyatta from 113.120.37.35 port 40596 ssh2
Mar  5 22:44:02 esisa sshd[16224]: Received disconnect from 113.120.37.35 port 40596:11: Bye Bye [preauth]
Mar  5 22:44:02 esisa sshd[16224]: Disconnected from 113.120.37.35 port 40596 [preauth]
Mar  5 22:44:02 esisa sshd[16226]: pam_unix(sshd:auth): authentication failure; logname= uid=0 euid=0 tty=ssh ruser= rhost=219.250.138.170  user=root
Mar  5 22:44:03 esisa sshd[16214]: Failed password for invalid user admin from 45.141.84.10 port 57992 ssh2
Mar  5 22:44:03 esisa sshd[16226]: Failed password for root from 219.250.138.170 port 41726 ssh2
Mar  5 22:44:04 esisa sshd[16214]: pam_unix(sshd:auth): check pass; user unknown
Mar  5 22:44:04 esisa sshd[16226]: Connection closed by 219.250.138.170 port 41726 [preauth]
Mar  5 22:44:05 esisa sshd[16214]: Failed password for invalid user admin from 45.141.84.10 port 57992 ssh2
Mar  5 22:44:05 esisa sshd[16228]: pam_unix(sshd:auth): authentication failure; logname= uid=0 euid=0 tty=ssh ruser= rhost=219.250.138.170  user=root
Mar  5 22:44:06 esisa sshd[16214]: pam_unix(sshd:auth): check pass; user unknown
Mar  5 22:44:06 esisa sshd[16230]: pam_unix(sshd:auth): authentication failure; logname= uid=0 euid=0 tty=ssh ruser= rhost=143.110.148.132  user=root
Mar  5 22:44:07 esisa sshd[16228]: Failed password for root from 219.250.138.170 port 41730 ssh2
Mar  5 22:44:07 esisa sshd[16214]: Failed password for invalid user admin from 45.141.84.10 port 57992 ssh2
Mar  5 22:44:07 esisa sshd[16214]: error: maximum authentication attempts exceeded for invalid user admin from 45.141.84.10 port 57992 ssh2 [preauth]
Mar  5 22:44:07 esisa sshd[16214]: Disconnecting: Too many authentication failures [preauth]
Mar  5 22:44:07 esisa sshd[16214]: PAM 5 more authentication failures; logname= uid=0 euid=0 tty=ssh ruser= rhost=45.141.84.10
Mar  5 22:44:07 esisa sshd[16214]: PAM service(sshd) ignoring max retries; 6 > 3
Mar  5 22:44:07 esisa sshd[16228]: Connection closed by 219.250.138.170 port 41730 [preauth]
Mar  5 22:44:08 esisa sshd[16230]: Failed password for root from 143.110.148.132 port 48052 ssh2
Mar  5 22:44:08 esisa sshd[16230]: Received disconnect from 143.110.148.132 port 48052:11: Bye Bye [preauth]
Mar  5 22:44:08 esisa sshd[16230]: Disconnected from 143.110.148.132 port 48052 [preauth]
Mar  5 22:44:09 esisa sshd[16232]: pam_unix(sshd:auth): authentication failure; logname= uid=0 euid=0 tty=ssh ruser= rhost=219.250.138.170  user=root
Mar  5 22:44:11 esisa sshd[16232]: Failed password for root from 219.250.138.170 port 41736 ssh2
Mar  5 22:44:11 esisa sshd[16234]: Invalid user admin from 45.141.84.10 port 59518
Mar  5 22:44:11 esisa sshd[16234]: input_userauth_request: invalid user admin [preauth]
Mar  5 22:44:11 esisa sshd[16234]: pam_unix(sshd:auth): check pass; user unknown
Mar  5 22:44:11 esisa sshd[16234]: pam_unix(sshd:auth): authentication failure; logname= uid=0 euid=0 tty=ssh ruser= rhost=45.141.84.10
Mar  5 22:44:12 esisa sshd[16232]: Connection closed by 219.250.138.170 port 41736 [preauth]
Mar  5 22:44:13 esisa sshd[16234]: Failed password for invalid user admin from 45.141.84.10 port 59518 ssh2
Mar  5 22:44:13 esisa sshd[16238]: pam_unix(sshd:auth): authentication failure; logname= uid=0 euid=0 tty=ssh ruser= rhost=2.56.57.187  user=root
Mar  5 22:44:14 esisa sshd[16236]: pam_unix(sshd:auth): authentication failure; logname= uid=0 euid=0 tty=ssh ruser= rhost=219.250.138.170  user=root
Mar  5 22:44:15 esisa sshd[16234]: pam_unix(sshd:auth): check pass; user unknown
Mar  5 22:44:15 esisa sshd[16236]: Failed password for root from 219.250.138.170 port 41744 ssh2
Mar  5 22:44:15 esisa sshd[16238]: Failed password for root from 2.56.57.187 port 53068 ssh2
Mar  5 22:44:15 esisa sshd[16238]: Received disconnect from 2.56.57.187 port 53068:11: Normal Shutdown, Thank you for playing [preauth]
Mar  5 22:44:15 esisa sshd[16238]: Disconnected from 2.56.57.187 port 53068 [preauth]
Mar  5 22:44:15 esisa sshd[16236]: Connection closed by 219.250.138.170 port 41744 [preauth]
Mar  5 22:44:17 esisa sshd[16234]: Failed password for invalid user admin from 45.141.84.10 port 59518 ssh2
Mar  5 22:44:17 esisa sshd[16234]: pam_unix(sshd:auth): check pass; user unknown
Mar  5 22:44:17 esisa sshd[16240]: pam_unix(sshd:auth): authentication failure; logname= uid=0 euid=0 tty=ssh ruser= rhost=219.250.138.170  user=root
Mar  5 22:44:19 esisa sshd[16234]: Failed password for invalid user admin from 45.141.84.10 port 59518 ssh2
Mar  5 22:44:19 esisa sshd[16240]: Failed password for root from 219.250.138.170 port 41750 ssh2
Mar  5 22:44:20 esisa sshd[16240]: Connection closed by 219.250.138.170 port 41750 [preauth]
Mar  5 22:44:20 esisa sshd[16234]: pam_unix(sshd:auth): check pass; user unknown
Mar  5 22:44:21 esisa sshd[16242]: pam_unix(sshd:auth): authentication failure; logname= uid=0 euid=0 tty=ssh ruser= rhost=219.250.138.170  user=root
Mar  5 22:44:22 esisa sshd[16234]: Failed password for invalid user admin from 45.141.84.10 port 59518 ssh2
Mar  5 22:44:22 esisa sshd[16234]: pam_unix(sshd:auth): check pass; user unknown
Mar  5 22:44:23 esisa sshd[16242]: Failed password for root from 219.250.138.170 port 41752 ssh2
Mar  5 22:44:23 esisa sshd[16242]: Connection closed by 219.250.138.170 port 41752 [preauth]
Mar  5 22:44:24 esisa sshd[16234]: Failed password for invalid user admin from 45.141.84.10 port 59518 ssh2
Mar  5 22:44:25 esisa sshd[16244]: pam_unix(sshd:auth): authentication failure; logname= uid=0 euid=0 tty=ssh ruser= rhost=219.250.138.170  user=root
Mar  5 22:44:25 esisa sshd[16234]: pam_unix(sshd:auth): check pass; user unknown
Mar  5 22:44:27 esisa sshd[16244]: Failed password for root from 219.250.138.170 port 41754 ssh2
Mar  5 22:44:27 esisa sshd[16234]: Failed password for invalid user admin from 45.141.84.10 port 59518 ssh2
Mar  5 22:44:27 esisa sshd[16234]: error: maximum authentication attempts exceeded for invalid user admin from 45.141.84.10 port 59518 ssh2 [preauth]
Mar  5 22:44:27 esisa sshd[16234]: Disconnecting: Too many authentication failures [preauth]
Mar  5 22:44:27 esisa sshd[16234]: PAM 5 more authentication failures; logname= uid=0 euid=0 tty=ssh ruser= rhost=45.141.84.10
Mar  5 22:44:27 esisa sshd[16234]: PAM service(sshd) ignoring max retries; 6 > 3
Mar  5 22:44:27 esisa sshd[16244]: Connection closed by 219.250.138.170 port 41754 [preauth]
Mar  5 22:44:29 esisa sshd[16246]: pam_unix(sshd:auth): authentication failure; logname= uid=0 euid=0 tty=ssh ruser= rhost=219.250.138.170  user=root
Mar  5 22:44:31 esisa sshd[16246]: Failed password for root from 219.250.138.170 port 41758 ssh2
Mar  5 22:44:32 esisa sshd[16248]: Invalid user admin from 45.141.84.10 port 63058
Mar  5 22:44:32 esisa sshd[16248]: input_userauth_request: invalid user admin [preauth]
Mar  5 22:44:32 esisa sshd[16248]: pam_unix(sshd:auth): check pass; user unknown
Mar  5 22:44:32 esisa sshd[16248]: pam_unix(sshd:auth): authentication failure; logname= uid=0 euid=0 tty=ssh ruser= rhost=45.141.84.10
Mar  5 22:44:33 esisa sshd[16246]: Connection closed by 219.250.138.170 port 41758 [preauth]
Mar  5 22:44:34 esisa sshd[16250]: pam_unix(sshd:auth): authentication failure; logname= uid=0 euid=0 tty=ssh ruser= rhost=219.250.138.170  user=root
Mar  5 22:44:34 esisa sshd[16248]: Failed password for invalid user admin from 45.141.84.10 port 63058 ssh2
Mar  5 22:44:36 esisa sshd[16248]: pam_unix(sshd:auth): check pass; user unknown
Mar  5 22:44:36 esisa sshd[16250]: Failed password for root from 219.250.138.170 port 41768 ssh2
Mar  5 22:44:36 esisa sshd[16250]: Connection closed by 219.250.138.170 port 41768 [preauth]
Mar  5 22:44:37 esisa sshd[16248]: Failed password for invalid user admin from 45.141.84.10 port 63058 ssh2
Mar  5 22:44:37 esisa sshd[16252]: pam_unix(sshd:auth): authentication failure; logname= uid=0 euid=0 tty=ssh ruser= rhost=219.250.138.170  user=root
Mar  5 22:44:38 esisa sshd[16248]: pam_unix(sshd:auth): check pass; user unknown
Mar  5 22:44:39 esisa sshd[16252]: Failed password for root from 219.250.138.170 port 41772 ssh2
Mar  5 22:44:40 esisa sshd[16248]: Failed password for invalid user admin from 45.141.84.10 port 63058 ssh2
Mar  5 22:44:40 esisa sshd[16248]: pam_unix(sshd:auth): check pass; user unknown
Mar  5 22:44:40 esisa sshd[16252]: Connection closed by 219.250.138.170 port 41772 [preauth]
Mar  5 22:44:42 esisa sshd[16265]: pam_unix(sshd:auth): authentication failure; logname= uid=0 euid=0 tty=ssh ruser= rhost=219.250.138.170  user=root
Mar  5 22:44:42 esisa sshd[16248]: Failed password for invalid user admin from 45.141.84.10 port 63058 ssh2
Mar  5 22:44:43 esisa sshd[16248]: pam_unix(sshd:auth): check pass; user unknown
Mar  5 22:44:43 esisa sshd[16265]: Failed password for root from 219.250.138.170 port 41778 ssh2
Mar  5 22:44:45 esisa sshd[16248]: Failed password for invalid user admin from 45.141.84.10 port 63058 ssh2
Mar  5 22:44:45 esisa sshd[16248]: pam_unix(sshd:auth): check pass; user unknown
Mar  5 22:44:46 esisa sshd[16265]: Connection closed by 219.250.138.170 port 41778 [preauth]
Mar  5 22:44:46 esisa sshd[16267]: pam_unix(sshd:auth): authentication failure; logname= uid=0 euid=0 tty=ssh ruser= rhost=219.250.138.170  user=root
Mar  5 22:44:47 esisa sshd[16248]: Failed password for invalid user admin from 45.141.84.10 port 63058 ssh2
Mar  5 22:44:47 esisa sshd[16248]: error: maximum authentication attempts exceeded for invalid user admin from 45.141.84.10 port 63058 ssh2 [preauth]
Mar  5 22:44:47 esisa sshd[16248]: Disconnecting: Too many authentication failures [preauth]
Mar  5 22:44:47 esisa sshd[16248]: PAM 5 more authentication failures; logname= uid=0 euid=0 tty=ssh ruser= rhost=45.141.84.10
Mar  5 22:44:47 esisa sshd[16248]: PAM service(sshd) ignoring max retries; 6 > 3
Mar  5 22:44:48 esisa sshd[16267]: Failed password for root from 219.250.138.170 port 41784 ssh2
Mar  5 22:44:48 esisa sshd[16267]: Connection closed by 219.250.138.170 port 41784 [preauth]
Mar  5 22:44:50 esisa sshd[16270]: pam_unix(sshd:auth): authentication failure; logname= uid=0 euid=0 tty=ssh ruser= rhost=219.250.138.170  user=root
Mar  5 22:44:51 esisa sshd[16270]: Failed password for root from 219.250.138.170 port 41790 ssh2
Mar  5 22:44:51 esisa sshd[16270]: Connection closed by 219.250.138.170 port 41790 [preauth]
Mar  5 22:44:53 esisa sshd[16273]: pam_unix(sshd:auth): authentication failure; logname= uid=0 euid=0 tty=ssh ruser= rhost=219.250.138.170  user=root
Mar  5 22:44:54 esisa sshd[16269]: Invalid user admin from 45.141.84.10 port 45494
Mar  5 22:44:54 esisa sshd[16269]: input_userauth_request: invalid user admin [preauth]
Mar  5 22:44:54 esisa sshd[16269]: pam_unix(sshd:auth): check pass; user unknown
Mar  5 22:44:54 esisa sshd[16269]: pam_unix(sshd:auth): authentication failure; logname= uid=0 euid=0 tty=ssh ruser= rhost=45.141.84.10
Mar  5 22:44:55 esisa sshd[16273]: Failed password for root from 219.250.138.170 port 41796 ssh2
Mar  5 22:44:55 esisa sshd[16273]: Connection closed by 219.250.138.170 port 41796 [preauth]
Mar  5 22:44:56 esisa sshd[16269]: Failed password for invalid user admin from 45.141.84.10 port 45494 ssh2
Mar  5 22:44:56 esisa sshd[16269]: pam_unix(sshd:auth): check pass; user unknown
Mar  5 22:44:57 esisa sshd[16275]: pam_unix(sshd:auth): authentication failure; logname= uid=0 euid=0 tty=ssh ruser= rhost=219.250.138.170  user=root
Mar  5 22:44:58 esisa sshd[16269]: Failed password for invalid user admin from 45.141.84.10 port 45494 ssh2
Mar  5 22:44:59 esisa sshd[16275]: Failed password for root from 219.250.138.170 port 41802 ssh2
Mar  5 22:44:59 esisa sshd[16269]: pam_unix(sshd:auth): check pass; user unknown
Mar  5 22:44:59 esisa sshd[16275]: Connection closed by 219.250.138.170 port 41802 [preauth]
Mar  5 22:45:00 esisa sshd[16277]: pam_unix(sshd:auth): authentication failure; logname= uid=0 euid=0 tty=ssh ruser= rhost=219.250.138.170  user=root
Mar  5 22:45:01 esisa sshd[16269]: Failed password for invalid user admin from 45.141.84.10 port 45494 ssh2
