Mar  5 22:20:22 esisa sshd[15217]: Failed password for root from 219.250.138.170 port 40246 ssh2
Mar  5 22:20:22 esisa sshd[15217]: Connection closed by 219.250.138.170 port 40246 [preauth]
Mar  5 22:20:23 esisa sshd[15213]: pam_unix(sshd:auth): check pass; user unknown
Mar  5 22:20:24 esisa sshd[15219]: pam_unix(sshd:auth): authentication failure; logname= uid=0 euid=0 tty=ssh ruser= rhost=219.250.138.170  user=root
Mar  5 22:20:25 esisa sshd[15213]: Failed password for invalid user 111111 from 45.141.84.10 port 40690 ssh2
Mar  5 22:20:25 esisa sshd[15213]: pam_unix(sshd:auth): check pass; user unknown
Mar  5 22:20:26 esisa sshd[15219]: Failed password for root from 219.250.138.170 port 40252 ssh2
Mar  5 22:20:26 esisa sshd[15219]: Connection closed by 219.250.138.170 port 40252 [preauth]
Mar  5 22:20:28 esisa sshd[15213]: Failed password for invalid user 111111 from 45.141.84.10 port 40690 ssh2
Mar  5 22:20:28 esisa sshd[15221]: pam_unix(sshd:auth): authentication failure; logname= uid=0 euid=0 tty=ssh ruser= rhost=219.250.138.170  user=root
Mar  5 22:20:29 esisa sshd[15213]: pam_unix(sshd:auth): check pass; user unknown
Mar  5 22:20:30 esisa sshd[15221]: Failed password for root from 219.250.138.170 port 40258 ssh2
Mar  5 22:20:30 esisa sshd[15221]: Connection closed by 219.250.138.170 port 40258 [preauth]
Mar  5 22:20:31 esisa sshd[15213]: Failed password for invalid user 111111 from 45.141.84.10 port 40690 ssh2
Mar  5 22:20:31 esisa sshd[15213]: pam_unix(sshd:auth): check pass; user unknown
Mar  5 22:20:32 esisa sshd[15223]: pam_unix(sshd:auth): authentication failure; logname= uid=0 euid=0 tty=ssh ruser= rhost=219.250.138.170  user=root
Mar  5 22:20:33 esisa sshd[15213]: Failed password for invalid user 111111 from 45.141.84.10 port 40690 ssh2
Mar  5 22:20:34 esisa sshd[15223]: Failed password for root from 219.250.138.170 port 40264 ssh2
Mar  5 22:20:34 esisa sshd[15223]: Connection closed by 219.250.138.170 port 40264 [preauth]
Mar  5 22:20:34 esisa sshd[15213]: pam_unix(sshd:auth): check pass; user unknown
Mar  5 22:20:35 esisa sshd[15225]: pam_unix(sshd:auth): authentication failure; logname= uid=0 euid=0 tty=ssh ruser= rhost=219.250.138.170  user=root
Mar  5 22:20:36 esisa sshd[15213]: Failed password for invalid user 111111 from 45.141.84.10 port 40690 ssh2
Mar  5 22:20:36 esisa sshd[15213]: error: maximum authentication attempts exceeded for invalid user 111111 from 45.141.84.10 port 40690 ssh2 [preauth]
Mar  5 22:20:36 esisa sshd[15213]: Disconnecting: Too many authentication failures [preauth]
Mar  5 22:20:36 esisa sshd[15213]: PAM 5 more authentication failures; logname= uid=0 euid=0 tty=ssh ruser= rhost=45.141.84.10
Mar  5 22:20:36 esisa sshd[15213]: PAM service(sshd) ignoring max retries; 6 > 3
Mar  5 22:20:38 esisa sshd[15225]: Failed password for root from 219.250.138.170 port 40268 ssh2
Mar  5 22:20:39 esisa sshd[15225]: Connection closed by 219.250.138.170 port 40268 [preauth]
Mar  5 22:20:41 esisa sshd[15229]: pam_unix(sshd:auth): authentication failure; logname= uid=0 euid=0 tty=ssh ruser= rhost=219.250.138.170  user=root
Mar  5 22:20:43 esisa sshd[15229]: Failed password for root from 219.250.138.170 port 40274 ssh2
Mar  5 22:20:43 esisa sshd[15229]: Connection closed by 219.250.138.170 port 40274 [preauth]
Mar  5 22:20:43 esisa sshd[15227]: Invalid user 111111 from 45.141.84.10 port 6000
Mar  5 22:20:43 esisa sshd[15227]: input_userauth_request: invalid user 111111 [preauth]
Mar  5 22:20:43 esisa sshd[15227]: pam_unix(sshd:auth): check pass; user unknown
Mar  5 22:20:43 esisa sshd[15227]: pam_unix(sshd:auth): authentication failure; logname= uid=0 euid=0 tty=ssh ruser= rhost=45.141.84.10
Mar  5 22:20:45 esisa sshd[15231]: pam_unix(sshd:auth): authentication failure; logname= uid=0 euid=0 tty=ssh ruser= rhost=219.250.138.170  user=root
Mar  5 22:20:45 esisa sshd[15233]: Invalid user info from 138.68.178.64 port 40806
Mar  5 22:20:45 esisa sshd[15233]: input_userauth_request: invalid user info [preauth]
Mar  5 22:20:45 esisa sshd[15233]: pam_unix(sshd:auth): check pass; user unknown
Mar  5 22:20:45 esisa sshd[15233]: pam_unix(sshd:auth): authentication failure; logname= uid=0 euid=0 tty=ssh ruser= rhost=138.68.178.64
Mar  5 22:20:45 esisa sshd[15227]: Failed password for invalid user 111111 from 45.141.84.10 port 6000 ssh2
Mar  5 22:20:46 esisa sshd[15227]: pam_unix(sshd:auth): check pass; user unknown
Mar  5 22:20:46 esisa sshd[15231]: Failed password for root from 219.250.138.170 port 40278 ssh2
Mar  5 22:20:46 esisa sshd[15231]: Connection closed by 219.250.138.170 port 40278 [preauth]
Mar  5 22:20:46 esisa sshd[15233]: Failed password for invalid user info from 138.68.178.64 port 40806 ssh2
Mar  5 22:20:46 esisa sshd[15233]: Received disconnect from 138.68.178.64 port 40806:11: Bye Bye [preauth]
Mar  5 22:20:46 esisa sshd[15233]: Disconnected from 138.68.178.64 port 40806 [preauth]
Mar  5 22:20:48 esisa sshd[15227]: Failed password for invalid user 111111 from 45.141.84.10 port 6000 ssh2
Mar  5 22:20:48 esisa sshd[15227]: pam_unix(sshd:auth): check pass; user unknown
Mar  5 22:20:49 esisa sshd[15235]: pam_unix(sshd:auth): authentication failure; logname= uid=0 euid=0 tty=ssh ruser= rhost=219.250.138.170  user=root
Mar  5 22:20:51 esisa sshd[15227]: Failed password for invalid user 111111 from 45.141.84.10 port 6000 ssh2
Mar  5 22:20:52 esisa sshd[15227]: pam_unix(sshd:auth): check pass; user unknown
Mar  5 22:20:52 esisa sshd[15235]: Failed password for root from 219.250.138.170 port 40284 ssh2
Mar  5 22:20:53 esisa sshd[15235]: Connection closed by 219.250.138.170 port 40284 [preauth]
Mar  5 22:20:53 esisa sshd[15227]: Failed password for invalid user 111111 from 45.141.84.10 port 6000 ssh2
Mar  5 22:20:54 esisa sshd[15227]: pam_unix(sshd:auth): check pass; user unknown
Mar  5 22:20:56 esisa sshd[15227]: Failed password for invalid user 111111 from 45.141.84.10 port 6000 ssh2
Mar  5 22:20:57 esisa sshd[15237]: pam_unix(sshd:auth): authentication failure; logname= uid=0 euid=0 tty=ssh ruser= rhost=219.250.138.170  user=root
Mar  5 22:20:57 esisa sshd[15227]: pam_unix(sshd:auth): check pass; user unknown
Mar  5 22:20:58 esisa sshd[15237]: Failed password for root from 219.250.138.170 port 40288 ssh2
Mar  5 22:20:59 esisa sshd[15227]: Failed password for invalid user 111111 from 45.141.84.10 port 6000 ssh2
Mar  5 22:20:59 esisa sshd[15227]: error: maximum authentication attempts exceeded for invalid user 111111 from 45.141.84.10 port 6000 ssh2 [preauth]
Mar  5 22:20:59 esisa sshd[15227]: Disconnecting: Too many authentication failures [preauth]
Mar  5 22:20:59 esisa sshd[15227]: PAM 5 more authentication failures; logname= uid=0 euid=0 tty=ssh ruser= rhost=45.141.84.10
Mar  5 22:20:59 esisa sshd[15227]: PAM service(sshd) ignoring max retries; 6 > 3
Mar  5 22:21:00 esisa sshd[15237]: Connection closed by 219.250.138.170 port 40288 [preauth]
Mar  5 22:21:01 esisa sshd[15240]: pam_unix(sshd:auth): authentication failure; logname= uid=0 euid=0 tty=ssh ruser= rhost=219.250.138.170  user=root
Mar  5 22:21:04 esisa sshd[15240]: Failed password for root from 219.250.138.170 port 40296 ssh2
Mar  5 22:21:04 esisa sshd[15240]: Connection closed by 219.250.138.170 port 40296 [preauth]
Mar  5 22:21:05 esisa sshd[15243]: Invalid user mumbleserver from 89.163.143.48 port 58478
Mar  5 22:21:05 esisa sshd[15243]: input_userauth_request: invalid user mumbleserver [preauth]
Mar  5 22:21:05 esisa sshd[15243]: pam_unix(sshd:auth): check pass; user unknown
Mar  5 22:21:05 esisa sshd[15243]: pam_unix(sshd:auth): authentication failure; logname= uid=0 euid=0 tty=ssh ruser= rhost=vps2256589.fastwebserver.de
Mar  5 22:21:05 esisa sshd[15239]: Invalid user 111111 from 45.141.84.10 port 23724
Mar  5 22:21:05 esisa sshd[15239]: input_userauth_request: invalid user 111111 [preauth]
Mar  5 22:21:06 esisa sshd[15239]: pam_unix(sshd:auth): check pass; user unknown
Mar  5 22:21:06 esisa sshd[15239]: pam_unix(sshd:auth): authentication failure; logname= uid=0 euid=0 tty=ssh ruser= rhost=45.141.84.10
Mar  5 22:21:06 esisa sshd[15245]: pam_unix(sshd:auth): authentication failure; logname= uid=0 euid=0 tty=ssh ruser= rhost=219.250.138.170  user=root
Mar  5 22:21:07 esisa sshd[15243]: Failed password for invalid user mumbleserver from 89.163.143.48 port 58478 ssh2
Mar  5 22:21:07 esisa sshd[15243]: Received disconnect from 89.163.143.48 port 58478:11: Bye Bye [preauth]
Mar  5 22:21:07 esisa sshd[15243]: Disconnected from 89.163.143.48 port 58478 [preauth]
Mar  5 22:21:08 esisa sshd[15239]: Failed password for invalid user 111111 from 45.141.84.10 port 23724 ssh2
Mar  5 22:21:08 esisa sshd[15245]: Failed password for root from 219.250.138.170 port 40302 ssh2
Mar  5 22:21:08 esisa sshd[15245]: Connection closed by 219.250.138.170 port 40302 [preauth]
Mar  5 22:21:09 esisa sshd[15239]: pam_unix(sshd:auth): check pass; user unknown
Mar  5 22:21:10 esisa sshd[15247]: pam_unix(sshd:auth): authentication failure; logname= uid=0 euid=0 tty=ssh ruser= rhost=219.250.138.170  user=root
Mar  5 22:21:10 esisa sshd[15239]: Failed password for invalid user 111111 from 45.141.84.10 port 23724 ssh2
Mar  5 22:21:11 esisa sshd[15239]: pam_unix(sshd:auth): check pass; user unknown
Mar  5 22:21:12 esisa sshd[15247]: Failed password for root from 219.250.138.170 port 40308 ssh2
Mar  5 22:21:13 esisa sshd[15247]: Connection closed by 219.250.138.170 port 40308 [preauth]
Mar  5 22:21:13 esisa sshd[15239]: Failed password for invalid user 111111 from 45.141.84.10 port 23724 ssh2
Mar  5 22:21:14 esisa sshd[15239]: pam_unix(sshd:auth): check pass; user unknown
Mar  5 22:21:16 esisa sshd[15239]: Failed password for invalid user 111111 from 45.141.84.10 port 23724 ssh2
Mar  5 22:21:16 esisa sshd[15239]: pam_unix(sshd:auth): check pass; user unknown
Mar  5 22:21:18 esisa sshd[15239]: Failed password for invalid user 111111 from 45.141.84.10 port 23724 ssh2
Mar  5 22:21:19 esisa sshd[15239]: pam_unix(sshd:auth): check pass; user unknown
Mar  5 22:21:21 esisa sshd[15239]: Failed password for invalid user 111111 from 45.141.84.10 port 23724 ssh2
Mar  5 22:21:21 esisa sshd[15239]: error: maximum authentication attempts exceeded for invalid user 111111 from 45.141.84.10 port 23724 ssh2 [preauth]
Mar  5 22:21:21 esisa sshd[15239]: Disconnecting: Too many authentication failures [preauth]
Mar  5 22:21:21 esisa sshd[15239]: PAM 5 more authentication failures; logname= uid=0 euid=0 tty=ssh ruser= rhost=45.141.84.10
Mar  5 22:21:21 esisa sshd[15239]: PAM service(sshd) ignoring max retries; 6 > 3
Mar  5 22:21:21 esisa sshd[15249]: pam_unix(sshd:auth): authentication failure; logname= uid=0 euid=0 tty=ssh ruser= rhost=219.250.138.170  user=root
Mar  5 22:21:24 esisa sshd[15249]: Failed password for root from 219.250.138.170 port 40312 ssh2
Mar  5 22:21:25 esisa sshd[15249]: Connection closed by 219.250.138.170 port 40312 [preauth]
Mar  5 22:21:26 esisa sshd[15251]: Invalid user 111111 from 45.141.84.10 port 43760
Mar  5 22:21:26 esisa sshd[15251]: input_userauth_request: invalid user 111111 [preauth]
Mar  5 22:21:26 esisa sshd[15251]: pam_unix(sshd:auth): check pass; user unknown
Mar  5 22:21:26 esisa sshd[15251]: pam_unix(sshd:auth): authentication failure; logname= uid=0 euid=0 tty=ssh ruser= rhost=45.141.84.10
Mar  5 22:21:26 esisa sshd[15253]: pam_unix(sshd:auth): authentication failure; logname= uid=0 euid=0 tty=ssh ruser= rhost=219.250.138.170  user=root
Mar  5 22:21:27 esisa sshd[15251]: Failed password for invalid user 111111 from 45.141.84.10 port 43760 ssh2
Mar  5 22:21:28 esisa sshd[15251]: pam_unix(sshd:auth): check pass; user unknown
Mar  5 22:21:28 esisa sshd[15253]: Failed password for root from 219.250.138.170 port 40320 ssh2
Mar  5 22:21:29 esisa sshd[15253]: Connection closed by 219.250.138.170 port 40320 [preauth]
Mar  5 22:21:30 esisa sshd[15251]: Failed password for invalid user 111111 from 45.141.84.10 port 43760 ssh2
Mar  5 22:21:30 esisa sshd[15255]: pam_unix(sshd:auth): authentication failure; logname= uid=0 euid=0 tty=ssh ruser= rhost=219.250.138.170  user=root
Mar  5 22:21:30 esisa sshd[15251]: pam_unix(sshd:auth): check pass; user unknown
Mar  5 22:21:33 esisa sshd[15255]: Failed password for root from 219.250.138.170 port 40326 ssh2
Mar  5 22:21:33 esisa sshd[15251]: Failed password for invalid user 111111 from 45.141.84.10 port 43760 ssh2
Mar  5 22:21:33 esisa sshd[15255]: Connection closed by 219.250.138.170 port 40326 [preauth]
Mar  5 22:21:34 esisa sshd[15257]: pam_unix(sshd:auth): authentication failure; logname= uid=0 euid=0 tty=ssh ruser= rhost=219.250.138.170  user=root
Mar  5 22:21:35 esisa sshd[15251]: pam_unix(sshd:auth): check pass; user unknown
Mar  5 22:21:36 esisa sshd[15257]: Failed password for root from 219.250.138.170 port 40330 ssh2
Mar  5 22:21:37 esisa sshd[15257]: Connection closed by 219.250.138.170 port 40330 [preauth]
Mar  5 22:21:37 esisa sshd[15251]: Failed password for invalid user 111111 from 45.141.84.10 port 43760 ssh2
Mar  5 22:21:37 esisa sshd[15251]: pam_unix(sshd:auth): check pass; user unknown
Mar  5 22:21:38 esisa sshd[15259]: pam_unix(sshd:auth): authentication failure; logname= uid=0 euid=0 tty=ssh ruser= rhost=219.250.138.170  user=root
Mar  5 22:21:39 esisa sshd[15251]: Failed password for invalid user 111111 from 45.141.84.10 port 43760 ssh2
Mar  5 22:21:40 esisa sshd[15251]: pam_unix(sshd:auth): check pass; user unknown
Mar  5 22:21:40 esisa sshd[15259]: Failed password for root from 219.250.138.170 port 40336 ssh2
Mar  5 22:21:40 esisa sshd[15259]: Connection closed by 219.250.138.170 port 40336 [preauth]
Mar  5 22:21:42 esisa sshd[15251]: Failed password for invalid user 111111 from 45.141.84.10 port 43760 ssh2
Mar  5 22:21:42 esisa sshd[15251]: error: maximum authentication attempts exceeded for invalid user 111111 from 45.141.84.10 port 43760 ssh2 [preauth]
Mar  5 22:21:42 esisa sshd[15251]: Disconnecting: Too many authentication failures [preauth]
Mar  5 22:21:42 esisa sshd[15251]: PAM 5 more authentication failures; logname= uid=0 euid=0 tty=ssh ruser= rhost=45.141.84.10
Mar  5 22:21:42 esisa sshd[15251]: PAM service(sshd) ignoring max retries; 6 > 3
Mar  5 22:21:42 esisa sshd[15261]: pam_unix(sshd:auth): authentication failure; logname= uid=0 euid=0 tty=ssh ruser= rhost=219.250.138.170  user=root
Mar  5 22:21:44 esisa sshd[15261]: Failed password for root from 219.250.138.170 port 40340 ssh2
Mar  5 22:21:45 esisa sshd[15261]: Connection closed by 219.250.138.170 port 40340 [preauth]
Mar  5 22:21:46 esisa sshd[15263]: Invalid user 111111 from 45.141.84.10 port 17416
Mar  5 22:21:46 esisa sshd[15263]: input_userauth_request: invalid user 111111 [preauth]
Mar  5 22:21:46 esisa sshd[15263]: pam_unix(sshd:auth): check pass; user unknown
Mar  5 22:21:46 esisa sshd[15263]: pam_unix(sshd:auth): authentication failure; logname= uid=0 euid=0 tty=ssh ruser= rhost=45.141.84.10
Mar  5 22:21:46 esisa sshd[15265]: pam_unix(sshd:auth): authentication failure; logname= uid=0 euid=0 tty=ssh ruser= rhost=219.250.138.170  user=root
Mar  5 22:21:48 esisa sshd[15263]: Failed password for invalid user 111111 from 45.141.84.10 port 17416 ssh2
Mar  5 22:21:48 esisa sshd[15265]: Failed password for root from 219.250.138.170 port 40348 ssh2
Mar  5 22:21:48 esisa sshd[15265]: Connection closed by 219.250.138.170 port 40348 [preauth]
Mar  5 22:21:49 esisa sshd[15269]: pam_unix(sshd:auth): authentication failure; logname= uid=0 euid=0 tty=ssh ruser= rhost=138.68.178.64  user=root
Mar  5 22:21:49 esisa sshd[15263]: pam_unix(sshd:auth): check pass; user unknown
Mar  5 22:21:50 esisa sshd[15271]: pam_unix(sshd:auth): authentication failure; logname= uid=0 euid=0 tty=ssh ruser= rhost=219.250.138.170  user=root
Mar  5 22:21:51 esisa sshd[15269]: Failed password for root from 138.68.178.64 port 58082 ssh2
Mar  5 22:21:51 esisa sshd[15269]: Received disconnect from 138.68.178.64 port 58082:11: Bye Bye [preauth]
Mar  5 22:21:51 esisa sshd[15269]: Disconnected from 138.68.178.64 port 58082 [preauth]
Mar  5 22:21:51 esisa sshd[15267]: Address 204.44.94.16 maps to 204.44.94.16.static.quadranet.com, but this does not map back to the address - POSSIBLE BREAK-IN ATTEMPT!
Mar  5 22:21:51 esisa sshd[15267]: Invalid user test from 204.44.94.16 port 42646
Mar  5 22:21:51 esisa sshd[15267]: input_userauth_request: invalid user test [preauth]
Mar  5 22:21:51 esisa sshd[15267]: pam_unix(sshd:auth): check pass; user unknown
Mar  5 22:21:51 esisa sshd[15267]: pam_unix(sshd:auth): authentication failure; logname= uid=0 euid=0 tty=ssh ruser= rhost=204.44.94.16
Mar  5 22:21:51 esisa sshd[15263]: Failed password for invalid user 111111 from 45.141.84.10 port 17416 ssh2
Mar  5 22:21:52 esisa sshd[15271]: Failed password for root from 219.250.138.170 port 40350 ssh2
Mar  5 22:21:53 esisa sshd[15263]: pam_unix(sshd:auth): check pass; user unknown
Mar  5 22:21:53 esisa sshd[15267]: Failed password for invalid user test from 204.44.94.16 port 42646 ssh2
Mar  5 22:21:53 esisa sshd[15267]: Received disconnect from 204.44.94.16 port 42646:11: Bye Bye [preauth]
Mar  5 22:21:53 esisa sshd[15267]: Disconnected from 204.44.94.16 port 42646 [preauth]
Mar  5 22:21:55 esisa sshd[15263]: Failed password for invalid user 111111 from 45.141.84.10 port 17416 ssh2
Mar  5 22:21:55 esisa sshd[15263]: pam_unix(sshd:auth): check pass; user unknown
Mar  5 22:21:55 esisa sshd[15271]: Connection closed by 219.250.138.170 port 40350 [preauth]
Mar  5 22:21:57 esisa sshd[15273]: pam_unix(sshd:auth): authentication failure; logname= uid=0 euid=0 tty=ssh ruser= rhost=219.250.138.170  user=root
Mar  5 22:21:58 esisa sshd[15263]: Failed password for invalid user 111111 from 45.141.84.10 port 17416 ssh2
Mar  5 22:21:58 esisa sshd[15263]: pam_unix(sshd:auth): check pass; user unknown
Mar  5 22:21:59 esisa sshd[15273]: Failed password for root from 219.250.138.170 port 40352 ssh2
Mar  5 22:22:00 esisa sshd[15273]: Connection closed by 219.250.138.170 port 40352 [preauth]
Mar  5 22:22:00 esisa sshd[15263]: Failed password for invalid user 111111 from 45.141.84.10 port 17416 ssh2
Mar  5 22:22:01 esisa sshd[15263]: pam_unix(sshd:auth): check pass; user unknown
Mar  5 22:22:03 esisa sshd[15263]: Failed password for invalid user 111111 from 45.141.84.10 port 17416 ssh2
Mar  5 22:22:03 esisa sshd[15263]: error: maximum authentication attempts exceeded for invalid user 111111 from 45.141.84.10 port 17416 ssh2 [preauth]
Mar  5 22:22:03 esisa sshd[15263]: Disconnecting: Too many authentication failures [preauth]
Mar  5 22:22:03 esisa sshd[15263]: PAM 5 more authentication failures; logname= uid=0 euid=0 tty=ssh ruser= rhost=45.141.84.10
Mar  5 22:22:03 esisa sshd[15263]: PAM service(sshd) ignoring max retries; 6 > 3
Mar  5 22:22:04 esisa sshd[15275]: pam_unix(sshd:auth): authentication failure; logname= uid=0 euid=0 tty=ssh ruser= rhost=219.250.138.170  user=root
Mar  5 22:22:06 esisa sshd[15275]: Failed password for root from 219.250.138.170 port 40356 ssh2
Mar  5 22:22:06 esisa sshd[15275]: Connection closed by 219.250.138.170 port 40356 [preauth]
Mar  5 22:22:07 esisa sshd[15277]: Invalid user 111111 from 45.141.84.10 port 3068
Mar  5 22:22:07 esisa sshd[15277]: input_userauth_request: invalid user 111111 [preauth]
Mar  5 22:22:07 esisa sshd[15277]: pam_unix(sshd:auth): check pass; user unknown
Mar  5 22:22:07 esisa sshd[15277]: pam_unix(sshd:auth): authentication failure; logname= uid=0 euid=0 tty=ssh ruser= rhost=45.141.84.10
Mar  5 22:22:08 esisa sshd[15279]: pam_unix(sshd:auth): authentication failure; logname= uid=0 euid=0 tty=ssh ruser= rhost=219.250.138.170  user=root
Mar  5 22:22:09 esisa sshd[15281]: pam_unix(sshd:auth): authentication failure; logname= uid=0 euid=0 tty=ssh ruser= rhost=vps2256589.fastwebserver.de  user=root
Mar  5 22:22:10 esisa sshd[15279]: Failed password for root from 219.250.138.170 port 40362 ssh2
Mar  5 22:22:10 esisa sshd[15277]: Failed password for invalid user 111111 from 45.141.84.10 port 3068 ssh2
Mar  5 22:22:10 esisa sshd[15277]: pam_unix(sshd:auth): check pass; user unknown
Mar  5 22:22:11 esisa sshd[15281]: Failed password for root from 89.163.143.48 port 58800 ssh2
Mar  5 22:22:11 esisa sshd[15281]: Received disconnect from 89.163.143.48 port 58800:11: Bye Bye [preauth]
Mar  5 22:22:11 esisa sshd[15281]: Disconnected from 89.163.143.48 port 58800 [preauth]
Mar  5 22:22:12 esisa sshd[15277]: Failed password for invalid user 111111 from 45.141.84.10 port 3068 ssh2
Mar  5 22:22:12 esisa sshd[15279]: Connection closed by 219.250.138.170 port 40362 [preauth]
Mar  5 22:22:13 esisa sshd[15277]: pam_unix(sshd:auth): check pass; user unknown
Mar  5 22:22:15 esisa sshd[15277]: Failed password for invalid user 111111 from 45.141.84.10 port 3068 ssh2
Mar  5 22:22:15 esisa sshd[15277]: pam_unix(sshd:auth): check pass; user unknown
Mar  5 22:22:17 esisa sshd[15277]: Failed password for invalid user 111111 from 45.141.84.10 port 3068 ssh2
Mar  5 22:22:17 esisa sshd[15277]: pam_unix(sshd:auth): check pass; user unknown
Mar  5 22:22:19 esisa sshd[15283]: pam_unix(sshd:auth): authentication failure; logname= uid=0 euid=0 tty=ssh ruser= rhost=219.250.138.170  user=root
Mar  5 22:22:19 esisa sshd[15277]: Failed password for invalid user 111111 from 45.141.84.10 port 3068 ssh2
Mar  5 22:22:20 esisa sshd[15277]: pam_unix(sshd:auth): check pass; user unknown
Mar  5 22:22:22 esisa sshd[15283]: Failed password for root from 219.250.138.170 port 40366 ssh2
Mar  5 22:22:22 esisa sshd[15277]: Failed password for invalid user 111111 from 45.141.84.10 port 3068 ssh2
Mar  5 22:22:22 esisa sshd[15277]: error: maximum authentication attempts exceeded for invalid user 111111 from 45.141.84.10 port 3068 ssh2 [preauth]
Mar  5 22:22:22 esisa sshd[15277]: Disconnecting: Too many authentication failures [preauth]
Mar  5 22:22:22 esisa sshd[15277]: PAM 5 more authentication failures; logname= uid=0 euid=0 tty=ssh ruser= rhost=45.141.84.10
Mar  5 22:22:22 esisa sshd[15277]: PAM service(sshd) ignoring max retries; 6 > 3
Mar  5 22:22:22 esisa sshd[15283]: Connection closed by 219.250.138.170 port 40366 [preauth]
Mar  5 22:22:23 esisa sshd[15285]: pam_unix(sshd:auth): authentication failure; logname= uid=0 euid=0 tty=ssh ruser= rhost=219.250.138.170  user=root
Mar  5 22:22:26 esisa sshd[15285]: Failed password for root from 219.250.138.170 port 40376 ssh2
Mar  5 22:22:26 esisa sshd[15285]: Connection closed by 219.250.138.170 port 40376 [preauth]
Mar  5 22:22:27 esisa sshd[15289]: pam_unix(sshd:auth): authentication failure; logname= uid=0 euid=0 tty=ssh ruser= rhost=143.110.148.132  user=root
Mar  5 22:22:27 esisa sshd[15287]: Invalid user 111111 from 45.141.84.10 port 43526
Mar  5 22:22:27 esisa sshd[15287]: input_userauth_request: invalid user 111111 [preauth]
Mar  5 22:22:27 esisa sshd[15287]: pam_unix(sshd:auth): check pass; user unknown
Mar  5 22:22:27 esisa sshd[15287]: pam_unix(sshd:auth): authentication failure; logname= uid=0 euid=0 tty=ssh ruser= rhost=45.141.84.10
Mar  5 22:22:28 esisa sshd[15289]: Failed password for root from 143.110.148.132 port 50548 ssh2
Mar  5 22:22:28 esisa sshd[15291]: pam_unix(sshd:auth): authentication failure; logname= uid=0 euid=0 tty=ssh ruser= rhost=219.250.138.170  user=root
Mar  5 22:22:29 esisa sshd[15289]: Received disconnect from 143.110.148.132 port 50548:11: Bye Bye [preauth]
Mar  5 22:22:29 esisa sshd[15289]: Disconnected from 143.110.148.132 port 50548 [preauth]
Mar  5 22:22:29 esisa sshd[15287]: Failed password for invalid user 111111 from 45.141.84.10 port 43526 ssh2
Mar  5 22:22:29 esisa sshd[15287]: pam_unix(sshd:auth): check pass; user unknown
Mar  5 22:22:30 esisa sshd[15291]: Failed password for root from 219.250.138.170 port 40378 ssh2
Mar  5 22:22:31 esisa sshd[15291]: Connection closed by 219.250.138.170 port 40378 [preauth]
Mar  5 22:22:31 esisa sshd[15287]: Failed password for invalid user 111111 from 45.141.84.10 port 43526 ssh2
Mar  5 22:22:32 esisa sshd[15287]: pam_unix(sshd:auth): check pass; user unknown
Mar  5 22:22:32 esisa sshd[15293]: pam_unix(sshd:auth): authentication failure; logname= uid=0 euid=0 tty=ssh ruser= rhost=219.250.138.170  user=root
Mar  5 22:22:34 esisa sshd[15287]: Failed password for invalid user 111111 from 45.141.84.10 port 43526 ssh2
Mar  5 22:22:34 esisa sshd[15287]: pam_unix(sshd:auth): check pass; user unknown
Mar  5 22:22:34 esisa sshd[15293]: Failed password for root from 219.250.138.170 port 40382 ssh2
Mar  5 22:22:35 esisa sshd[15293]: Connection closed by 219.250.138.170 port 40382 [preauth]
Mar  5 22:22:36 esisa sshd[15287]: Failed password for invalid user 111111 from 45.141.84.10 port 43526 ssh2
Mar  5 22:22:36 esisa sshd[15287]: pam_unix(sshd:auth): check pass; user unknown
Mar  5 22:22:37 esisa sshd[15295]: pam_unix(sshd:auth): authentication failure; logname= uid=0 euid=0 tty=ssh ruser= rhost=192.144.216.91  user=root
Mar  5 22:22:38 esisa sshd[15287]: Failed password for invalid user 111111 from 45.141.84.10 port 43526 ssh2
Mar  5 22:22:39 esisa sshd[15295]: Failed password for root from 192.144.216.91 port 33922 ssh2
Mar  5 22:22:39 esisa sshd[15295]: Received disconnect from 192.144.216.91 port 33922:11: Bye Bye [preauth]
Mar  5 22:22:39 esisa sshd[15295]: Disconnected from 192.144.216.91 port 33922 [preauth]
Mar  5 22:22:40 esisa sshd[15287]: pam_unix(sshd:auth): check pass; user unknown
Mar  5 22:22:42 esisa sshd[15287]: Failed password for invalid user 111111 from 45.141.84.10 port 43526 ssh2
Mar  5 22:22:42 esisa sshd[15287]: error: maximum authentication attempts exceeded for invalid user 111111 from 45.141.84.10 port 43526 ssh2 [preauth]
Mar  5 22:22:42 esisa sshd[15287]: Disconnecting: Too many authentication failures [preauth]
Mar  5 22:22:42 esisa sshd[15287]: PAM 5 more authentication failures; logname= uid=0 euid=0 tty=ssh ruser= rhost=45.141.84.10
Mar  5 22:22:42 esisa sshd[15287]: PAM service(sshd) ignoring max retries; 6 > 3
Mar  5 22:22:43 esisa sshd[15298]: pam_unix(sshd:auth): authentication failure; logname= uid=0 euid=0 tty=ssh ruser= rhost=219.250.138.170  user=root
Mar  5 22:22:46 esisa sshd[15298]: Failed password for root from 219.250.138.170 port 40386 ssh2
Mar  5 22:22:46 esisa sshd[15298]: Connection closed by 219.250.138.170 port 40386 [preauth]
Mar  5 22:22:48 esisa sshd[15301]: pam_unix(sshd:auth): authentication failure; logname= uid=0 euid=0 tty=ssh ruser= rhost=219.250.138.170  user=root
Mar  5 22:22:48 esisa sshd[15297]: Invalid user 111111 from 45.141.84.10 port 61234
Mar  5 22:22:48 esisa sshd[15297]: input_userauth_request: invalid user 111111 [preauth]
Mar  5 22:22:48 esisa sshd[15297]: pam_unix(sshd:auth): check pass; user unknown
Mar  5 22:22:48 esisa sshd[15297]: pam_unix(sshd:auth): authentication failure; logname= uid=0 euid=0 tty=ssh ruser= rhost=45.141.84.10
Mar  5 22:22:49 esisa sshd[15301]: Failed password for root from 219.250.138.170 port 40396 ssh2
Mar  5 22:22:50 esisa sshd[15301]: Connection closed by 219.250.138.170 port 40396 [preauth]
Mar  5 22:22:50 esisa sshd[15297]: Failed password for invalid user 111111 from 45.141.84.10 port 61234 ssh2
Mar  5 22:22:50 esisa sshd[15297]: pam_unix(sshd:auth): check pass; user unknown
Mar  5 22:22:51 esisa sshd[15305]: pam_unix(sshd:auth): authentication failure; logname= uid=0 euid=0 tty=ssh ruser= rhost=138.68.178.64  user=root
Mar  5 22:22:51 esisa sshd[15303]: pam_unix(sshd:auth): authentication failure; logname= uid=0 euid=0 tty=ssh ruser= rhost=219.250.138.170  user=root
Mar  5 22:22:51 esisa sshd[15297]: Failed password for invalid user 111111 from 45.141.84.10 port 61234 ssh2
Mar  5 22:22:52 esisa sshd[15297]: pam_unix(sshd:auth): check pass; user unknown
Mar  5 22:22:53 esisa sshd[15305]: Failed password for root from 138.68.178.64 port 47124 ssh2
Mar  5 22:22:53 esisa sshd[15305]: Received disconnect from 138.68.178.64 port 47124:11: Bye Bye [preauth]
Mar  5 22:22:53 esisa sshd[15305]: Disconnected from 138.68.178.64 port 47124 [preauth]
Mar  5 22:22:53 esisa sshd[15303]: Failed password for root from 219.250.138.170 port 40402 ssh2
Mar  5 22:22:54 esisa sshd[15303]: Connection closed by 219.250.138.170 port 40402 [preauth]
Mar  5 22:22:54 esisa sshd[15297]: Failed password for invalid user 111111 from 45.141.84.10 port 61234 ssh2
Mar  5 22:22:55 esisa sshd[15297]: pam_unix(sshd:auth): check pass; user unknown
Mar  5 22:22:56 esisa sshd[15307]: pam_unix(sshd:auth): authentication failure; logname= uid=0 euid=0 tty=ssh ruser= rhost=219.250.138.170  user=root
Mar  5 22:22:57 esisa sshd[15297]: Failed password for invalid user 111111 from 45.141.84.10 port 61234 ssh2
Mar  5 22:22:58 esisa sshd[15297]: pam_unix(sshd:auth): check pass; user unknown
Mar  5 22:22:58 esisa sshd[15307]: Failed password for root from 219.250.138.170 port 40406 ssh2
Mar  5 22:22:58 esisa sshd[15307]: Connection closed by 219.250.138.170 port 40406 [preauth]
Mar  5 22:22:59 esisa sshd[15309]: pam_unix(sshd:auth): authentication failure; logname= uid=0 euid=0 tty=ssh ruser= rhost=219.250.138.170  user=root
Mar  5 22:23:00 esisa sshd[15297]: Failed password for invalid user 111111 from 45.141.84.10 port 61234 ssh2
Mar  5 22:23:00 esisa sshd[15297]: pam_unix(sshd:auth): check pass; user unknown
Mar  5 22:23:01 esisa sshd[15309]: Failed password for root from 219.250.138.170 port 40410 ssh2
Mar  5 22:23:01 esisa sshd[15309]: Connection closed by 219.250.138.170 port 40410 [preauth]
Mar  5 22:23:02 esisa sshd[15297]: Failed password for invalid user 111111 from 45.141.84.10 port 61234 ssh2
Mar  5 22:23:02 esisa sshd[15297]: error: maximum authentication attempts exceeded for invalid user 111111 from 45.141.84.10 port 61234 ssh2 [preauth]
Mar  5 22:23:02 esisa sshd[15297]: Disconnecting: Too many authentication failures [preauth]
Mar  5 22:23:02 esisa sshd[15297]: PAM 5 more authentication failures; logname= uid=0 euid=0 tty=ssh ruser= rhost=45.141.84.10
Mar  5 22:23:02 esisa sshd[15297]: PAM service(sshd) ignoring max retries; 6 > 3
Mar  5 22:23:03 esisa sshd[15311]: pam_unix(sshd:auth): authentication failure; logname= uid=0 euid=0 tty=ssh ruser= rhost=219.250.138.170  user=root
Mar  5 22:23:05 esisa sshd[15311]: Failed password for root from 219.250.138.170 port 40418 ssh2
Mar  5 22:23:06 esisa sshd[15311]: Connection closed by 219.250.138.170 port 40418 [preauth]
Mar  5 22:23:07 esisa sshd[15317]: pam_unix(sshd:auth): authentication failure; logname= uid=0 euid=0 tty=ssh ruser= rhost=vps2256589.fastwebserver.de  user=root
Mar  5 22:23:07 esisa sshd[15315]: pam_unix(sshd:auth): authentication failure; logname= uid=0 euid=0 tty=ssh ruser= rhost=219.250.138.170  user=root
Mar  5 22:23:08 esisa sshd[15313]: Invalid user 111111 from 45.141.84.10 port 8135
Mar  5 22:23:08 esisa sshd[15313]: input_userauth_request: invalid user 111111 [preauth]
Mar  5 22:23:08 esisa sshd[15313]: pam_unix(sshd:auth): check pass; user unknown
Mar  5 22:23:08 esisa sshd[15313]: pam_unix(sshd:auth): authentication failure; logname= uid=0 euid=0 tty=ssh ruser= rhost=45.141.84.10
Mar  5 22:23:09 esisa sshd[15317]: Failed password for root from 89.163.143.48 port 57352 ssh2
Mar  5 22:23:09 esisa sshd[15317]: Received disconnect from 89.163.143.48 port 57352:11: Bye Bye [preauth]
Mar  5 22:23:09 esisa sshd[15317]: Disconnected from 89.163.143.48 port 57352 [preauth]
Mar  5 22:23:10 esisa sshd[15315]: Failed password for root from 219.250.138.170 port 40426 ssh2
Mar  5 22:23:10 esisa sshd[15313]: Failed password for invalid user 111111 from 45.141.84.10 port 8135 ssh2
Mar  5 22:23:10 esisa sshd[15313]: pam_unix(sshd:auth): check pass; user unknown
Mar  5 22:23:10 esisa sshd[15315]: Connection closed by 219.250.138.170 port 40426 [preauth]
Mar  5 22:23:12 esisa sshd[15313]: Failed password for invalid user 111111 from 45.141.84.10 port 8135 ssh2
Mar  5 22:23:12 esisa sshd[15319]: pam_unix(sshd:auth): authentication failure; logname= uid=0 euid=0 tty=ssh ruser= rhost=219.250.138.170  user=root
Mar  5 22:23:13 esisa sshd[15313]: pam_unix(sshd:auth): check pass; user unknown
Mar  5 22:23:14 esisa sshd[15319]: Failed password for root from 219.250.138.170 port 40432 ssh2
Mar  5 22:23:15 esisa sshd[15319]: Connection closed by 219.250.138.170 port 40432 [preauth]
Mar  5 22:23:15 esisa sshd[15313]: Failed password for invalid user 111111 from 45.141.84.10 port 8135 ssh2
Mar  5 22:23:15 esisa sshd[15313]: pam_unix(sshd:auth): check pass; user unknown
Mar  5 22:23:17 esisa sshd[15321]: pam_unix(sshd:auth): authentication failure; logname= uid=0 euid=0 tty=ssh ruser= rhost=219.250.138.170  user=root
Mar  5 22:23:18 esisa sshd[15313]: Failed password for invalid user 111111 from 45.141.84.10 port 8135 ssh2
Mar  5 22:23:18 esisa sshd[15313]: pam_unix(sshd:auth): check pass; user unknown
Mar  5 22:23:19 esisa sshd[15321]: Failed password for root from 219.250.138.170 port 40434 ssh2
Mar  5 22:23:20 esisa sshd[15321]: Connection closed by 219.250.138.170 port 40434 [preauth]
Mar  5 22:23:20 esisa sshd[15313]: Failed password for invalid user 111111 from 45.141.84.10 port 8135 ssh2
Mar  5 22:23:20 esisa sshd[15313]: pam_unix(sshd:auth): check pass; user unknown
Mar  5 22:23:22 esisa sshd[15323]: pam_unix(sshd:auth): authentication failure; logname= uid=0 euid=0 tty=ssh ruser= rhost=219.250.138.170  user=root
Mar  5 22:23:22 esisa sshd[15313]: Failed password for invalid user 111111 from 45.141.84.10 port 8135 ssh2
Mar  5 22:23:22 esisa sshd[15313]: error: maximum authentication attempts exceeded for invalid user 111111 from 45.141.84.10 port 8135 ssh2 [preauth]
Mar  5 22:23:22 esisa sshd[15313]: Disconnecting: Too many authentication failures [preauth]
Mar  5 22:23:22 esisa sshd[15313]: PAM 5 more authentication failures; logname= uid=0 euid=0 tty=ssh ruser= rhost=45.141.84.10
Mar  5 22:23:22 esisa sshd[15313]: PAM service(sshd) ignoring max retries; 6 > 3
Mar  5 22:23:23 esisa sshd[15323]: Failed password for root from 219.250.138.170 port 40438 ssh2
Mar  5 22:23:24 esisa sshd[15323]: Connection closed by 219.250.138.170 port 40438 [preauth]
Mar  5 22:23:25 esisa sshd[15325]: Address 204.44.94.16 maps to 204.44.94.16.static.quadranet.com, but this does not map back to the address - POSSIBLE BREAK-IN ATTEMPT!
Mar  5 22:23:25 esisa sshd[15325]: Invalid user chi from 204.44.94.16 port 60018
Mar  5 22:23:25 esisa sshd[15325]: input_userauth_request: invalid user chi [preauth]
Mar  5 22:23:25 esisa sshd[15325]: pam_unix(sshd:auth): check pass; user unknown
Mar  5 22:23:25 esisa sshd[15325]: pam_unix(sshd:auth): authentication failure; logname= uid=0 euid=0 tty=ssh ruser= rhost=204.44.94.16
Mar  5 22:23:26 esisa sshd[15328]: pam_unix(sshd:auth): authentication failure; logname= uid=0 euid=0 tty=ssh ruser= rhost=219.250.138.170  user=root
Mar  5 22:23:27 esisa sshd[15325]: Failed password for invalid user chi from 204.44.94.16 port 60018 ssh2
Mar  5 22:23:27 esisa sshd[15328]: Failed password for root from 219.250.138.170 port 40440 ssh2
Mar  5 22:23:27 esisa sshd[15325]: Received disconnect from 204.44.94.16 port 60018:11: Bye Bye [preauth]
Mar  5 22:23:27 esisa sshd[15325]: Disconnected from 204.44.94.16 port 60018 [preauth]
Mar  5 22:23:28 esisa sshd[15328]: Connection closed by 219.250.138.170 port 40440 [preauth]
Mar  5 22:23:29 esisa sshd[15327]: Invalid user 111111 from 45.141.84.10 port 52932
Mar  5 22:23:29 esisa sshd[15327]: input_userauth_request: invalid user 111111 [preauth]
Mar  5 22:23:29 esisa sshd[15327]: pam_unix(sshd:auth): check pass; user unknown
Mar  5 22:23:29 esisa sshd[15327]: pam_unix(sshd:auth): authentication failure; logname= uid=0 euid=0 tty=ssh ruser= rhost=45.141.84.10
Mar  5 22:23:31 esisa sshd[15327]: Failed password for invalid user 111111 from 45.141.84.10 port 52932 ssh2
Mar  5 22:23:31 esisa sshd[15327]: pam_unix(sshd:auth): check pass; user unknown
Mar  5 22:23:34 esisa sshd[15327]: Failed password for invalid user 111111 from 45.141.84.10 port 52932 ssh2
Mar  5 22:23:35 esisa sshd[15327]: pam_unix(sshd:auth): check pass; user unknown
Mar  5 22:23:36 esisa sshd[15331]: pam_unix(sshd:auth): authentication failure; logname= uid=0 euid=0 tty=ssh ruser= rhost=219.250.138.170  user=root
Mar  5 22:23:36 esisa sshd[15327]: Failed password for invalid user 111111 from 45.141.84.10 port 52932 ssh2
Mar  5 22:23:37 esisa sshd[15327]: pam_unix(sshd:auth): check pass; user unknown
Mar  5 22:23:38 esisa sshd[15331]: Failed password for root from 219.250.138.170 port 40446 ssh2
Mar  5 22:23:39 esisa sshd[15327]: Failed password for invalid user 111111 from 45.141.84.10 port 52932 ssh2
Mar  5 22:23:39 esisa sshd[15331]: Connection closed by 219.250.138.170 port 40446 [preauth]
Mar  5 22:23:39 esisa sshd[15327]: pam_unix(sshd:auth): check pass; user unknown
Mar  5 22:23:40 esisa sshd[15333]: pam_unix(sshd:auth): authentication failure; logname= uid=0 euid=0 tty=ssh ruser= rhost=219.250.138.170  user=root
Mar  5 22:23:41 esisa sshd[15327]: Failed password for invalid user 111111 from 45.141.84.10 port 52932 ssh2
Mar  5 22:23:41 esisa sshd[15327]: pam_unix(sshd:auth): check pass; user unknown
Mar  5 22:23:42 esisa sshd[15333]: Failed password for root from 219.250.138.170 port 40456 ssh2
Mar  5 22:23:43 esisa sshd[15333]: Connection closed by 219.250.138.170 port 40456 [preauth]
Mar  5 22:23:43 esisa sshd[15327]: Failed password for invalid user 111111 from 45.141.84.10 port 52932 ssh2
Mar  5 22:23:43 esisa sshd[15327]: error: maximum authentication attempts exceeded for invalid user 111111 from 45.141.84.10 port 52932 ssh2 [preauth]
Mar  5 22:23:43 esisa sshd[15327]: Disconnecting: Too many authentication failures [preauth]
Mar  5 22:23:43 esisa sshd[15327]: PAM 5 more authentication failures; logname= uid=0 euid=0 tty=ssh ruser= rhost=45.141.84.10
Mar  5 22:23:43 esisa sshd[15327]: PAM service(sshd) ignoring max retries; 6 > 3
Mar  5 22:23:44 esisa sshd[15335]: pam_unix(sshd:auth): authentication failure; logname= uid=0 euid=0 tty=ssh ruser= rhost=219.250.138.170  user=root
Mar  5 22:23:46 esisa sshd[15335]: Failed password for root from 219.250.138.170 port 40460 ssh2
Mar  5 22:23:46 esisa sshd[15335]: Connection closed by 219.250.138.170 port 40460 [preauth]
Mar  5 22:23:48 esisa sshd[15339]: pam_unix(sshd:auth): authentication failure; logname= uid=0 euid=0 tty=ssh ruser= rhost=219.250.138.170  user=root
Mar  5 22:23:50 esisa sshd[15339]: Failed password for root from 219.250.138.170 port 40462 ssh2
Mar  5 22:23:50 esisa sshd[15337]: Invalid user 111111 from 45.141.84.10 port 21838
Mar  5 22:23:50 esisa sshd[15337]: input_userauth_request: invalid user 111111 [preauth]
Mar  5 22:23:50 esisa sshd[15339]: Connection closed by 219.250.138.170 port 40462 [preauth]
Mar  5 22:23:50 esisa sshd[15337]: pam_unix(sshd:auth): check pass; user unknown
Mar  5 22:23:50 esisa sshd[15337]: pam_unix(sshd:auth): authentication failure; logname= uid=0 euid=0 tty=ssh ruser= rhost=45.141.84.10
Mar  5 22:23:51 esisa sshd[15343]: Invalid user seb from 138.68.178.64 port 36168
Mar  5 22:23:51 esisa sshd[15343]: input_userauth_request: invalid user seb [preauth]
Mar  5 22:23:51 esisa sshd[15343]: pam_unix(sshd:auth): check pass; user unknown
Mar  5 22:23:51 esisa sshd[15343]: pam_unix(sshd:auth): authentication failure; logname= uid=0 euid=0 tty=ssh ruser= rhost=138.68.178.64
Mar  5 22:23:51 esisa sshd[15341]: pam_unix(sshd:auth): authentication failure; logname= uid=0 euid=0 tty=ssh ruser= rhost=219.250.138.170  user=root
Mar  5 22:23:52 esisa sshd[15337]: Failed password for invalid user 111111 from 45.141.84.10 port 21838 ssh2
Mar  5 22:23:53 esisa sshd[15337]: pam_unix(sshd:auth): check pass; user unknown
Mar  5 22:23:54 esisa sshd[15343]: Failed password for invalid user seb from 138.68.178.64 port 36168 ssh2
Mar  5 22:23:54 esisa sshd[15343]: Received disconnect from 138.68.178.64 port 36168:11: Bye Bye [preauth]
Mar  5 22:23:54 esisa sshd[15343]: Disconnected from 138.68.178.64 port 36168 [preauth]
Mar  5 22:23:54 esisa sshd[15341]: Failed password for root from 219.250.138.170 port 40466 ssh2
Mar  5 22:23:54 esisa sshd[15341]: Connection closed by 219.250.138.170 port 40466 [preauth]
Mar  5 22:23:55 esisa sshd[15337]: Failed password for invalid user 111111 from 45.141.84.10 port 21838 ssh2
Mar  5 22:23:55 esisa sshd[15337]: pam_unix(sshd:auth): check pass; user unknown
Mar  5 22:23:56 esisa sshd[15345]: pam_unix(sshd:auth): authentication failure; logname= uid=0 euid=0 tty=ssh ruser= rhost=219.250.138.170  user=root
Mar  5 22:23:57 esisa sshd[15345]: Failed password for root from 219.250.138.170 port 40472 ssh2
Mar  5 22:23:57 esisa sshd[15345]: Connection closed by 219.250.138.170 port 40472 [preauth]
Mar  5 22:23:58 esisa sshd[15337]: Failed password for invalid user 111111 from 45.141.84.10 port 21838 ssh2
Mar  5 22:23:58 esisa sshd[15337]: Disconnecting: Change of username or service not allowed: (111111,ssh-connection) -> (123,ssh-connection) [preauth]
Mar  5 22:23:58 esisa sshd[15337]: PAM 2 more authentication failures; logname= uid=0 euid=0 tty=ssh ruser= rhost=45.141.84.10
Mar  5 22:23:59 esisa sshd[15347]: pam_unix(sshd:auth): authentication failure; logname= uid=0 euid=0 tty=ssh ruser= rhost=219.250.138.170  user=root
Mar  5 22:24:01 esisa sshd[15349]: Invalid user 123 from 45.141.84.10 port 18677
Mar  5 22:24:01 esisa sshd[15349]: input_userauth_request: invalid user 123 [preauth]
Mar  5 22:24:01 esisa sshd[15347]: Failed password for root from 219.250.138.170 port 40476 ssh2
Mar  5 22:24:01 esisa sshd[15349]: pam_unix(sshd:auth): check pass; user unknown
Mar  5 22:24:01 esisa sshd[15349]: pam_unix(sshd:auth): authentication failure; logname= uid=0 euid=0 tty=ssh ruser= rhost=45.141.84.10
Mar  5 22:24:01 esisa sshd[15347]: Connection closed by 219.250.138.170 port 40476 [preauth]
Mar  5 22:24:03 esisa sshd[15349]: Failed password for invalid user 123 from 45.141.84.10 port 18677 ssh2
Mar  5 22:24:03 esisa sshd[15351]: pam_unix(sshd:auth): authentication failure; logname= uid=0 euid=0 tty=ssh ruser= rhost=219.250.138.170  user=root
Mar  5 22:24:03 esisa sshd[15349]: pam_unix(sshd:auth): check pass; user unknown
Mar  5 22:24:04 esisa sshd[15353]: Invalid user farmacia from 89.163.143.48 port 55688
Mar  5 22:24:04 esisa sshd[15353]: input_userauth_request: invalid user farmacia [preauth]
Mar  5 22:24:04 esisa sshd[15353]: pam_unix(sshd:auth): check pass; user unknown
Mar  5 22:24:04 esisa sshd[15353]: pam_unix(sshd:auth): authentication failure; logname= uid=0 euid=0 tty=ssh ruser= rhost=vps2256589.fastwebserver.de
Mar  5 22:24:05 esisa sshd[15351]: Failed password for root from 219.250.138.170 port 40480 ssh2
Mar  5 22:24:05 esisa sshd[15349]: Failed password for invalid user 123 from 45.141.84.10 port 18677 ssh2
Mar  5 22:24:05 esisa sshd[15351]: Connection closed by 219.250.138.170 port 40480 [preauth]
Mar  5 22:24:06 esisa sshd[15349]: pam_unix(sshd:auth): check pass; user unknown
Mar  5 22:24:06 esisa sshd[15353]: Failed password for invalid user farmacia from 89.163.143.48 port 55688 ssh2
Mar  5 22:24:06 esisa sshd[15353]: Received disconnect from 89.163.143.48 port 55688:11: Bye Bye [preauth]
Mar  5 22:24:06 esisa sshd[15353]: Disconnected from 89.163.143.48 port 55688 [preauth]
Mar  5 22:24:06 esisa sshd[15355]: pam_unix(sshd:auth): authentication failure; logname= uid=0 euid=0 tty=ssh ruser= rhost=219.250.138.170  user=root
Mar  5 22:24:08 esisa sshd[15349]: Failed password for invalid user 123 from 45.141.84.10 port 18677 ssh2
Mar  5 22:24:09 esisa sshd[15349]: pam_unix(sshd:auth): check pass; user unknown
Mar  5 22:24:09 esisa sshd[15355]: Failed password for root from 219.250.138.170 port 40486 ssh2
Mar  5 22:24:09 esisa sshd[15355]: Connection closed by 219.250.138.170 port 40486 [preauth]
Mar  5 22:24:10 esisa sshd[15349]: Failed password for invalid user 123 from 45.141.84.10 port 18677 ssh2
Mar  5 22:24:11 esisa sshd[15349]: pam_unix(sshd:auth): check pass; user unknown
Mar  5 22:24:13 esisa sshd[15349]: Failed password for invalid user 123 from 45.141.84.10 port 18677 ssh2
Mar  5 22:24:13 esisa sshd[15349]: pam_unix(sshd:auth): check pass; user unknown
Mar  5 22:24:14 esisa sshd[15357]: pam_unix(sshd:auth): authentication failure; logname= uid=0 euid=0 tty=ssh ruser= rhost=219.250.138.170  user=root
Mar  5 22:24:15 esisa sshd[15349]: Failed password for invalid user 123 from 45.141.84.10 port 18677 ssh2
Mar  5 22:24:15 esisa sshd[15349]: error: maximum authentication attempts exceeded for invalid user 123 from 45.141.84.10 port 18677 ssh2 [preauth]
Mar  5 22:24:15 esisa sshd[15349]: Disconnecting: Too many authentication failures [preauth]
Mar  5 22:24:15 esisa sshd[15349]: PAM 5 more authentication failures; logname= uid=0 euid=0 tty=ssh ruser= rhost=45.141.84.10
Mar  5 22:24:15 esisa sshd[15349]: PAM service(sshd) ignoring max retries; 6 > 3
Mar  5 22:24:16 esisa sshd[15357]: Failed password for root from 219.250.138.170 port 40490 ssh2
Mar  5 22:24:16 esisa sshd[15357]: Connection closed by 219.250.138.170 port 40490 [preauth]
Mar  5 22:24:18 esisa sshd[15360]: pam_unix(sshd:auth): authentication failure; logname= uid=0 euid=0 tty=ssh ruser= rhost=219.250.138.170  user=root
Mar  5 22:24:20 esisa sshd[15363]: pam_unix(sshd:auth): authentication failure; logname= uid=0 euid=0 tty=ssh ruser= rhost=45.9.20.73  user=mail
Mar  5 22:24:20 esisa sshd[15360]: Failed password for root from 219.250.138.170 port 40496 ssh2
Mar  5 22:24:21 esisa sshd[15359]: Invalid user 123 from 45.141.84.10 port 65175
Mar  5 22:24:21 esisa sshd[15359]: input_userauth_request: invalid user 123 [preauth]
Mar  5 22:24:21 esisa sshd[15360]: Connection closed by 219.250.138.170 port 40496 [preauth]
Mar  5 22:24:21 esisa sshd[15359]: pam_unix(sshd:auth): check pass; user unknown
Mar  5 22:24:21 esisa sshd[15359]: pam_unix(sshd:auth): authentication failure; logname= uid=0 euid=0 tty=ssh ruser= rhost=45.141.84.10
Mar  5 22:24:22 esisa sshd[15363]: Failed password for mail from 45.9.20.73 port 40628 ssh2
Mar  5 22:24:22 esisa sshd[15363]: Connection closed by 45.9.20.73 port 40628 [preauth]
Mar  5 22:24:22 esisa sshd[15365]: pam_unix(sshd:auth): authentication failure; logname= uid=0 euid=0 tty=ssh ruser= rhost=219.250.138.170  user=root
Mar  5 22:24:23 esisa sshd[15359]: Failed password for invalid user 123 from 45.141.84.10 port 65175 ssh2
Mar  5 22:24:23 esisa sshd[15359]: pam_unix(sshd:auth): check pass; user unknown
Mar  5 22:24:24 esisa sshd[15365]: Failed password for root from 219.250.138.170 port 40500 ssh2
Mar  5 22:24:24 esisa sshd[15365]: Connection closed by 219.250.138.170 port 40500 [preauth]
Mar  5 22:24:25 esisa sshd[15359]: Failed password for invalid user 123 from 45.141.84.10 port 65175 ssh2
Mar  5 22:24:26 esisa sshd[15367]: pam_unix(sshd:auth): authentication failure; logname= uid=0 euid=0 tty=ssh ruser= rhost=219.250.138.170  user=root
Mar  5 22:24:26 esisa sshd[15359]: pam_unix(sshd:auth): check pass; user unknown
Mar  5 22:24:28 esisa sshd[15367]: Failed password for root from 219.250.138.170 port 40504 ssh2
Mar  5 22:24:28 esisa sshd[15359]: Failed password for invalid user 123 from 45.141.84.10 port 65175 ssh2
Mar  5 22:24:28 esisa sshd[15359]: pam_unix(sshd:auth): check pass; user unknown
Mar  5 22:24:29 esisa sshd[15367]: Connection closed by 219.250.138.170 port 40504 [preauth]
Mar  5 22:24:30 esisa sshd[15359]: Failed password for invalid user 123 from 45.141.84.10 port 65175 ssh2
Mar  5 22:24:31 esisa sshd[15359]: pam_unix(sshd:auth): check pass; user unknown
Mar  5 22:24:33 esisa sshd[15359]: Failed password for invalid user 123 from 45.141.84.10 port 65175 ssh2
Mar  5 22:24:33 esisa sshd[15369]: pam_unix(sshd:auth): authentication failure; logname= uid=0 euid=0 tty=ssh ruser= rhost=219.250.138.170  user=root
Mar  5 22:24:33 esisa sshd[15359]: pam_unix(sshd:auth): check pass; user unknown
Mar  5 22:24:35 esisa sshd[15369]: Failed password for root from 219.250.138.170 port 40508 ssh2
Mar  5 22:24:35 esisa sshd[15359]: Failed password for invalid user 123 from 45.141.84.10 port 65175 ssh2
Mar  5 22:24:35 esisa sshd[15359]: error: maximum authentication attempts exceeded for invalid user 123 from 45.141.84.10 port 65175 ssh2 [preauth]
Mar  5 22:24:35 esisa sshd[15359]: Disconnecting: Too many authentication failures [preauth]
Mar  5 22:24:35 esisa sshd[15359]: PAM 5 more authentication failures; logname= uid=0 euid=0 tty=ssh ruser= rhost=45.141.84.10
Mar  5 22:24:35 esisa sshd[15359]: PAM service(sshd) ignoring max retries; 6 > 3
Mar  5 22:24:35 esisa sshd[15369]: Connection closed by 219.250.138.170 port 40508 [preauth]
Mar  5 22:24:37 esisa sshd[15371]: pam_unix(sshd:auth): authentication failure; logname= uid=0 euid=0 tty=ssh ruser= rhost=219.250.138.170  user=root
Mar  5 22:24:39 esisa sshd[15373]: Invalid user 123 from 45.141.84.10 port 40716
Mar  5 22:24:39 esisa sshd[15373]: input_userauth_request: invalid user 123 [preauth]
Mar  5 22:24:40 esisa sshd[15373]: pam_unix(sshd:auth): check pass; user unknown
Mar  5 22:24:40 esisa sshd[15373]: pam_unix(sshd:auth): authentication failure; logname= uid=0 euid=0 tty=ssh ruser= rhost=45.141.84.10
Mar  5 22:24:40 esisa sshd[15371]: Failed password for root from 219.250.138.170 port 40518 ssh2
Mar  5 22:24:40 esisa sshd[15371]: Connection closed by 219.250.138.170 port 40518 [preauth]
Mar  5 22:24:42 esisa sshd[15373]: Failed password for invalid user 123 from 45.141.84.10 port 40716 ssh2
Mar  5 22:24:42 esisa sshd[15386]: pam_unix(sshd:auth): authentication failure; logname= uid=0 euid=0 tty=ssh ruser= rhost=219.250.138.170  user=root
Mar  5 22:24:42 esisa sshd[15373]: pam_unix(sshd:auth): check pass; user unknown
Mar  5 22:24:44 esisa sshd[15386]: Failed password for root from 219.250.138.170 port 40524 ssh2
Mar  5 22:24:44 esisa sshd[15373]: Failed password for invalid user 123 from 45.141.84.10 port 40716 ssh2
Mar  5 22:24:44 esisa sshd[15386]: Connection closed by 219.250.138.170 port 40524 [preauth]
Mar  5 22:24:45 esisa sshd[15373]: pam_unix(sshd:auth): check pass; user unknown
