Mar  5 22:28:37 esisa sshd[15531]: pam_unix(sshd:auth): authentication failure; logname= uid=0 euid=0 tty=ssh ruser= rhost=45.141.84.10
Mar  5 22:28:38 esisa sshd[15533]: pam_unix(sshd:auth): authentication failure; logname= uid=0 euid=0 tty=ssh ruser= rhost=219.250.138.170  user=root
Mar  5 22:28:39 esisa sshd[15527]: Connection closed by 219.250.138.170 port 40742 [preauth]
Mar  5 22:28:40 esisa sshd[15531]: Failed password for invalid user 123321 from 45.141.84.10 port 41073 ssh2
Mar  5 22:28:40 esisa sshd[15531]: pam_unix(sshd:auth): check pass; user unknown
Mar  5 22:28:40 esisa sshd[15533]: Failed password for root from 219.250.138.170 port 40748 ssh2
Mar  5 22:28:41 esisa sshd[15533]: Connection closed by 219.250.138.170 port 40748 [preauth]
Mar  5 22:28:42 esisa sshd[15531]: Failed password for invalid user 123321 from 45.141.84.10 port 41073 ssh2
Mar  5 22:28:42 esisa sshd[15531]: pam_unix(sshd:auth): check pass; user unknown
Mar  5 22:28:44 esisa sshd[15531]: Failed password for invalid user 123321 from 45.141.84.10 port 41073 ssh2
Mar  5 22:28:45 esisa sshd[15531]: pam_unix(sshd:auth): check pass; user unknown
Mar  5 22:28:47 esisa sshd[15531]: Failed password for invalid user 123321 from 45.141.84.10 port 41073 ssh2
Mar  5 22:28:47 esisa sshd[15531]: pam_unix(sshd:auth): check pass; user unknown
Mar  5 22:28:49 esisa sshd[15531]: Failed password for invalid user 123321 from 45.141.84.10 port 41073 ssh2
Mar  5 22:28:49 esisa sshd[15535]: pam_unix(sshd:auth): authentication failure; logname= uid=0 euid=0 tty=ssh ruser= rhost=219.250.138.170  user=root
Mar  5 22:28:50 esisa sshd[15531]: pam_unix(sshd:auth): check pass; user unknown
Mar  5 22:28:52 esisa sshd[15535]: Failed password for root from 219.250.138.170 port 40754 ssh2
Mar  5 22:28:52 esisa sshd[15531]: Failed password for invalid user 123321 from 45.141.84.10 port 41073 ssh2
Mar  5 22:28:52 esisa sshd[15531]: error: maximum authentication attempts exceeded for invalid user 123321 from 45.141.84.10 port 41073 ssh2 [preauth]
Mar  5 22:28:52 esisa sshd[15531]: Disconnecting: Too many authentication failures [preauth]
Mar  5 22:28:52 esisa sshd[15531]: PAM 5 more authentication failures; logname= uid=0 euid=0 tty=ssh ruser= rhost=45.141.84.10
Mar  5 22:28:52 esisa sshd[15531]: PAM service(sshd) ignoring max retries; 6 > 3
Mar  5 22:28:52 esisa sshd[15535]: Connection closed by 219.250.138.170 port 40754 [preauth]
Mar  5 22:28:53 esisa sshd[15537]: pam_unix(sshd:auth): authentication failure; logname= uid=0 euid=0 tty=ssh ruser= rhost=219.250.138.170  user=root
Mar  5 22:28:55 esisa sshd[15537]: Failed password for root from 219.250.138.170 port 40760 ssh2
Mar  5 22:28:55 esisa sshd[15537]: Connection closed by 219.250.138.170 port 40760 [preauth]
Mar  5 22:28:56 esisa sshd[15540]: pam_unix(sshd:auth): authentication failure; logname= uid=0 euid=0 tty=ssh ruser= rhost=143.110.148.132  user=root
Mar  5 22:28:57 esisa sshd[15543]: pam_unix(sshd:auth): authentication failure; logname= uid=0 euid=0 tty=ssh ruser= rhost=219.250.138.170  user=root
Mar  5 22:28:57 esisa sshd[15539]: Invalid user 123321 from 45.141.84.10 port 40171
Mar  5 22:28:57 esisa sshd[15539]: input_userauth_request: invalid user 123321 [preauth]
Mar  5 22:28:57 esisa sshd[15539]: pam_unix(sshd:auth): check pass; user unknown
Mar  5 22:28:57 esisa sshd[15539]: pam_unix(sshd:auth): authentication failure; logname= uid=0 euid=0 tty=ssh ruser= rhost=45.141.84.10
Mar  5 22:28:58 esisa sshd[15540]: Failed password for root from 143.110.148.132 port 56308 ssh2
Mar  5 22:28:58 esisa sshd[15540]: Received disconnect from 143.110.148.132 port 56308:11: Bye Bye [preauth]
Mar  5 22:28:58 esisa sshd[15540]: Disconnected from 143.110.148.132 port 56308 [preauth]
Mar  5 22:28:59 esisa sshd[15543]: Failed password for root from 219.250.138.170 port 40762 ssh2
Mar  5 22:28:59 esisa sshd[15543]: Connection closed by 219.250.138.170 port 40762 [preauth]
Mar  5 22:28:59 esisa sshd[15545]: Invalid user lek from 138.68.178.64 port 37848
Mar  5 22:28:59 esisa sshd[15545]: input_userauth_request: invalid user lek [preauth]
Mar  5 22:28:59 esisa sshd[15545]: pam_unix(sshd:auth): check pass; user unknown
Mar  5 22:28:59 esisa sshd[15545]: pam_unix(sshd:auth): authentication failure; logname= uid=0 euid=0 tty=ssh ruser= rhost=138.68.178.64
Mar  5 22:28:59 esisa sshd[15539]: Failed password for invalid user 123321 from 45.141.84.10 port 40171 ssh2
Mar  5 22:29:00 esisa sshd[15539]: pam_unix(sshd:auth): check pass; user unknown
Mar  5 22:29:00 esisa sshd[15549]: Invalid user t from 89.163.143.48 port 50598
Mar  5 22:29:00 esisa sshd[15549]: input_userauth_request: invalid user t [preauth]
Mar  5 22:29:00 esisa sshd[15549]: pam_unix(sshd:auth): check pass; user unknown
Mar  5 22:29:00 esisa sshd[15549]: pam_unix(sshd:auth): authentication failure; logname= uid=0 euid=0 tty=ssh ruser= rhost=vps2256589.fastwebserver.de
Mar  5 22:29:00 esisa sshd[15547]: pam_unix(sshd:auth): authentication failure; logname= uid=0 euid=0 tty=ssh ruser= rhost=219.250.138.170  user=root
Mar  5 22:29:01 esisa sshd[15545]: Failed password for invalid user lek from 138.68.178.64 port 37848 ssh2
Mar  5 22:29:01 esisa sshd[15545]: Received disconnect from 138.68.178.64 port 37848:11: Bye Bye [preauth]
Mar  5 22:29:01 esisa sshd[15545]: Disconnected from 138.68.178.64 port 37848 [preauth]
Mar  5 22:29:02 esisa sshd[15539]: Failed password for invalid user 123321 from 45.141.84.10 port 40171 ssh2
Mar  5 22:29:02 esisa sshd[15539]: pam_unix(sshd:auth): check pass; user unknown
Mar  5 22:29:02 esisa sshd[15549]: Failed password for invalid user t from 89.163.143.48 port 50598 ssh2
Mar  5 22:29:02 esisa sshd[15549]: Received disconnect from 89.163.143.48 port 50598:11: Bye Bye [preauth]
Mar  5 22:29:02 esisa sshd[15549]: Disconnected from 89.163.143.48 port 50598 [preauth]
Mar  5 22:29:02 esisa sshd[15547]: Failed password for root from 219.250.138.170 port 40768 ssh2
Mar  5 22:29:03 esisa sshd[15547]: Connection closed by 219.250.138.170 port 40768 [preauth]
Mar  5 22:29:04 esisa sshd[15539]: Failed password for invalid user 123321 from 45.141.84.10 port 40171 ssh2
Mar  5 22:29:04 esisa sshd[15551]: pam_unix(sshd:auth): authentication failure; logname= uid=0 euid=0 tty=ssh ruser= rhost=219.250.138.170  user=root
Mar  5 22:29:06 esisa sshd[15551]: Failed password for root from 219.250.138.170 port 40770 ssh2
Mar  5 22:29:06 esisa sshd[15551]: Connection closed by 219.250.138.170 port 40770 [preauth]
Mar  5 22:29:08 esisa sshd[15553]: pam_unix(sshd:auth): authentication failure; logname= uid=0 euid=0 tty=ssh ruser= rhost=219.250.138.170  user=root
Mar  5 22:29:10 esisa sshd[15553]: Failed password for root from 219.250.138.170 port 40772 ssh2
Mar  5 22:29:10 esisa sshd[15539]: pam_unix(sshd:auth): check pass; user unknown
Mar  5 22:29:10 esisa sshd[15553]: Connection closed by 219.250.138.170 port 40772 [preauth]
Mar  5 22:29:11 esisa sshd[15555]: pam_unix(sshd:auth): authentication failure; logname= uid=0 euid=0 tty=ssh ruser= rhost=219.250.138.170  user=root
Mar  5 22:29:12 esisa sshd[15539]: Failed password for invalid user 123321 from 45.141.84.10 port 40171 ssh2
Mar  5 22:29:12 esisa sshd[15539]: pam_unix(sshd:auth): check pass; user unknown
Mar  5 22:29:13 esisa sshd[15555]: Failed password for root from 219.250.138.170 port 40774 ssh2
Mar  5 22:29:14 esisa sshd[15555]: Connection closed by 219.250.138.170 port 40774 [preauth]
Mar  5 22:29:14 esisa sshd[15539]: Failed password for invalid user 123321 from 45.141.84.10 port 40171 ssh2
Mar  5 22:29:16 esisa sshd[15539]: pam_unix(sshd:auth): check pass; user unknown
Mar  5 22:29:17 esisa sshd[15539]: Failed password for invalid user 123321 from 45.141.84.10 port 40171 ssh2
Mar  5 22:29:17 esisa sshd[15539]: error: maximum authentication attempts exceeded for invalid user 123321 from 45.141.84.10 port 40171 ssh2 [preauth]
Mar  5 22:29:17 esisa sshd[15539]: Disconnecting: Too many authentication failures [preauth]
Mar  5 22:29:17 esisa sshd[15539]: PAM 5 more authentication failures; logname= uid=0 euid=0 tty=ssh ruser= rhost=45.141.84.10
Mar  5 22:29:17 esisa sshd[15539]: PAM service(sshd) ignoring max retries; 6 > 3
Mar  5 22:29:18 esisa sshd[15557]: pam_unix(sshd:auth): authentication failure; logname= uid=0 euid=0 tty=ssh ruser= rhost=219.250.138.170  user=root
Mar  5 22:29:18 esisa sshd[15559]: Invalid user 123321 from 45.141.84.10 port 41105
Mar  5 22:29:18 esisa sshd[15559]: input_userauth_request: invalid user 123321 [preauth]
Mar  5 22:29:19 esisa sshd[15559]: pam_unix(sshd:auth): check pass; user unknown
Mar  5 22:29:19 esisa sshd[15559]: pam_unix(sshd:auth): authentication failure; logname= uid=0 euid=0 tty=ssh ruser= rhost=45.141.84.10
Mar  5 22:29:21 esisa sshd[15557]: Failed password for root from 219.250.138.170 port 40778 ssh2
Mar  5 22:29:21 esisa sshd[15557]: Connection closed by 219.250.138.170 port 40778 [preauth]
Mar  5 22:29:21 esisa sshd[15559]: Failed password for invalid user 123321 from 45.141.84.10 port 41105 ssh2
Mar  5 22:29:22 esisa sshd[15559]: pam_unix(sshd:auth): check pass; user unknown
Mar  5 22:29:23 esisa sshd[15561]: pam_unix(sshd:auth): authentication failure; logname= uid=0 euid=0 tty=ssh ruser= rhost=219.250.138.170  user=root
Mar  5 22:29:24 esisa sshd[15559]: Failed password for invalid user 123321 from 45.141.84.10 port 41105 ssh2
Mar  5 22:29:25 esisa sshd[15561]: Failed password for root from 219.250.138.170 port 40784 ssh2
Mar  5 22:29:25 esisa sshd[15559]: pam_unix(sshd:auth): check pass; user unknown
Mar  5 22:29:27 esisa sshd[15561]: Connection closed by 219.250.138.170 port 40784 [preauth]
Mar  5 22:29:27 esisa sshd[15563]: pam_unix(sshd:auth): authentication failure; logname= uid=0 euid=0 tty=ssh ruser= rhost=219.250.138.170  user=root
Mar  5 22:29:28 esisa sshd[15559]: Failed password for invalid user 123321 from 45.141.84.10 port 41105 ssh2
Mar  5 22:29:28 esisa sshd[15559]: pam_unix(sshd:auth): check pass; user unknown
Mar  5 22:29:29 esisa sshd[15563]: Failed password for root from 219.250.138.170 port 40790 ssh2
Mar  5 22:29:29 esisa sshd[15563]: Connection closed by 219.250.138.170 port 40790 [preauth]
Mar  5 22:29:30 esisa sshd[15559]: Failed password for invalid user 123321 from 45.141.84.10 port 41105 ssh2
Mar  5 22:29:30 esisa sshd[15559]: pam_unix(sshd:auth): check pass; user unknown
Mar  5 22:29:31 esisa sshd[15565]: pam_unix(sshd:auth): authentication failure; logname= uid=0 euid=0 tty=ssh ruser= rhost=219.250.138.170  user=root
Mar  5 22:29:32 esisa sshd[15559]: Failed password for invalid user 123321 from 45.141.84.10 port 41105 ssh2
Mar  5 22:29:33 esisa sshd[15559]: pam_unix(sshd:auth): check pass; user unknown
Mar  5 22:29:33 esisa sshd[15565]: Failed password for root from 219.250.138.170 port 40800 ssh2
Mar  5 22:29:33 esisa sshd[15565]: Connection closed by 219.250.138.170 port 40800 [preauth]
Mar  5 22:29:35 esisa sshd[15559]: Failed password for invalid user 123321 from 45.141.84.10 port 41105 ssh2
Mar  5 22:29:35 esisa sshd[15559]: error: maximum authentication attempts exceeded for invalid user 123321 from 45.141.84.10 port 41105 ssh2 [preauth]
Mar  5 22:29:35 esisa sshd[15559]: Disconnecting: Too many authentication failures [preauth]
Mar  5 22:29:35 esisa sshd[15559]: PAM 5 more authentication failures; logname= uid=0 euid=0 tty=ssh ruser= rhost=45.141.84.10
Mar  5 22:29:35 esisa sshd[15559]: PAM service(sshd) ignoring max retries; 6 > 3
Mar  5 22:29:35 esisa sshd[15567]: pam_unix(sshd:auth): authentication failure; logname= uid=0 euid=0 tty=ssh ruser= rhost=219.250.138.170  user=root
Mar  5 22:29:37 esisa sshd[15567]: Failed password for root from 219.250.138.170 port 40804 ssh2
Mar  5 22:29:37 esisa sshd[15567]: Connection closed by 219.250.138.170 port 40804 [preauth]
Mar  5 22:29:37 esisa sshd[15569]: Invalid user 123321 from 45.141.84.10 port 17625
Mar  5 22:29:37 esisa sshd[15569]: input_userauth_request: invalid user 123321 [preauth]
Mar  5 22:29:38 esisa sshd[15569]: pam_unix(sshd:auth): check pass; user unknown
Mar  5 22:29:38 esisa sshd[15569]: pam_unix(sshd:auth): authentication failure; logname= uid=0 euid=0 tty=ssh ruser= rhost=45.141.84.10
Mar  5 22:29:39 esisa sshd[15569]: Failed password for invalid user 123321 from 45.141.84.10 port 17625 ssh2
Mar  5 22:29:39 esisa sshd[15571]: pam_unix(sshd:auth): authentication failure; logname= uid=0 euid=0 tty=ssh ruser= rhost=219.250.138.170  user=root
Mar  5 22:29:40 esisa sshd[15569]: Disconnecting: Change of username or service not allowed: (123321,ssh-connection) -> (1234,ssh-connection) [preauth]
Mar  5 22:29:41 esisa sshd[15571]: Failed password for root from 219.250.138.170 port 40808 ssh2
Mar  5 22:29:42 esisa sshd[15571]: Connection closed by 219.250.138.170 port 40808 [preauth]
Mar  5 22:29:42 esisa sshd[15584]: Address 204.44.94.16 maps to 204.44.94.16.static.quadranet.com, but this does not map back to the address - POSSIBLE BREAK-IN ATTEMPT!
Mar  5 22:29:42 esisa sshd[15584]: pam_unix(sshd:auth): authentication failure; logname= uid=0 euid=0 tty=ssh ruser= rhost=204.44.94.16  user=root
Mar  5 22:29:43 esisa sshd[15586]: pam_unix(sshd:auth): authentication failure; logname= uid=0 euid=0 tty=ssh ruser= rhost=219.250.138.170  user=root
Mar  5 22:29:44 esisa sshd[15584]: Failed password for root from 204.44.94.16 port 44936 ssh2
Mar  5 22:29:45 esisa sshd[15584]: Received disconnect from 204.44.94.16 port 44936:11: Bye Bye [preauth]
Mar  5 22:29:45 esisa sshd[15584]: Disconnected from 204.44.94.16 port 44936 [preauth]
Mar  5 22:29:46 esisa sshd[15586]: Failed password for root from 219.250.138.170 port 40810 ssh2
Mar  5 22:29:46 esisa sshd[15588]: Invalid user 1234 from 45.141.84.10 port 43488
Mar  5 22:29:46 esisa sshd[15588]: input_userauth_request: invalid user 1234 [preauth]
Mar  5 22:29:46 esisa sshd[15586]: Connection closed by 219.250.138.170 port 40810 [preauth]
Mar  5 22:29:46 esisa sshd[15588]: Failed none for invalid user 1234 from 45.141.84.10 port 43488 ssh2
Mar  5 22:29:47 esisa sshd[15588]: pam_unix(sshd:auth): check pass; user unknown
Mar  5 22:29:47 esisa sshd[15588]: pam_unix(sshd:auth): authentication failure; logname= uid=0 euid=0 tty=ssh ruser= rhost=45.141.84.10
Mar  5 22:29:48 esisa sshd[15590]: pam_unix(sshd:auth): authentication failure; logname= uid=0 euid=0 tty=ssh ruser= rhost=219.250.138.170  user=root
Mar  5 22:29:49 esisa sshd[15588]: Failed password for invalid user 1234 from 45.141.84.10 port 43488 ssh2
Mar  5 22:29:49 esisa sshd[15590]: Failed password for root from 219.250.138.170 port 40812 ssh2
Mar  5 22:29:49 esisa sshd[15590]: Connection closed by 219.250.138.170 port 40812 [preauth]
Mar  5 22:29:49 esisa sshd[15588]: pam_unix(sshd:auth): check pass; user unknown
Mar  5 22:29:51 esisa sshd[15592]: pam_unix(sshd:auth): authentication failure; logname= uid=0 euid=0 tty=ssh ruser= rhost=219.250.138.170  user=root
Mar  5 22:29:51 esisa sshd[15588]: Failed password for invalid user 1234 from 45.141.84.10 port 43488 ssh2
Mar  5 22:29:51 esisa sshd[15588]: pam_unix(sshd:auth): check pass; user unknown
Mar  5 22:29:53 esisa sshd[15592]: Failed password for root from 219.250.138.170 port 40818 ssh2
Mar  5 22:29:53 esisa sshd[15592]: Connection closed by 219.250.138.170 port 40818 [preauth]
Mar  5 22:29:53 esisa sshd[15588]: Failed password for invalid user 1234 from 45.141.84.10 port 43488 ssh2
Mar  5 22:29:53 esisa sshd[15588]: pam_unix(sshd:auth): check pass; user unknown
Mar  5 22:29:56 esisa sshd[15588]: Failed password for invalid user 1234 from 45.141.84.10 port 43488 ssh2
Mar  5 22:29:56 esisa sshd[15588]: pam_unix(sshd:auth): check pass; user unknown
Mar  5 22:29:58 esisa sshd[15594]: pam_unix(sshd:auth): authentication failure; logname= uid=0 euid=0 tty=ssh ruser= rhost=219.250.138.170  user=root
Mar  5 22:29:58 esisa sshd[15588]: Failed password for invalid user 1234 from 45.141.84.10 port 43488 ssh2
Mar  5 22:29:58 esisa sshd[15588]: error: maximum authentication attempts exceeded for invalid user 1234 from 45.141.84.10 port 43488 ssh2 [preauth]
Mar  5 22:29:58 esisa sshd[15588]: Disconnecting: Too many authentication failures [preauth]
Mar  5 22:29:58 esisa sshd[15588]: PAM 4 more authentication failures; logname= uid=0 euid=0 tty=ssh ruser= rhost=45.141.84.10
Mar  5 22:29:58 esisa sshd[15588]: PAM service(sshd) ignoring max retries; 5 > 3
Mar  5 22:29:59 esisa sshd[15597]: Invalid user vinod from 89.163.143.48 port 48944
Mar  5 22:29:59 esisa sshd[15597]: input_userauth_request: invalid user vinod [preauth]
Mar  5 22:29:59 esisa sshd[15597]: pam_unix(sshd:auth): check pass; user unknown
Mar  5 22:29:59 esisa sshd[15597]: pam_unix(sshd:auth): authentication failure; logname= uid=0 euid=0 tty=ssh ruser= rhost=vps2256589.fastwebserver.de
Mar  5 22:29:59 esisa sshd[15594]: Failed password for root from 219.250.138.170 port 40822 ssh2
Mar  5 22:29:59 esisa sshd[15594]: Connection closed by 219.250.138.170 port 40822 [preauth]
Mar  5 22:30:00 esisa sshd[15597]: Failed password for invalid user vinod from 89.163.143.48 port 48944 ssh2
Mar  5 22:30:00 esisa sshd[15597]: Received disconnect from 89.163.143.48 port 48944:11: Bye Bye [preauth]
Mar  5 22:30:00 esisa sshd[15597]: Disconnected from 89.163.143.48 port 48944 [preauth]
Mar  5 22:30:00 esisa sshd[15596]: Invalid user 1234 from 45.141.84.10 port 17386
Mar  5 22:30:00 esisa sshd[15596]: input_userauth_request: invalid user 1234 [preauth]
Mar  5 22:30:01 esisa sshd[15596]: pam_unix(sshd:auth): check pass; user unknown
Mar  5 22:30:01 esisa sshd[15596]: pam_unix(sshd:auth): authentication failure; logname= uid=0 euid=0 tty=ssh ruser= rhost=45.141.84.10
Mar  5 22:30:01 esisa sshd[15602]: Invalid user nuxeo from 138.68.178.64 port 55124
Mar  5 22:30:01 esisa sshd[15602]: input_userauth_request: invalid user nuxeo [preauth]
Mar  5 22:30:01 esisa sshd[15602]: pam_unix(sshd:auth): check pass; user unknown
Mar  5 22:30:01 esisa sshd[15602]: pam_unix(sshd:auth): authentication failure; logname= uid=0 euid=0 tty=ssh ruser= rhost=138.68.178.64
Mar  5 22:30:01 esisa sshd[15600]: pam_unix(sshd:auth): authentication failure; logname= uid=0 euid=0 tty=ssh ruser= rhost=219.250.138.170  user=root
Mar  5 22:30:03 esisa sshd[15596]: Failed password for invalid user 1234 from 45.141.84.10 port 17386 ssh2
Mar  5 22:30:03 esisa sshd[15602]: Failed password for invalid user nuxeo from 138.68.178.64 port 55124 ssh2
Mar  5 22:30:03 esisa sshd[15602]: Received disconnect from 138.68.178.64 port 55124:11: Bye Bye [preauth]
Mar  5 22:30:03 esisa sshd[15602]: Disconnected from 138.68.178.64 port 55124 [preauth]
Mar  5 22:30:03 esisa sshd[15600]: Failed password for root from 219.250.138.170 port 40824 ssh2
Mar  5 22:30:04 esisa sshd[15596]: pam_unix(sshd:auth): check pass; user unknown
Mar  5 22:30:04 esisa sshd[15600]: Connection closed by 219.250.138.170 port 40824 [preauth]
Mar  5 22:30:05 esisa sshd[15596]: Failed password for invalid user 1234 from 45.141.84.10 port 17386 ssh2
Mar  5 22:30:06 esisa sshd[15609]: pam_unix(sshd:auth): authentication failure; logname= uid=0 euid=0 tty=ssh ruser= rhost=219.250.138.170  user=root
Mar  5 22:30:06 esisa sshd[15596]: pam_unix(sshd:auth): check pass; user unknown
Mar  5 22:30:07 esisa sshd[15611]: Invalid user team1 from 143.110.148.132 port 45650
Mar  5 22:30:07 esisa sshd[15611]: input_userauth_request: invalid user team1 [preauth]
Mar  5 22:30:07 esisa sshd[15611]: pam_unix(sshd:auth): check pass; user unknown
Mar  5 22:30:07 esisa sshd[15611]: pam_unix(sshd:auth): authentication failure; logname= uid=0 euid=0 tty=ssh ruser= rhost=143.110.148.132
Mar  5 22:30:08 esisa sshd[15609]: Failed password for root from 219.250.138.170 port 40828 ssh2
Mar  5 22:30:08 esisa sshd[15596]: Failed password for invalid user 1234 from 45.141.84.10 port 17386 ssh2
Mar  5 22:30:08 esisa sshd[15596]: pam_unix(sshd:auth): check pass; user unknown
Mar  5 22:30:08 esisa sshd[15609]: Connection closed by 219.250.138.170 port 40828 [preauth]
Mar  5 22:30:10 esisa sshd[15613]: pam_unix(sshd:auth): authentication failure; logname= uid=0 euid=0 tty=ssh ruser= rhost=219.250.138.170  user=root
Mar  5 22:30:10 esisa sshd[15611]: Failed password for invalid user team1 from 143.110.148.132 port 45650 ssh2
Mar  5 22:30:10 esisa sshd[15596]: Failed password for invalid user 1234 from 45.141.84.10 port 17386 ssh2
Mar  5 22:30:10 esisa sshd[15611]: Received disconnect from 143.110.148.132 port 45650:11: Bye Bye [preauth]
Mar  5 22:30:10 esisa sshd[15611]: Disconnected from 143.110.148.132 port 45650 [preauth]
Mar  5 22:30:11 esisa sshd[15596]: pam_unix(sshd:auth): check pass; user unknown
Mar  5 22:30:11 esisa sshd[15613]: Failed password for root from 219.250.138.170 port 40834 ssh2
Mar  5 22:30:12 esisa sshd[15613]: Connection closed by 219.250.138.170 port 40834 [preauth]
Mar  5 22:30:13 esisa sshd[15596]: Failed password for invalid user 1234 from 45.141.84.10 port 17386 ssh2
Mar  5 22:30:13 esisa sshd[15615]: pam_unix(sshd:auth): authentication failure; logname= uid=0 euid=0 tty=ssh ruser= rhost=219.250.138.170  user=root
Mar  5 22:30:13 esisa sshd[15596]: pam_unix(sshd:auth): check pass; user unknown
Mar  5 22:30:15 esisa sshd[15615]: Failed password for root from 219.250.138.170 port 40838 ssh2
Mar  5 22:30:15 esisa sshd[15596]: Failed password for invalid user 1234 from 45.141.84.10 port 17386 ssh2
Mar  5 22:30:15 esisa sshd[15596]: error: maximum authentication attempts exceeded for invalid user 1234 from 45.141.84.10 port 17386 ssh2 [preauth]
Mar  5 22:30:15 esisa sshd[15596]: Disconnecting: Too many authentication failures [preauth]
Mar  5 22:30:15 esisa sshd[15596]: PAM 5 more authentication failures; logname= uid=0 euid=0 tty=ssh ruser= rhost=45.141.84.10
Mar  5 22:30:15 esisa sshd[15596]: PAM service(sshd) ignoring max retries; 6 > 3
Mar  5 22:30:15 esisa sshd[15615]: Connection closed by 219.250.138.170 port 40838 [preauth]
Mar  5 22:30:17 esisa sshd[15617]: pam_unix(sshd:auth): authentication failure; logname= uid=0 euid=0 tty=ssh ruser= rhost=219.250.138.170  user=root
Mar  5 22:30:18 esisa sshd[15621]: Invalid user 1234 from 45.141.84.10 port 61716
Mar  5 22:30:18 esisa sshd[15621]: input_userauth_request: invalid user 1234 [preauth]
Mar  5 22:30:18 esisa sshd[15621]: pam_unix(sshd:auth): check pass; user unknown
Mar  5 22:30:18 esisa sshd[15621]: pam_unix(sshd:auth): authentication failure; logname= uid=0 euid=0 tty=ssh ruser= rhost=45.141.84.10
Mar  5 22:30:19 esisa sshd[15617]: Failed password for root from 219.250.138.170 port 40846 ssh2
Mar  5 22:30:19 esisa sshd[15619]: pam_unix(sshd:auth): authentication failure; logname= uid=0 euid=0 tty=ssh ruser= rhost=137.184.198.82  user=root
Mar  5 22:30:19 esisa sshd[15617]: Connection closed by 219.250.138.170 port 40846 [preauth]
Mar  5 22:30:20 esisa sshd[15621]: Failed password for invalid user 1234 from 45.141.84.10 port 61716 ssh2
Mar  5 22:30:21 esisa sshd[15623]: pam_unix(sshd:auth): authentication failure; logname= uid=0 euid=0 tty=ssh ruser= rhost=219.250.138.170  user=root
Mar  5 22:30:21 esisa sshd[15621]: pam_unix(sshd:auth): check pass; user unknown
Mar  5 22:30:22 esisa sshd[15619]: Failed password for root from 137.184.198.82 port 60034 ssh2
Mar  5 22:30:22 esisa sshd[15619]: Received disconnect from 137.184.198.82 port 60034:11: Bye Bye [preauth]
Mar  5 22:30:22 esisa sshd[15619]: Disconnected from 137.184.198.82 port 60034 [preauth]
Mar  5 22:30:22 esisa sshd[15623]: Failed password for root from 219.250.138.170 port 40858 ssh2
Mar  5 22:30:23 esisa sshd[15621]: Failed password for invalid user 1234 from 45.141.84.10 port 61716 ssh2
Mar  5 22:30:23 esisa sshd[15623]: Connection closed by 219.250.138.170 port 40858 [preauth]
Mar  5 22:30:23 esisa sshd[15621]: pam_unix(sshd:auth): check pass; user unknown
Mar  5 22:30:25 esisa sshd[15621]: Failed password for invalid user 1234 from 45.141.84.10 port 61716 ssh2
Mar  5 22:30:26 esisa sshd[15621]: pam_unix(sshd:auth): check pass; user unknown
Mar  5 22:30:27 esisa sshd[15625]: pam_unix(sshd:auth): authentication failure; logname= uid=0 euid=0 tty=ssh ruser= rhost=219.250.138.170  user=root
Mar  5 22:30:28 esisa sshd[15621]: Failed password for invalid user 1234 from 45.141.84.10 port 61716 ssh2
Mar  5 22:30:29 esisa sshd[15625]: Failed password for root from 219.250.138.170 port 40864 ssh2
Mar  5 22:30:29 esisa sshd[15625]: Connection closed by 219.250.138.170 port 40864 [preauth]
Mar  5 22:30:29 esisa sshd[15621]: pam_unix(sshd:auth): check pass; user unknown
Mar  5 22:30:30 esisa sshd[15627]: pam_unix(sshd:auth): authentication failure; logname= uid=0 euid=0 tty=ssh ruser= rhost=219.250.138.170  user=root
Mar  5 22:30:31 esisa sshd[15621]: Failed password for invalid user 1234 from 45.141.84.10 port 61716 ssh2
Mar  5 22:30:31 esisa sshd[15621]: pam_unix(sshd:auth): check pass; user unknown
Mar  5 22:30:33 esisa sshd[15627]: Failed password for root from 219.250.138.170 port 40872 ssh2
Mar  5 22:30:34 esisa sshd[15621]: Failed password for invalid user 1234 from 45.141.84.10 port 61716 ssh2
Mar  5 22:30:34 esisa sshd[15621]: error: maximum authentication attempts exceeded for invalid user 1234 from 45.141.84.10 port 61716 ssh2 [preauth]
Mar  5 22:30:34 esisa sshd[15621]: Disconnecting: Too many authentication failures [preauth]
Mar  5 22:30:34 esisa sshd[15621]: PAM 5 more authentication failures; logname= uid=0 euid=0 tty=ssh ruser= rhost=45.141.84.10
Mar  5 22:30:34 esisa sshd[15621]: PAM service(sshd) ignoring max retries; 6 > 3
Mar  5 22:30:34 esisa sshd[15627]: Connection closed by 219.250.138.170 port 40872 [preauth]
Mar  5 22:30:36 esisa sshd[15629]: Invalid user 1234 from 45.141.84.10 port 45459
Mar  5 22:30:36 esisa sshd[15629]: input_userauth_request: invalid user 1234 [preauth]
Mar  5 22:30:36 esisa sshd[15629]: pam_unix(sshd:auth): check pass; user unknown
Mar  5 22:30:36 esisa sshd[15629]: pam_unix(sshd:auth): authentication failure; logname= uid=0 euid=0 tty=ssh ruser= rhost=45.141.84.10
Mar  5 22:30:38 esisa sshd[15629]: Failed password for invalid user 1234 from 45.141.84.10 port 45459 ssh2
Mar  5 22:30:38 esisa sshd[15629]: pam_unix(sshd:auth): check pass; user unknown
Mar  5 22:30:39 esisa sshd[15631]: Invalid user ikeda from 43.155.80.148 port 40720
Mar  5 22:30:39 esisa sshd[15631]: input_userauth_request: invalid user ikeda [preauth]
Mar  5 22:30:39 esisa sshd[15631]: pam_unix(sshd:auth): check pass; user unknown
Mar  5 22:30:39 esisa sshd[15631]: pam_unix(sshd:auth): authentication failure; logname= uid=0 euid=0 tty=ssh ruser= rhost=43.155.80.148
Mar  5 22:30:40 esisa sshd[15629]: Failed password for invalid user 1234 from 45.141.84.10 port 45459 ssh2
Mar  5 22:30:40 esisa sshd[15629]: pam_unix(sshd:auth): check pass; user unknown
Mar  5 22:30:40 esisa sshd[15631]: Failed password for invalid user ikeda from 43.155.80.148 port 40720 ssh2
Mar  5 22:30:41 esisa sshd[15631]: Received disconnect from 43.155.80.148 port 40720:11: Bye Bye [preauth]
Mar  5 22:30:41 esisa sshd[15631]: Disconnected from 43.155.80.148 port 40720 [preauth]
Mar  5 22:30:42 esisa sshd[15629]: Failed password for invalid user 1234 from 45.141.84.10 port 45459 ssh2
Mar  5 22:30:44 esisa sshd[15629]: pam_unix(sshd:auth): check pass; user unknown
Mar  5 22:30:45 esisa sshd[15629]: Failed password for invalid user 1234 from 45.141.84.10 port 45459 ssh2
Mar  5 22:30:47 esisa sshd[15629]: pam_unix(sshd:auth): check pass; user unknown
Mar  5 22:30:48 esisa sshd[15629]: Failed password for invalid user 1234 from 45.141.84.10 port 45459 ssh2
Mar  5 22:30:49 esisa sshd[15629]: pam_unix(sshd:auth): check pass; user unknown
Mar  5 22:30:50 esisa sshd[15633]: pam_unix(sshd:auth): authentication failure; logname= uid=0 euid=0 tty=ssh ruser= rhost=219.250.138.170  user=root
Mar  5 22:30:51 esisa sshd[15629]: Failed password for invalid user 1234 from 45.141.84.10 port 45459 ssh2
Mar  5 22:30:51 esisa sshd[15629]: error: maximum authentication attempts exceeded for invalid user 1234 from 45.141.84.10 port 45459 ssh2 [preauth]
Mar  5 22:30:51 esisa sshd[15629]: Disconnecting: Too many authentication failures [preauth]
Mar  5 22:30:51 esisa sshd[15629]: PAM 5 more authentication failures; logname= uid=0 euid=0 tty=ssh ruser= rhost=45.141.84.10
Mar  5 22:30:51 esisa sshd[15629]: PAM service(sshd) ignoring max retries; 6 > 3
Mar  5 22:30:51 esisa sshd[15633]: Failed password for root from 219.250.138.170 port 40894 ssh2
Mar  5 22:30:53 esisa sshd[15633]: Connection closed by 219.250.138.170 port 40894 [preauth]
Mar  5 22:30:54 esisa sshd[15635]: Invalid user 1234 from 45.141.84.10 port 36174
Mar  5 22:30:54 esisa sshd[15635]: input_userauth_request: invalid user 1234 [preauth]
Mar  5 22:30:54 esisa sshd[15635]: pam_unix(sshd:auth): check pass; user unknown
Mar  5 22:30:54 esisa sshd[15635]: pam_unix(sshd:auth): authentication failure; logname= uid=0 euid=0 tty=ssh ruser= rhost=45.141.84.10
Mar  5 22:30:55 esisa sshd[15637]: Invalid user user from 89.163.143.48 port 47298
Mar  5 22:30:55 esisa sshd[15637]: input_userauth_request: invalid user user [preauth]
Mar  5 22:30:55 esisa sshd[15637]: pam_unix(sshd:auth): check pass; user unknown
Mar  5 22:30:55 esisa sshd[15637]: pam_unix(sshd:auth): authentication failure; logname= uid=0 euid=0 tty=ssh ruser= rhost=vps2256589.fastwebserver.de
Mar  5 22:30:56 esisa sshd[15635]: Failed password for invalid user 1234 from 45.141.84.10 port 36174 ssh2
Mar  5 22:30:57 esisa sshd[15635]: pam_unix(sshd:auth): check pass; user unknown
Mar  5 22:30:57 esisa sshd[15637]: Failed password for invalid user user from 89.163.143.48 port 47298 ssh2
Mar  5 22:30:57 esisa sshd[15637]: Received disconnect from 89.163.143.48 port 47298:11: Bye Bye [preauth]
Mar  5 22:30:57 esisa sshd[15637]: Disconnected from 89.163.143.48 port 47298 [preauth]
Mar  5 22:30:57 esisa sshd[15639]: Invalid user oot from 167.71.234.157 port 59036
Mar  5 22:30:57 esisa sshd[15639]: input_userauth_request: invalid user oot [preauth]
Mar  5 22:30:57 esisa sshd[15639]: pam_unix(sshd:auth): check pass; user unknown
Mar  5 22:30:57 esisa sshd[15639]: pam_unix(sshd:auth): authentication failure; logname= uid=0 euid=0 tty=ssh ruser= rhost=167.71.234.157
Mar  5 22:30:59 esisa sshd[15635]: Failed password for invalid user 1234 from 45.141.84.10 port 36174 ssh2
Mar  5 22:30:59 esisa sshd[15635]: pam_unix(sshd:auth): check pass; user unknown
Mar  5 22:30:59 esisa sshd[15639]: Failed password for invalid user oot from 167.71.234.157 port 59036 ssh2
Mar  5 22:31:00 esisa sshd[15639]: Received disconnect from 167.71.234.157 port 59036:11: Bye Bye [preauth]
Mar  5 22:31:00 esisa sshd[15639]: Disconnected from 167.71.234.157 port 59036 [preauth]
Mar  5 22:31:01 esisa sshd[15635]: Failed password for invalid user 1234 from 45.141.84.10 port 36174 ssh2
Mar  5 22:31:01 esisa sshd[15635]: pam_unix(sshd:auth): check pass; user unknown
Mar  5 22:31:01 esisa sshd[15641]: Invalid user gokul from 138.68.178.64 port 44170
Mar  5 22:31:01 esisa sshd[15641]: input_userauth_request: invalid user gokul [preauth]
Mar  5 22:31:01 esisa sshd[15641]: pam_unix(sshd:auth): check pass; user unknown
Mar  5 22:31:01 esisa sshd[15641]: pam_unix(sshd:auth): authentication failure; logname= uid=0 euid=0 tty=ssh ruser= rhost=138.68.178.64
Mar  5 22:31:03 esisa sshd[15635]: Failed password for invalid user 1234 from 45.141.84.10 port 36174 ssh2
Mar  5 22:31:03 esisa sshd[15641]: Failed password for invalid user gokul from 138.68.178.64 port 44170 ssh2
Mar  5 22:31:03 esisa sshd[15641]: Received disconnect from 138.68.178.64 port 44170:11: Bye Bye [preauth]
Mar  5 22:31:03 esisa sshd[15641]: Disconnected from 138.68.178.64 port 44170 [preauth]
Mar  5 22:31:04 esisa sshd[15635]: pam_unix(sshd:auth): check pass; user unknown
Mar  5 22:31:06 esisa sshd[15635]: Failed password for invalid user 1234 from 45.141.84.10 port 36174 ssh2
Mar  5 22:31:07 esisa sshd[15635]: pam_unix(sshd:auth): check pass; user unknown
Mar  5 22:31:08 esisa sshd[15643]: pam_unix(sshd:auth): authentication failure; logname= uid=0 euid=0 tty=ssh ruser= rhost=219.250.138.170  user=root
Mar  5 22:31:09 esisa sshd[15635]: Failed password for invalid user 1234 from 45.141.84.10 port 36174 ssh2
Mar  5 22:31:09 esisa sshd[15635]: error: maximum authentication attempts exceeded for invalid user 1234 from 45.141.84.10 port 36174 ssh2 [preauth]
Mar  5 22:31:09 esisa sshd[15635]: Disconnecting: Too many authentication failures [preauth]
Mar  5 22:31:09 esisa sshd[15635]: PAM 5 more authentication failures; logname= uid=0 euid=0 tty=ssh ruser= rhost=45.141.84.10
Mar  5 22:31:09 esisa sshd[15635]: PAM service(sshd) ignoring max retries; 6 > 3
Mar  5 22:31:09 esisa sshd[15645]: pam_unix(sshd:auth): authentication failure; logname= uid=0 euid=0 tty=ssh ruser= rhost=143.110.148.132  user=root
Mar  5 22:31:10 esisa sshd[15643]: Failed password for root from 219.250.138.170 port 40910 ssh2
Mar  5 22:31:10 esisa sshd[15643]: Connection closed by 219.250.138.170 port 40910 [preauth]
Mar  5 22:31:11 esisa sshd[15645]: Failed password for root from 143.110.148.132 port 34960 ssh2
Mar  5 22:31:11 esisa sshd[15645]: Received disconnect from 143.110.148.132 port 34960:11: Bye Bye [preauth]
Mar  5 22:31:11 esisa sshd[15645]: Disconnected from 143.110.148.132 port 34960 [preauth]
Mar  5 22:31:12 esisa sshd[15647]: pam_unix(sshd:auth): authentication failure; logname= uid=0 euid=0 tty=ssh ruser= rhost=219.250.138.170  user=root
Mar  5 22:31:13 esisa sshd[15647]: Failed password for root from 219.250.138.170 port 40914 ssh2
Mar  5 22:31:15 esisa sshd[15647]: Connection closed by 219.250.138.170 port 40914 [preauth]
Mar  5 22:31:15 esisa sshd[15649]: Invalid user 1234 from 45.141.84.10 port 30733
Mar  5 22:31:15 esisa sshd[15649]: input_userauth_request: invalid user 1234 [preauth]
Mar  5 22:31:15 esisa sshd[15649]: pam_unix(sshd:auth): check pass; user unknown
Mar  5 22:31:15 esisa sshd[15649]: pam_unix(sshd:auth): authentication failure; logname= uid=0 euid=0 tty=ssh ruser= rhost=45.141.84.10
Mar  5 22:31:16 esisa sshd[15653]: pam_unix(sshd:auth): authentication failure; logname= uid=0 euid=0 tty=ssh ruser= rhost=219.250.138.170  user=root
Mar  5 22:31:17 esisa sshd[15649]: Failed password for invalid user 1234 from 45.141.84.10 port 30733 ssh2
Mar  5 22:31:17 esisa sshd[15649]: pam_unix(sshd:auth): check pass; user unknown
Mar  5 22:31:18 esisa sshd[15651]: Address 204.44.94.16 maps to 204.44.94.16.static.quadranet.com, but this does not map back to the address - POSSIBLE BREAK-IN ATTEMPT!
Mar  5 22:31:18 esisa sshd[15651]: pam_unix(sshd:auth): authentication failure; logname= uid=0 euid=0 tty=ssh ruser= rhost=204.44.94.16  user=root
Mar  5 22:31:18 esisa sshd[15653]: Failed password for root from 219.250.138.170 port 40916 ssh2
Mar  5 22:31:19 esisa sshd[15649]: Failed password for invalid user 1234 from 45.141.84.10 port 30733 ssh2
Mar  5 22:31:19 esisa sshd[15653]: Connection closed by 219.250.138.170 port 40916 [preauth]
Mar  5 22:31:20 esisa sshd[15649]: pam_unix(sshd:auth): check pass; user unknown
Mar  5 22:31:20 esisa sshd[15651]: Failed password for root from 204.44.94.16 port 34102 ssh2
Mar  5 22:31:20 esisa sshd[15651]: Received disconnect from 204.44.94.16 port 34102:11: Bye Bye [preauth]
Mar  5 22:31:20 esisa sshd[15651]: Disconnected from 204.44.94.16 port 34102 [preauth]
Mar  5 22:31:21 esisa sshd[15655]: pam_unix(sshd:auth): authentication failure; logname= uid=0 euid=0 tty=ssh ruser= rhost=219.250.138.170  user=root
Mar  5 22:31:22 esisa sshd[15649]: Failed password for invalid user 1234 from 45.141.84.10 port 30733 ssh2
Mar  5 22:31:22 esisa sshd[15649]: pam_unix(sshd:auth): check pass; user unknown
Mar  5 22:31:23 esisa sshd[15655]: Failed password for root from 219.250.138.170 port 40920 ssh2
Mar  5 22:31:23 esisa sshd[15655]: Connection closed by 219.250.138.170 port 40920 [preauth]
Mar  5 22:31:24 esisa sshd[15649]: Failed password for invalid user 1234 from 45.141.84.10 port 30733 ssh2
Mar  5 22:31:24 esisa sshd[15649]: pam_unix(sshd:auth): check pass; user unknown
Mar  5 22:31:25 esisa sshd[15657]: pam_unix(sshd:auth): authentication failure; logname= uid=0 euid=0 tty=ssh ruser= rhost=219.250.138.170  user=root
Mar  5 22:31:26 esisa sshd[15649]: Failed password for invalid user 1234 from 45.141.84.10 port 30733 ssh2
Mar  5 22:31:27 esisa sshd[15657]: Failed password for root from 219.250.138.170 port 40924 ssh2
Mar  5 22:31:27 esisa sshd[15657]: Connection closed by 219.250.138.170 port 40924 [preauth]
Mar  5 22:31:27 esisa sshd[15649]: pam_unix(sshd:auth): check pass; user unknown
Mar  5 22:31:29 esisa sshd[15659]: pam_unix(sshd:auth): authentication failure; logname= uid=0 euid=0 tty=ssh ruser= rhost=219.250.138.170  user=root
Mar  5 22:31:29 esisa sshd[15649]: Failed password for invalid user 1234 from 45.141.84.10 port 30733 ssh2
Mar  5 22:31:29 esisa sshd[15649]: error: maximum authentication attempts exceeded for invalid user 1234 from 45.141.84.10 port 30733 ssh2 [preauth]
Mar  5 22:31:29 esisa sshd[15649]: Disconnecting: Too many authentication failures [preauth]
Mar  5 22:31:29 esisa sshd[15649]: PAM 5 more authentication failures; logname= uid=0 euid=0 tty=ssh ruser= rhost=45.141.84.10
Mar  5 22:31:29 esisa sshd[15649]: PAM service(sshd) ignoring max retries; 6 > 3
Mar  5 22:31:30 esisa sshd[15659]: Failed password for root from 219.250.138.170 port 40930 ssh2
Mar  5 22:31:31 esisa sshd[15659]: Connection closed by 219.250.138.170 port 40930 [preauth]
Mar  5 22:31:31 esisa sshd[15661]: Invalid user 1234 from 45.141.84.10 port 27351
Mar  5 22:31:31 esisa sshd[15661]: input_userauth_request: invalid user 1234 [preauth]
Mar  5 22:31:31 esisa sshd[15661]: pam_unix(sshd:auth): check pass; user unknown
Mar  5 22:31:31 esisa sshd[15661]: pam_unix(sshd:auth): authentication failure; logname= uid=0 euid=0 tty=ssh ruser= rhost=45.141.84.10
Mar  5 22:31:32 esisa sshd[15663]: pam_unix(sshd:auth): authentication failure; logname= uid=0 euid=0 tty=ssh ruser= rhost=219.250.138.170  user=root
Mar  5 22:31:33 esisa sshd[15661]: Failed password for invalid user 1234 from 45.141.84.10 port 27351 ssh2
Mar  5 22:31:34 esisa sshd[15661]: pam_unix(sshd:auth): check pass; user unknown
Mar  5 22:31:34 esisa sshd[15663]: Failed password for root from 219.250.138.170 port 40938 ssh2
Mar  5 22:31:34 esisa sshd[15663]: Connection closed by 219.250.138.170 port 40938 [preauth]
Mar  5 22:31:36 esisa sshd[15661]: Failed password for invalid user 1234 from 45.141.84.10 port 27351 ssh2
Mar  5 22:31:37 esisa sshd[15665]: pam_unix(sshd:auth): authentication failure; logname= uid=0 euid=0 tty=ssh ruser= rhost=219.250.138.170  user=root
Mar  5 22:31:37 esisa sshd[15661]: pam_unix(sshd:auth): check pass; user unknown
Mar  5 22:31:39 esisa sshd[15665]: Failed password for root from 219.250.138.170 port 40942 ssh2
Mar  5 22:31:40 esisa sshd[15665]: Connection closed by 219.250.138.170 port 40942 [preauth]
Mar  5 22:31:40 esisa sshd[15661]: Failed password for invalid user 1234 from 45.141.84.10 port 27351 ssh2
Mar  5 22:31:40 esisa sshd[15661]: pam_unix(sshd:auth): check pass; user unknown
Mar  5 22:31:41 esisa sshd[15667]: pam_unix(sshd:auth): authentication failure; logname= uid=0 euid=0 tty=ssh ruser= rhost=219.250.138.170  user=root
Mar  5 22:31:42 esisa sshd[15661]: Failed password for invalid user 1234 from 45.141.84.10 port 27351 ssh2
Mar  5 22:31:42 esisa sshd[15661]: pam_unix(sshd:auth): check pass; user unknown
Mar  5 22:31:43 esisa sshd[15667]: Failed password for root from 219.250.138.170 port 40946 ssh2
Mar  5 22:31:43 esisa sshd[15667]: Connection closed by 219.250.138.170 port 40946 [preauth]
Mar  5 22:31:43 esisa sshd[15661]: Failed password for invalid user 1234 from 45.141.84.10 port 27351 ssh2
Mar  5 22:31:44 esisa sshd[15661]: pam_unix(sshd:auth): check pass; user unknown
Mar  5 22:31:45 esisa sshd[15669]: pam_unix(sshd:auth): authentication failure; logname= uid=0 euid=0 tty=ssh ruser= rhost=219.250.138.170  user=root
Mar  5 22:31:46 esisa sshd[15661]: Failed password for invalid user 1234 from 45.141.84.10 port 27351 ssh2
Mar  5 22:31:46 esisa sshd[15661]: error: maximum authentication attempts exceeded for invalid user 1234 from 45.141.84.10 port 27351 ssh2 [preauth]
Mar  5 22:31:46 esisa sshd[15661]: Disconnecting: Too many authentication failures [preauth]
Mar  5 22:31:46 esisa sshd[15661]: PAM 5 more authentication failures; logname= uid=0 euid=0 tty=ssh ruser= rhost=45.141.84.10
Mar  5 22:31:46 esisa sshd[15661]: PAM service(sshd) ignoring max retries; 6 > 3
Mar  5 22:31:46 esisa sshd[15669]: Failed password for root from 219.250.138.170 port 40950 ssh2
Mar  5 22:31:47 esisa sshd[15669]: Connection closed by 219.250.138.170 port 40950 [preauth]
Mar  5 22:31:48 esisa sshd[15673]: pam_unix(sshd:auth): authentication failure; logname= uid=0 euid=0 tty=ssh ruser= rhost=219.250.138.170  user=root
Mar  5 22:31:49 esisa sshd[15671]: Invalid user robert from 137.184.198.82 port 49866
Mar  5 22:31:49 esisa sshd[15671]: input_userauth_request: invalid user robert [preauth]
Mar  5 22:31:49 esisa sshd[15671]: pam_unix(sshd:auth): check pass; user unknown
Mar  5 22:31:49 esisa sshd[15671]: pam_unix(sshd:auth): authentication failure; logname= uid=0 euid=0 tty=ssh ruser= rhost=137.184.198.82
Mar  5 22:31:50 esisa sshd[15673]: Failed password for root from 219.250.138.170 port 40956 ssh2
Mar  5 22:31:51 esisa sshd[15671]: Failed password for invalid user robert from 137.184.198.82 port 49866 ssh2
Mar  5 22:31:51 esisa sshd[15671]: Received disconnect from 137.184.198.82 port 49866:11: Bye Bye [preauth]
Mar  5 22:31:51 esisa sshd[15671]: Disconnected from 137.184.198.82 port 49866 [preauth]
Mar  5 22:31:51 esisa sshd[15673]: Connection closed by 219.250.138.170 port 40956 [preauth]
Mar  5 22:31:51 esisa sshd[15679]: Invalid user nagios from 89.163.143.48 port 45216
Mar  5 22:31:51 esisa sshd[15679]: input_userauth_request: invalid user nagios [preauth]
Mar  5 22:31:51 esisa sshd[15679]: pam_unix(sshd:auth): check pass; user unknown
Mar  5 22:31:51 esisa sshd[15679]: pam_unix(sshd:auth): authentication failure; logname= uid=0 euid=0 tty=ssh ruser= rhost=vps2256589.fastwebserver.de
Mar  5 22:31:51 esisa sshd[15675]: Invalid user 1234 from 45.141.84.10 port 63919
Mar  5 22:31:51 esisa sshd[15675]: input_userauth_request: invalid user 1234 [preauth]
Mar  5 22:31:51 esisa sshd[15677]: Invalid user ira from 43.155.80.148 port 58068
Mar  5 22:31:51 esisa sshd[15677]: input_userauth_request: invalid user ira [preauth]
Mar  5 22:31:51 esisa sshd[15677]: pam_unix(sshd:auth): check pass; user unknown
Mar  5 22:31:51 esisa sshd[15677]: pam_unix(sshd:auth): authentication failure; logname= uid=0 euid=0 tty=ssh ruser= rhost=43.155.80.148
Mar  5 22:31:52 esisa sshd[15675]: pam_unix(sshd:auth): check pass; user unknown
Mar  5 22:31:52 esisa sshd[15675]: pam_unix(sshd:auth): authentication failure; logname= uid=0 euid=0 tty=ssh ruser= rhost=45.141.84.10
Mar  5 22:31:52 esisa sshd[15681]: pam_unix(sshd:auth): authentication failure; logname= uid=0 euid=0 tty=ssh ruser= rhost=219.250.138.170  user=root
Mar  5 22:31:53 esisa sshd[15679]: Failed password for invalid user nagios from 89.163.143.48 port 45216 ssh2
Mar  5 22:31:53 esisa sshd[15679]: Received disconnect from 89.163.143.48 port 45216:11: Bye Bye [preauth]
Mar  5 22:31:53 esisa sshd[15679]: Disconnected from 89.163.143.48 port 45216 [preauth]
Mar  5 22:31:53 esisa sshd[15677]: Failed password for invalid user ira from 43.155.80.148 port 58068 ssh2
Mar  5 22:31:54 esisa sshd[15675]: Failed password for invalid user 1234 from 45.141.84.10 port 63919 ssh2
Mar  5 22:31:54 esisa sshd[15677]: Received disconnect from 43.155.80.148 port 58068:11: Bye Bye [preauth]
Mar  5 22:31:54 esisa sshd[15677]: Disconnected from 43.155.80.148 port 58068 [preauth]
Mar  5 22:31:54 esisa sshd[15675]: pam_unix(sshd:auth): check pass; user unknown
Mar  5 22:31:54 esisa sshd[15681]: Failed password for root from 219.250.138.170 port 40962 ssh2
Mar  5 22:31:54 esisa sshd[15681]: Connection closed by 219.250.138.170 port 40962 [preauth]
Mar  5 22:31:56 esisa sshd[15675]: Failed password for invalid user 1234 from 45.141.84.10 port 63919 ssh2
Mar  5 22:31:56 esisa sshd[15683]: pam_unix(sshd:auth): authentication failure; logname= uid=0 euid=0 tty=ssh ruser= rhost=219.250.138.170  user=root
Mar  5 22:31:58 esisa sshd[15675]: pam_unix(sshd:auth): check pass; user unknown
Mar  5 22:31:58 esisa sshd[15683]: Failed password for root from 219.250.138.170 port 40968 ssh2
Mar  5 22:31:58 esisa sshd[15683]: Connection closed by 219.250.138.170 port 40968 [preauth]
Mar  5 22:31:59 esisa sshd[15675]: Failed password for invalid user 1234 from 45.141.84.10 port 63919 ssh2
Mar  5 22:32:00 esisa sshd[15685]: pam_unix(sshd:auth): authentication failure; logname= uid=0 euid=0 tty=ssh ruser= rhost=219.250.138.170  user=root
Mar  5 22:32:00 esisa sshd[15675]: pam_unix(sshd:auth): check pass; user unknown
Mar  5 22:32:02 esisa sshd[15685]: Failed password for root from 219.250.138.170 port 40976 ssh2
Mar  5 22:32:02 esisa sshd[15675]: Failed password for invalid user 1234 from 45.141.84.10 port 63919 ssh2
Mar  5 22:32:02 esisa sshd[15685]: Connection closed by 219.250.138.170 port 40976 [preauth]
Mar  5 22:32:03 esisa sshd[15675]: pam_unix(sshd:auth): check pass; user unknown
Mar  5 22:32:05 esisa sshd[15675]: Failed password for invalid user 1234 from 45.141.84.10 port 63919 ssh2
Mar  5 22:32:05 esisa sshd[15675]: pam_unix(sshd:auth): check pass; user unknown
Mar  5 22:32:06 esisa sshd[15688]: pam_unix(sshd:auth): authentication failure; logname= uid=0 euid=0 tty=ssh ruser= rhost=138.68.178.64  user=root
Mar  5 22:32:07 esisa sshd[15675]: Failed password for invalid user 1234 from 45.141.84.10 port 63919 ssh2
Mar  5 22:32:07 esisa sshd[15675]: error: maximum authentication attempts exceeded for invalid user 1234 from 45.141.84.10 port 63919 ssh2 [preauth]
Mar  5 22:32:07 esisa sshd[15675]: Disconnecting: Too many authentication failures [preauth]
Mar  5 22:32:07 esisa sshd[15675]: PAM 5 more authentication failures; logname= uid=0 euid=0 tty=ssh ruser= rhost=45.141.84.10
Mar  5 22:32:07 esisa sshd[15675]: PAM service(sshd) ignoring max retries; 6 > 3
Mar  5 22:32:07 esisa sshd[15688]: Failed password for root from 138.68.178.64 port 33214 ssh2
Mar  5 22:32:07 esisa sshd[15688]: Received disconnect from 138.68.178.64 port 33214:11: Bye Bye [preauth]
Mar  5 22:32:07 esisa sshd[15688]: Disconnected from 138.68.178.64 port 33214 [preauth]
Mar  5 22:32:10 esisa sshd[15693]: pam_unix(sshd:auth): authentication failure; logname= uid=0 euid=0 tty=ssh ruser= rhost=219.250.138.170  user=root
Mar  5 22:32:11 esisa sshd[15696]: Invalid user admin from 143.110.148.132 port 52520
Mar  5 22:32:11 esisa sshd[15696]: input_userauth_request: invalid user admin [preauth]
Mar  5 22:32:11 esisa sshd[15696]: pam_unix(sshd:auth): check pass; user unknown
Mar  5 22:32:11 esisa sshd[15696]: pam_unix(sshd:auth): authentication failure; logname= uid=0 euid=0 tty=ssh ruser= rhost=143.110.148.132
Mar  5 22:32:11 esisa sshd[15690]: Invalid user 1234 from 45.141.84.10 port 54071
Mar  5 22:32:11 esisa sshd[15690]: input_userauth_request: invalid user 1234 [preauth]
Mar  5 22:32:11 esisa sshd[15690]: pam_unix(sshd:auth): check pass; user unknown
Mar  5 22:32:11 esisa sshd[15690]: pam_unix(sshd:auth): authentication failure; logname= uid=0 euid=0 tty=ssh ruser= rhost=45.141.84.10
Mar  5 22:32:11 esisa sshd[15697]: pam_unix(sshd:auth): authentication failure; logname= uid=0 euid=0 tty=ssh ruser= rhost=167.71.234.157  user=root
Mar  5 22:32:13 esisa sshd[15696]: Failed password for invalid user admin from 143.110.148.132 port 52520 ssh2
Mar  5 22:32:13 esisa sshd[15693]: Failed password for root from 219.250.138.170 port 40986 ssh2
Mar  5 22:32:13 esisa sshd[15696]: Received disconnect from 143.110.148.132 port 52520:11: Bye Bye [preauth]
Mar  5 22:32:13 esisa sshd[15696]: Disconnected from 143.110.148.132 port 52520 [preauth]
Mar  5 22:32:13 esisa sshd[15693]: Connection closed by 219.250.138.170 port 40986 [preauth]
Mar  5 22:32:14 esisa sshd[15690]: Failed password for invalid user 1234 from 45.141.84.10 port 54071 ssh2
Mar  5 22:32:14 esisa sshd[15697]: Failed password for root from 167.71.234.157 port 48150 ssh2
Mar  5 22:32:14 esisa sshd[15692]: pam_unix(sshd:auth): authentication failure; logname= uid=0 euid=0 tty=ssh ruser= rhost=113.120.37.35  user=root
Mar  5 22:32:14 esisa sshd[15697]: Received disconnect from 167.71.234.157 port 48150:11: Bye Bye [preauth]
Mar  5 22:32:14 esisa sshd[15697]: Disconnected from 167.71.234.157 port 48150 [preauth]
Mar  5 22:32:15 esisa sshd[15700]: pam_unix(sshd:auth): authentication failure; logname= uid=0 euid=0 tty=ssh ruser= rhost=219.250.138.170  user=root
Mar  5 22:32:15 esisa sshd[15690]: pam_unix(sshd:auth): check pass; user unknown
Mar  5 22:32:15 esisa sshd[15692]: Failed password for root from 113.120.37.35 port 35220 ssh2
Mar  5 22:32:16 esisa sshd[15692]: Received disconnect from 113.120.37.35 port 35220:11: Bye Bye [preauth]
Mar  5 22:32:16 esisa sshd[15692]: Disconnected from 113.120.37.35 port 35220 [preauth]
Mar  5 22:32:16 esisa sshd[15700]: Failed password for root from 219.250.138.170 port 40990 ssh2
Mar  5 22:32:16 esisa sshd[15700]: Connection closed by 219.250.138.170 port 40990 [preauth]
Mar  5 22:32:17 esisa sshd[15690]: Failed password for invalid user 1234 from 45.141.84.10 port 54071 ssh2
Mar  5 22:32:18 esisa sshd[15690]: pam_unix(sshd:auth): check pass; user unknown
Mar  5 22:32:18 esisa sshd[15702]: pam_unix(sshd:auth): authentication failure; logname= uid=0 euid=0 tty=ssh ruser= rhost=219.250.138.170  user=root
Mar  5 22:32:20 esisa sshd[15690]: Failed password for invalid user 1234 from 45.141.84.10 port 54071 ssh2
Mar  5 22:32:20 esisa sshd[15702]: Failed password for root from 219.250.138.170 port 40992 ssh2
Mar  5 22:32:20 esisa sshd[15690]: pam_unix(sshd:auth): check pass; user unknown
